12-03 11:29:12.579 D/WFD_F   (  736): TID:907 0f:7a	5300	-76	[ESS]	HTC_Guest
12-03 11:29:12.579 D/WFD_F   (  736): TID:907 	Try Lock mScanResultCacheLock(0x4d42f93c)
12-03 11:29:12.579 D/WFD_F   (  736): TID:907 0f:7aHTC_Guest
12-03 11:29:12.579 D/WFD_F   (  736): TID:907 	Enter get
12-03 11:29:12.579 D/WFD_F   (  736): TID:907 	Leave get (takes 0 millis)
12-03 11:29:12.579 D/WFD_F   (  736): TID:907 	scanResult is existed, level = -76, ssid = HTC_Guest, flags = [ESS], frequency = 5300
12-03 11:29:12.579 D/WFD_F   (  736): TID:907 	lineBeg = 1344, lineEnd = 1392
12-03 11:29:12.579 D/WFD_F   (  736): TID:907 	lineCount = 25
12-03 11:29:12.579 D/WFD_F   (  736): TID:907 e8:71	2412	-57	[WPA2-PSK-CCMP][ESS]	
12-03 11:29:12.579 D/WFD_F   (  736): TID:907 	Try Lock mScanResultCacheLock(0x4d42f93c)
12-03 11:29:12.579 D/WFD_F   (  736): TID:907 e8:71
12-03 11:29:12.579 D/WFD_F   (  736): TID:907 	Enter get
12-03 11:29:12.579 D/WFD_F   (  736): TID:907 	Enter create
12-03 11:29:12.579 D/WFD_F   (  736): TID:907 	Leave create (takes 0 millis)
12-03 11:29:12.579 D/WFD_F   (  736): TID:907 	createdValue == NULL
12-03 11:29:12.579 D/WFD_F   (  736): TID:907 	Leave get (takes 0 millis)
12-03 11:29:12.579 D/WFD_F   (  736): TID:907 	lineBeg = 1393, lineEnd = 1473
12-03 11:29:12.579 D/WFD_F   (  736): TID:907 	lineCount = 26
12-03 11:29:12.579 D/WFD_F   (  736): TID:907 d2	2462	-68	[WPA-PSK-TKIP+CCMP][WPA2-PSK-TKIP+CCMP][ESS]	cosgpd24
12-03 11:29:12.579 D/WFD_F   (  736): TID:907 	Try Lock mScanResultCacheLock(0x4d42f93c)
12-03 11:29:12.579 D/WFD_F   (  736): TID:907 d2cosgpd24
12-03 11:29:12.579 D/WFD_F   (  736): TID:907 	Enter get
12-03 11:29:12.579 D/WFD_F   (  736): TID:907 	Leave get (takes 0 millis)
12-03 11:29:12.579 D/WFD_F   (  736): TID:907 	scanResult is existed, level = -68, ssid = cosgpd24, flags = [WPA-PSK-TKIP+CCMP][WPA2-PSK-TKIP+CCMP][ESS], frequency = 2462
12-03 11:29:12.579 D/WFD_F   (  736): TID:907 	lineBeg = 1474, lineEnd = 1563
12-03 11:29:12.579 D/WFD_F   (  736): TID:907 	lineCount = 27
12-03 11:29:12.579 D/WFD_F   (  736): TID:907 e1:66	2462	-86	[WPA-PSK-TKIP+CCMP][WPA2-PSK-TKIP+CCMP][WPS][ESS]	DLINK_Albert
12-03 11:29:12.579 D/WFD_F   (  736): TID:907 	Try Lock mScanResultCacheLock(0x4d42f93c)
12-03 11:29:12.579 D/WFD_F   (  736): TID:907 e1:66DLINK_Albert
12-03 11:29:12.579 D/WFD_F   (  736): TID:907 	Enter get
12-03 11:29:12.579 D/WFD_F   (  736): TID:907 	Leave get (takes 0 millis)
12-03 11:29:12.579 D/WFD_F   (  736): TID:907 	scanResult is existed, level = -86, ssid = DLINK_Albert, flags = [WPA-PSK-TKIP+CCMP][WPA2-PSK-TKIP+CCMP][WPS][ESS], frequency = 2462
12-03 11:29:12.579 D/WFD_F   (  736): TID:907 	lineBeg = 1564, lineEnd = 1634
12-03 11:29:12.579 D/WFD_F   (  736): TID:907 	lineCount = 28
12-03 11:29:12.579 D/WFD_F   (  736): TID:907 cc:bf:8b	2462	-69	[WPA-PSK-CCMP][WPA2-PSK-CCMP][ESS]	ttspot24
12-03 11:29:12.579 D/WFD_F   (  736): TID:907 	Try Lock mScanResultCacheLock(0x4d42f93c)
12-03 11:29:12.579 D/WFD_F   (  736): TID:907 cc:bf:8bttspot24
12-03 11:29:12.579 D/WFD_F   (  736): TID:907 	Enter get
12-03 11:29:12.579 D/WFD_F   (  736): TID:907 	Leave get (takes 0 millis)
12-03 11:29:12.579 D/WFD_F   (  736): TID:907 	scanResult is existed, level = -69, ssid = ttspot24, flags = [WPA-PSK-CCMP][WPA2-PSK-CCMP][ESS], frequency = 2462
12-03 11:29:12.579 D/WFD_F   (  736): TID:907 	lineBeg = 1635, lineEnd = 1721
12-03 11:29:12.579 D/WFD_F   (  736): TID:907 	lineCount = 29
12-03 11:29:12.579 D/WFD_F   (  736): TID:907 c1:3b:4c	2437	-77	[WPA-PSK-TKIP+CCMP][WPA2-PSK-TKIP+CCMP][ESS]	TP-LINK_C13B4C
12-03 11:29:12.579 D/WFD_F   (  736): TID:907 	Try Lock mScanResultCacheLock(0x4d42f93c)
12-03 11:29:12.579 D/WFD_F   (  736): TID:907 c1:3b:4cTP-LINK_C13B4C
12-03 11:29:12.579 D/WFD_F   (  736): TID:907 	Enter get
12-03 11:29:12.579 D/WFD_F   (  736): TID:907 	Leave get (takes 0 millis)
12-03 11:29:12.579 D/WFD_F   (  736): TID:907 	scanResult is existed, level = -77, ssid = TP-LINK_C13B4C, flags = [WPA-PSK-TKIP+CCMP][WPA2-PSK-TKIP+CCMP][ESS], frequency = 2437
12-03 11:29:12.579 D/WFD_F   (  736): TID:907 	lineBeg = 1722, lineEnd = 1770
12-03 11:29:12.579 D/WFD_F   (  736): TID:907 	lineCount = 30
12-03 11:29:12.579 D/WFD_F   (  736): TID:907 eb:99	5300	-86	[WPA2-PSK-CCMP][ESS]	
12-03 11:29:12.579 D/WFD_F   (  736): TID:907 	Try Lock mScanResultCacheLock(0x4d42f93c)
12-03 11:29:12.579 D/WFD_F   (  736): TID:907 eb:99
12-03 11:29:12.579 D/WFD_F   (  736): TID:907 	Enter get
12-03 11:29:12.579 D/WFD_F   (  736): TID:907 	Enter create
12-03 11:29:12.579 D/WFD_F   (  736): TID:907 	Leave create (takes 0 millis)
12-03 11:29:12.579 D/WFD_F   (  736): TID:907 	createdValue == NULL
12-03 11:29:12.579 D/WFD_F   (  736): TID:907 	Leave get (takes 1 millis)
12-03 11:29:12.579 D/WFD_F   (  736): TID:907 	lineBeg = 1771, lineEnd = 1831
12-03 11:29:12.579 D/WFD_F   (  736): TID:907 	lineCount = 31
12-03 11:29:12.579 D/WFD_F   (  736): TID:907 ea:60	2412	-71	[WPA2-EAP-CCMP][ESS]	HTC_Wireless
12-03 11:29:12.579 D/WFD_F   (  736): TID:907 	Try Lock mScanResultCacheLock(0x4d42f93c)
12-03 11:29:12.579 D/WFD_F   (  736): TID:907 ea:60HTC_Wireless
12-03 11:29:12.579 D/WFD_F   (  736): TID:907 	Enter get
12-03 11:29:12.579 D/WFD_F   (  736): TID:907 	Leave get (takes 0 millis)
12-03 11:29:12.579 D/WFD_F   (  736): TID:907 	scanResult is existed, level = -71, ssid = HTC_Wireless, flags = [WPA2-EAP-CCMP][ESS], frequency = 2412
12-03 11:29:12.579 D/WFD_F   (  736): TID:907 	lineBeg = 1832, lineEnd = 1913
12-03 11:29:12.579 D/WFD_F   (  736): TID:907 	lineCount = 32
12-03 11:29:12.579 D/WFD_F   (  736): TID:907 e5:3c:3e	2437	-71	[WPA-PSK-TKIP][WPA2-PSK-CCMP-preauth][WPS][ESS]	U17000
12-03 11:29:12.579 D/WFD_F   (  736): TID:907 	Try Lock mScanResultCacheLock(0x4d42f93c)
12-03 11:29:12.579 D/WFD_F   (  736): TID:907 e5:3c:3eU17000
12-03 11:29:12.579 D/WFD_F   (  736): TID:907 	Enter get
12-03 11:29:12.579 D/WFD_F   (  736): TID:907 	Leave get (takes 0 millis)
12-03 11:29:12.579 D/WFD_F   (  736): TID:907 	scanResult is existed, level = -71, ssid = U17000, flags = [WPA-PSK-TKIP][WPA2-PSK-CCMP-preauth][WPS][ESS], frequency = 2437
12-03 11:29:12.579 D/WFD_F   (  736): TID:907 	lineBeg = 1914, lineEnd = 1964
12-03 11:29:12.579 D/WFD_F   (  736): TID:907 	lineCount = 33
12-03 11:29:12.579 D/WFD_F   (  736): TID:907 a1:ab:ab	2457	-79	[WEP][ESS]	Browser-Only
12-03 11:29:12.579 D/WFD_F   (  736): TID:907 	Try Lock mScanResultCacheLock(0x4d42f93c)
12-03 11:29:12.579 D/WFD_F   (  736): TID:907 a1:ab:abBrowser-Only
12-03 11:29:12.579 D/WFD_F   (  736): TID:907 	Enter get
12-03 11:29:12.579 D/WFD_F   (  736): TID:907 	Leave get (takes 0 millis)
12-03 11:29:12.579 D/WFD_F   (  736): TID:907 	scanResult is existed, level = -79, ssid = Browser-Only, flags = [WEP][ESS], frequency = 2457
12-03 11:29:12.579 D/WFD_F   (  736): TID:907 	lineBeg = 1965, lineEnd = 2024
12-03 11:29:12.579 D/WFD_F   (  736): TID:907 	lineCount = 34
12-03 11:29:12.579 D/WFD_F   (  736): TID:907 	line = 84:1b:5e:d0:df:07	5765	-86	[WPA2-PSK-CCMP][WPS][ESS]	NET-5G
12-03 11:29:12.579 D/WFD_F   (  736): TID:907 	Try Lock mScanResultCacheLock(0x4d42f93c)
12-03 11:29:12.579 D/WFD_F   (  736): TID:907 	key = 84:1b:5e:d0:df:07NET-5G
12-03 11:29:12.579 D/WFD_F   (  736): TID:907 	Enter get
12-03 11:29:12.579 D/WFD_F   (  736): TID:907 	Leave get (takes 0 millis)
12-03 11:29:12.579 D/WFD_F   (  736): TID:907 	scanResult is existed, level = -86, ssid = NET-5G, flags = [WPA2-PSK-CCMP][WPS][ESS], frequency = 5765
12-03 11:29:12.579 D/WFD_F   (  736): TID:907 	lineBeg = 2025, lineEnd = 2094
12-03 11:29:12.579 D/WFD_F   (  736): TID:907 	lineCount = 35
12-03 11:29:12.579 D/WFD_F   (  736): TID:907 cc:bf:8a	5785	-81	[WPA-PSK-CCMP][WPA2-PSK-CCMP][ESS]	ttsopt5
12-03 11:29:12.579 D/WFD_F   (  736): TID:907 	Try Lock mScanResultCacheLock(0x4d42f93c)
12-03 11:29:12.579 D/WFD_F   (  736): TID:907 cc:bf:8attsopt5
12-03 11:29:12.579 D/WFD_F   (  736): TID:907 	Enter get
12-03 11:29:12.579 D/WFD_F   (  736): TID:907 	Leave get (takes 0 millis)
12-03 11:29:12.579 D/WFD_F   (  736): TID:907 	scanResult is existed, level = -81, ssid = ttsopt5, flags = [WPA-PSK-CCMP][WPA2-PSK-CCMP][ESS], frequency = 5785
12-03 11:29:12.579 D/WFD_F   (  736): TID:907 	lineBeg = 2095, lineEnd = 2143
12-03 11:29:12.579 D/WFD_F   (  736): TID:907 	lineCount = 36
12-03 11:29:12.579 D/WFD_F   (  736): TID:907 ee:41	2412	-53	[WPA2-PSK-CCMP][ESS]	
12-03 11:29:12.579 D/WFD_F   (  736): TID:907 	Try Lock mScanResultCacheLock(0x4d42f93c)
12-03 11:29:12.579 D/WFD_F   (  736): TID:907 ee:41
12-03 11:29:12.579 D/WFD_F   (  736): TID:907 	Enter get
12-03 11:29:12.579 D/WFD_F   (  736): TID:907 	Enter create
12-03 11:29:12.579 D/WFD_F   (  736): TID:907 	Leave create (takes 0 millis)
12-03 11:29:12.579 D/WFD_F   (  736): TID:907 	createdValue == NULL
12-03 11:29:12.579 D/WFD_F   (  736): TID:907 	Leave get (takes 0 millis)
12-03 11:29:12.579 D/WFD_F   (  736): TID:907 	lineBeg = 2144, lineEnd = 2208
12-03 11:29:12.579 D/WFD_F   (  736): TID:907 	lineCount = 37
12-03 11:29:12.579 D/WFD_F   (  736): TID:907 	line = 84:c9:b2:5e:f5:86	2452	-77	[WPA2-PSK-CCMP][WPS][ESS]	U57_Media_N
12-03 11:29:12.579 D/WFD_F   (  736): TID:907 	Try Lock mScanResultCacheLock(0x4d42f93c)
12-03 11:29:12.579 D/WFD_F   (  736): TID:907 	key = 84:c9:b2:5e:f5:86U57_Media_N
12-03 11:29:12.579 D/WFD_F   (  736): TID:907 	Enter get
12-03 11:29:12.579 D/WFD_F   (  736): TID:907 	Leave get (takes 0 millis)
12-03 11:29:12.579 D/WFD_F   (  736): TID:907 	scanResult is existed, level = -77, ssid = U57_Media_N, flags = [WPA2-PSK-CCMP][WPS][ESS], frequency = 2452
12-03 11:29:12.579 D/WFD_F   (  736): TID:907 	lineBeg = 2209, lineEnd = 2257
12-03 11:29:12.579 D/WFD_F   (  736): TID:907 	lineCount = 38
12-03 11:29:12.579 D/WFD_F   (  736): TID:907 e2:41	2412	-79	[WPA2-PSK-CCMP][ESS]	
12-03 11:29:12.579 D/WFD_F   (  736): TID:907 	Try Lock mScanResultCacheLock(0x4d42f93c)
12-03 11:29:12.589 D/WFD_F   (  736): TID:907 e2:41
12-03 11:29:12.589 D/WFD_F   (  736): TID:907 	Enter get
12-03 11:29:12.589 D/WFD_F   (  736): TID:907 	Enter create
12-03 11:29:12.589 D/WFD_F   (  736): TID:907 	Leave create (takes 0 millis)
12-03 11:29:12.589 D/WFD_F   (  736): TID:907 	createdValue == NULL
12-03 11:29:12.589 D/WFD_F   (  736): TID:907 	Leave get (takes 0 millis)
12-03 11:29:12.589 D/WFD_F   (  736): TID:907 	lineBeg = 2258, lineEnd = 2306
12-03 11:29:12.589 D/WFD_F   (  736): TID:907 	lineCount = 39
12-03 11:29:12.589 D/WFD_F   (  736): TID:907 e9	5300	-83	[WPA2-PSK-CCMP][ESS]	
12-03 11:29:12.589 D/WFD_F   (  736): TID:907 	Try Lock mScanResultCacheLock(0x4d42f93c)
12-03 11:29:12.589 D/WFD_F   (  736): TID:907 e9
12-03 11:29:12.589 D/WFD_F   (  736): TID:907 	Enter get
12-03 11:29:12.589 D/WFD_F   (  736): TID:907 	Enter create
12-03 11:29:12.589 D/WFD_F   (  736): TID:907 	Leave create (takes 0 millis)
12-03 11:29:12.589 D/WFD_F   (  736): TID:907 	createdValue == NULL
12-03 11:29:12.589 D/WFD_F   (  736): TID:907 	Leave get (takes 0 millis)
12-03 11:29:12.589 D/WFD_F   (  736): TID:907 	lineBeg = 2307, lineEnd = 2355
12-03 11:29:12.589 D/WFD_F   (  736): TID:907 	lineCount = 40
12-03 11:29:12.589 D/WFD_F   (  736): TID:907 d1:f9	5300	-87	[WPA2-PSK-CCMP][ESS]	
12-03 11:29:12.589 D/WFD_F   (  736): TID:907 	Try Lock mScanResultCacheLock(0x4d42f93c)
12-03 11:29:12.589 D/WFD_F   (  736): TID:907 d1:f9
12-03 11:29:12.589 D/WFD_F   (  736): TID:907 	Enter get
12-03 11:29:12.589 D/WFD_F   (  736): TID:907 	Enter create
12-03 11:29:12.589 D/WFD_F   (  736): TID:907 	Leave create (takes 0 millis)
12-03 11:29:12.589 D/WFD_F   (  736): TID:907 	createdValue == NULL
12-03 11:29:12.589 D/WFD_F   (  736): TID:907 	Leave get (takes 0 millis)
12-03 11:29:12.589 D/WFD_F   (  736): TID:907 	lineBeg = 2356, lineEnd = 2416
12-03 11:29:12.589 D/WFD_F   (  736): TID:907 	lineCount = 41
12-03 11:29:12.589 D/WFD_F   (  736): TID:907 d1:f8	5300	-88	[WPA2-EAP-CCMP][ESS]	HTC_Wireless
12-03 11:29:12.589 D/WFD_F   (  736): TID:907 	Try Lock mScanResultCacheLock(0x4d42f93c)
12-03 11:29:12.589 D/WFD_F   (  736): TID:907 d1:f8HTC_Wireless
12-03 11:29:12.589 D/WFD_F   (  736): TID:907 	Enter get
12-03 11:29:12.589 D/WFD_F   (  736): TID:907 	Leave get (takes 1 millis)
12-03 11:29:12.589 D/WFD_F   (  736): TID:907 	scanResult is existed, level = -88, ssid = HTC_Wireless, flags = [WPA2-EAP-CCMP][ESS], frequency = 5300
12-03 11:29:12.589 D/WFD_F   (  736): TID:907 	lineBeg = 2417, lineEnd = 2463
12-03 11:29:12.589 D/WFD_F   (  736): TID:907 	lineCount = 42
12-03 11:29:12.589 D/WFD_F   (  736): TID:907 ea:b0	2412	-82	[WEP][ESS]	HTC-DLNA
12-03 11:29:12.589 D/WFD_F   (  736): TID:907 	Try Lock mScanResultCacheLock(0x4d42f93c)
12-03 11:29:12.589 D/WFD_F   (  736): TID:907 ea:b0HTC-DLNA
12-03 11:29:12.589 D/WFD_F   (  736): TID:907 	Enter get
12-03 11:29:12.589 D/WFD_F   (  736): TID:907 	Leave get (takes 0 millis)
12-03 11:29:12.589 D/WFD_F   (  736): TID:907 	scanResult is existed, level = -82, ssid = HTC-DLNA, flags = [WEP][ESS], frequency = 2412
12-03 11:29:12.589 D/WFD_F   (  736): TID:907 	lineBeg = 2464, lineEnd = 2512
12-03 11:29:12.589 D/WFD_F   (  736): TID:907 	lineCount = 43
12-03 11:29:12.589 D/WFD_F   (  736): TID:907 ea:01	2412	-80	[WPA2-PSK-CCMP][ESS]	
12-03 11:29:12.589 D/WFD_F   (  736): TID:907 	Try Lock mScanResultCacheLock(0x4d42f93c)
12-03 11:29:12.589 D/WFD_F   (  736): TID:907 ea:01
12-03 11:29:12.589 D/WFD_F   (  736): TID:907 	Enter get
12-03 11:29:12.589 D/WFD_F   (  736): TID:907 	Enter create
12-03 11:29:12.589 D/WFD_F   (  736): TID:907 	Leave create (takes 0 millis)
12-03 11:29:12.589 D/WFD_F   (  736): TID:907 	createdValue == NULL
12-03 11:29:12.589 D/WFD_F   (  736): TID:907 	Leave get (takes 0 millis)
12-03 11:29:12.589 D/WFD_F   (  736): TID:907 	lineBeg = 2513, lineEnd = 2573
12-03 11:29:12.589 D/WFD_F   (  736): TID:907 	lineCount = 44
12-03 11:29:12.589 D/WFD_F   (  736): TID:907 ea:00	2412	-81	[WPA2-EAP-CCMP][ESS]	HTC_Wireless
12-03 11:29:12.589 D/WFD_F   (  736): TID:907 	Try Lock mScanResultCacheLock(0x4d42f93c)
12-03 11:29:12.589 D/WFD_F   (  736): TID:907 ea:00HTC_Wireless
12-03 11:29:12.589 D/WFD_F   (  736): TID:907 	Enter get
12-03 11:29:12.589 D/WFD_F   (  736): TID:907 	Leave get (takes 0 millis)
12-03 11:29:12.589 D/WFD_F   (  736): TID:907 	scanResult is existed, level = -81, ssid = HTC_Wireless, flags = [WPA2-EAP-CCMP][ESS], frequency = 2412
12-03 11:29:12.589 D/WFD_F   (  736): TID:907 	lineBeg = 2574, lineEnd = 2622
12-03 11:29:12.589 D/WFD_F   (  736): TID:907 	lineCount = 45
12-03 11:29:12.589 D/WFD_F   (  736): TID:907 ea:02	2412	-82	[WPA2-PSK-CCMP][ESS]	
12-03 11:29:12.589 D/WFD_F   (  736): TID:907 	Try Lock mScanResultCacheLock(0x4d42f93c)
12-03 11:29:12.589 D/WFD_F   (  736): TID:907 ea:02
12-03 11:29:12.589 D/WFD_F   (  736): TID:907 	Enter get
12-03 11:29:12.589 D/WFD_F   (  736): TID:907 	Enter create
12-03 11:29:12.589 D/WFD_F   (  736): TID:907 	Leave create (takes 0 millis)
12-03 11:29:12.589 D/WFD_F   (  736): TID:907 	createdValue == NULL
12-03 11:29:12.589 D/WFD_F   (  736): TID:907 	Leave get (takes 0 millis)
12-03 11:29:12.589 D/WFD_F   (  736): TID:907 	lineBeg = 2623, lineEnd = 2671
12-03 11:29:12.589 D/WFD_F   (  736): TID:907 	lineCount = 46
12-03 11:29:12.589 D/WFD_F   (  736): TID:907 d1:f1	2462	-88	[WPA2-PSK-CCMP][ESS]	
12-03 11:29:12.589 D/WFD_F   (  736): TID:907 	Try Lock mScanResultCacheLock(0x4d42f93c)
12-03 11:29:12.589 D/WFD_F   (  736): TID:907 d1:f1
12-03 11:29:12.589 D/WFD_F   (  736): TID:907 	Enter get
12-03 11:29:12.589 D/WFD_F   (  736): TID:907 	Enter create
12-03 11:29:12.589 D/WFD_F   (  736): TID:907 	Leave create (takes 0 millis)
12-03 11:29:12.589 D/WFD_F   (  736): TID:907 	createdValue == NULL
12-03 11:29:12.589 D/WFD_F   (  736): TID:907 	Leave get (takes 0 millis)
12-03 11:29:12.589 D/WFD_F   (  736): TID:907 	lineBeg = 2672, lineEnd = 2718
12-03 11:29:12.589 D/WFD_F   (  736): TID:907 	lineCount = 47
12-03 11:29:12.589 D/WFD_F   (  736): TID:907 e9:e1	2412	-77	[WEP][ESS]	HTC-DLNA
12-03 11:29:12.589 D/WFD_F   (  736): TID:907 	Try Lock mScanResultCacheLock(0x4d42f93c)
12-03 11:29:12.589 D/WFD_F   (  736): TID:907 e9:e1HTC-DLNA
12-03 11:29:12.589 D/WFD_F   (  736): TID:907 	Enter get
12-03 11:29:12.589 D/WFD_F   (  736): TID:907 	Leave get (takes 0 millis)
12-03 11:29:12.589 D/WFD_F   (  736): TID:907 	scanResult is existed, level = -77, ssid = HTC-DLNA, flags = [WEP][ESS], frequency = 2412
12-03 11:29:12.589 D/WFD_F   (  736): TID:907 	lineBeg = 2719, lineEnd = 2798
12-03 11:29:12.589 D/WFD_F   (  736): TID:907 	lineCount = 48
12-03 11:29:12.589 D/WFD_F   (  736): TID:907 c2	5785	-79	[WPA-PSK-TKIP+CCMP][WPA2-PSK-TKIP+CCMP][ESS]	cosgpd5
12-03 11:29:12.589 D/WFD_F   (  736): TID:907 	Try Lock mScanResultCacheLock(0x4d42f93c)
12-03 11:29:12.589 D/WFD_F   (  736): TID:907 c2cosgpd5
12-03 11:29:12.589 D/WFD_F   (  736): TID:907 	Enter get
12-03 11:29:12.589 D/WFD_F   (  736): TID:907 	Leave get (takes 0 millis)
12-03 11:29:12.589 D/WFD_F   (  736): TID:907 	scanResult is existed, level = -79, ssid = cosgpd5, flags = [WPA-PSK-TKIP+CCMP][WPA2-PSK-TKIP+CCMP][ESS], frequency = 5785
12-03 11:29:12.589 D/WFD_F   (  736): TID:907 	lineBeg = 2799, lineEnd = 2847
12-03 11:29:12.589 D/WFD_F   (  736): TID:907 	lineCount = 49
12-03 11:29:12.589 D/WFD_F   (  736): TID:907 20	2412	-85	[WPA2-PSK-CCMP][ESS]	
12-03 11:29:12.589 D/WFD_F   (  736): TID:907 	Try Lock mScanResultCacheLock(0x4d42f93c)
12-03 11:29:12.589 D/WFD_F   (  736): TID:907 20
12-03 11:29:12.589 D/WFD_F   (  736): TID:907 	Enter get
12-03 11:29:12.589 D/WFD_F   (  736): TID:907 	Enter create
12-03 11:29:12.589 D/WFD_F   (  736): TID:907 	Leave create (takes 0 millis)
12-03 11:29:12.589 D/WFD_F   (  736): TID:907 	createdValue == NULL
12-03 11:29:12.589 D/WFD_F   (  736): TID:907 	Leave get (takes 0 millis)
12-03 11:29:12.589 D/WFD_F   (  736): TID:907 	lineBeg = 2848, lineEnd = 2906
12-03 11:29:12.589 D/WFD_F   (  736): TID:907 	lineCount = 50
12-03 11:29:12.589 D/WFD_F   (  736): TID:907 da:5f:f9	2412	-80	[WPS][WEP][ESS]	dlink_media_24g
12-03 11:29:12.589 D/WFD_F   (  736): TID:907 	Try Lock mScanResultCacheLock(0x4d42f93c)
12-03 11:29:12.589 D/WFD_F   (  736): TID:907 da:5f:f9dlink_media_24g
12-03 11:29:12.589 D/WFD_F   (  736): TID:907 	Enter get
12-03 11:29:12.589 D/WFD_F   (  736): TID:907 	Leave get (takes 0 millis)
12-03 11:29:12.589 D/WFD_F   (  736): TID:907 	scanResult is existed, level = -80, ssid = dlink_media_24g, flags = [WPS][WEP][ESS], frequency = 2412
12-03 11:29:12.589 D/WFD_F   (  736): TID:907 	lineBeg = 2907, lineEnd = 2973
12-03 11:29:12.589 D/WFD_F   (  736): TID:907 	lineCount = 51
12-03 11:29:12.589 D/WFD_F   (  736): TID:907 a6:c9:7e:56	2437	-78	[WPA2-PSK-CCMP][WPS][ESS]	u58_dlna_2.4g
12-03 11:29:12.589 D/WFD_F   (  736): TID:907 	Try Lock mScanResultCacheLock(0x4d42f93c)
12-03 11:29:12.589 D/WFD_F   (  736): TID:907 a6:c9:7e:56u58_dlna_2.4g
12-03 11:29:12.589 D/WFD_F   (  736): TID:907 	Enter get
12-03 11:29:12.589 D/WFD_F   (  736): TID:907 	Leave get (takes 0 millis)
12-03 11:29:12.589 D/WFD_F   (  736): TID:907 	scanResult is existed, level = -78, ssid = u58_dlna_2.4g, flags = [WPA2-PSK-CCMP][WPS][ESS], frequency = 2437
12-03 11:29:12.589 D/WFD_F   (  736): TID:907 	lineBeg = 2974, lineEnd = 3022
12-03 11:29:12.589 D/WFD_F   (  736): TID:907 	lineCount = 52
12-03 11:29:12.589 D/WFD_F   (  736): TID:907 01	2437	-93	[WPA2-PSK-CCMP][ESS]	
12-03 11:29:12.589 D/WFD_F   (  736): TID:907 	Try Lock mScanResultCacheLock(0x4d42f93c)
12-03 11:29:12.589 D/WFD_F   (  736): TID:907 01
12-03 11:29:12.589 D/WFD_F   (  736): TID:907 	Enter get
12-03 11:29:12.589 D/WFD_F   (  736): TID:907 	Enter create
12-03 11:29:12.589 D/WFD_F   (  736): TID:907 	Leave create (takes 0 millis)
12-03 11:29:12.589 D/WFD_F   (  736): TID:907 	createdValue == NULL
12-03 11:29:12.589 D/WFD_F   (  736): TID:907 	Leave get (takes 0 millis)
12-03 11:29:12.589 D/WFD_F   (  736): TID:907 	Try Lock mScanResultCacheLock(0x4d42f93c)
12-03 11:29:12.589 D/WFD_F   (  736): TID:907 	mScanResults size = 32
12-03 11:29:12.589 D/WFD_F   (  736): TID:907 	[NetworkSelection][ScoreAP] + Not connected...
12-03 11:29:12.589 I/wpa_supplicant( 9586): wlan0: [WFD] DONGLE[aa:26:d9:cd:02:cb][4.5-52-789-1][0xdd:23:00092d:01455201:00:01][AP_H:000000000000][AP_M:becfcc0dfb03]
12-03 11:29:12.589 D/WFD_F   (  736): TID:907 	scanResults = bssid / frequency / signal level / flags / ssid
12-03 11:29:12.589 D/WFD_F   (  736): aa:26:d9:cd:02:cb	2432	-81	[WPA2-PSK-CCMP][ESS][DONGLE-5.52.789.1-CFG-00:00:00:00:00:00-be:cf:cc:0d:fb:03-a8:26:d9:cd:02:cb][DLNA-2a900000][RSSI-99][VER-01]	Media Link HD [02CB]
12-03 11:29:12.589 D/WFD_F   (  736): TID:907 	scanResultsLen = 225
12-03 11:29:12.589 D/WFD_F   (  736): TID:907 	lineBeg = 0, lineEnd = 47
12-03 11:29:12.589 D/WFD_F   (  736): TID:907 	lineCount = 1
12-03 11:29:12.589 D/WFD_F   (  736): TID:907 	lineBeg = 48, lineEnd = 225
12-03 11:29:12.589 D/WFD_F   (  736): TID:907 	lineCount = 2
12-03 11:29:12.589 D/WFD_F   (  736): TID:907 cb][DLNA-2a900000][RSSI-99][VER-01]	Media Link HD [02CB]
12-03 11:29:12.589 D/WFD_F   (  736): TID:907 	Try Lock mScanResultCacheLock(0x4d42f93c)
12-03 11:29:12.589 D/WFD_F   (  736): TID:907 cbMedia Link HD [02CB]
12-03 11:29:12.589 D/WFD_F   (  736): TID:907 	Enter get
12-03 11:29:12.589 D/WFD_F   (  736): TID:907 	Leave get (takes 0 millis)
12-03 11:29:12.589 D/WFD_F   (  736): TID:907 cb][DLNA-2a900000][RSSI-99][VER-01], frequency = 2432
12-03 11:29:12.589 D/WFD_F   (  736): TID:907 	Try Lock mDongleScanListLock(0x4d42fa14)
12-03 11:29:12.589 D/WFD_F   (  736): TID:907 	mDongleScanList size = 1
12-03 11:29:12.589 D/WFD_F   (  736): TID:907 	send Scan Results Available Broadcast: SCAN_RESULTS_AVAILABLE_ACTION
12-03 11:29:12.599 I/ams     (  736): TID:907 	Broadcast: Intent { act=android.net.wifi.SCAN_RESULTS flg=134217728 } ordered=false, callerApp=ProcessRecord{0x515a6008 pid=736/tid=-1/ProcessName=system/uid=1000}, callerPackage=android, resolvedType=NULL, resultTo=0x0(0x0), resultCode=-1, userId=0 (from: pid=736, uid=1000)
12-03 11:29:12.599 I/ams     (  736): TID:907 	[AMS] CollectReceiverComponents: Set to newReceivers
12-03 11:29:12.599 I/ams     (  736): TID:907 	[AMS] CollectReceiverComponents finished
12-03 11:29:12.599 I/ams     (  736): TID:907 	Collect 0 receivers for (null) typed broadcast Intent { act=android.net.wifi.SCAN_RESULTS flg=134217728 } (time=0 ms)
12-03 11:29:12.599 I/ams     (  736): TID:907 	Resolve 5 registered receivers for (null) typed broadcast Intent { act=android.net.wifi.SCAN_RESULTS flg=134217728 } (time=1 ms)
12-03 11:29:12.599 I/ams     (  736): TID:907 	Enqueue non-ordered broadcast: BroadcastRecord(0x4eaa35f8) has 5 receivers for Intent { act=android.net.wifi.SCAN_RESULTS flg=134217728 }
12-03 11:29:12.599 I/ams     (  736): TID:792 	processNextBroadcast [background] from Msg: 1 broadcasts, 0 ordered broadcasts
12-03 11:29:12.599 I/ams     (  736): TID:792 	processNextBroadcast Processing parallel broadcast [background] 1 BroadcastRecord
12-03 11:29:12.599 I/ams     (  736): TID:792 	[AMS] Delivering to BroadcastFilter{0x4d6cede0 u0 ReceiverList{0x4d6ced68 736 system/1000/u0 local:0x4d6ce074}} (seq=-1): BroadcastRecord{0x4eaa35f8 u0 android.net.wifi.SCAN_RESULTS}
12-03 11:29:12.599 I/ams     (  736): TID:792 	AMS_STATUS>> SCHEDULE_REGISTER_RECEIVER: Process system (pid:736, uid: 1000), Receiver 0x4d6ce074(0x4d6ce068), Non-ordered broadcast, Intent { act=android.net.wifi.SCAN_RESULTS flg=134217728 }, resultCode=-1
12-03 11:29:12.599 I/activity_thread(  736): TID:792 	scheduleRegisteredReceiver: receiver=0x4d6ce074, Intent=Intent { act=android.net.wifi.SCAN_RESULTS flg=134217728 }, resultCode=-1, dataStr=NULL, ordered=false, sticky=false
12-03 11:29:12.599 I/ams     (  736): TID:792 	performReceive of BroadcastRecord{0x4eaa35f8 u0 android.net.wifi.SCAN_RESULTS}(0 millis)
12-03 11:29:12.599 I/ams     (  736): TID:792 	[AMS] Delivering to BroadcastFilter{0x4f4ec140 u0 ReceiverList{0x4f4ec0c8 736 system/1000/u0 local:0x5178dab4}} (seq=-1): BroadcastRecord{0x4eaa35f8 u0 android.net.wifi.SCAN_RESULTS}
12-03 11:29:12.599 I/ams     (  736): TID:792 	AMS_STATUS>> SCHEDULE_REGISTER_RECEIVER: Process system (pid:736, uid: 1000), Receiver 0x5178dab4(0x5178daa8), Non-ordered broadcast, Intent { act=android.net.wifi.SCAN_RESULTS flg=134217728 }, resultCode=-1
12-03 11:29:12.599 I/activity_thread(  736): TID:792 	scheduleRegisteredReceiver: receiver=0x5178dab4, Intent=Intent { act=android.net.wifi.SCAN_RESULTS flg=134217728 }, resultCode=-1, dataStr=NULL, ordered=false, sticky=false
12-03 11:29:12.599 I/ams     (  736): TID:792 	performReceive of BroadcastRecord{0x4eaa35f8 u0 android.net.wifi.SCAN_RESULTS}(1 millis)
12-03 11:29:12.599 I/ams     (  736): TID:792 	[AMS] Delivering to BroadcastFilter{0x4d840738 u0 ReceiverList{0x50e66150 1821 com.google.process.gapps/10246/u0 remote:0x4f66c6b8}} (seq=-1): BroadcastRecord{0x4eaa35f8 u0 android.net.wifi.SCAN_RESULTS}
12-03 11:29:12.599 I/ams     (  736): TID:792 	AMS_STATUS>> SCHEDULE_REGISTER_RECEIVER: Process com.google.process.gapps (pid:1821, uid: 10246), Receiver 0x4f66c6b8(0x4e123a38), Non-ordered broadcast, Intent { act=android.net.wifi.SCAN_RESULTS flg=134217728 }, resultCode=-1
12-03 11:29:12.599 D/WFD_F   (  736): TID:776 	Try Lock mScanResultCacheLock(0x4d42f93c)
12-03 11:29:12.599 I/WFD_F   (  736): TID:776 	size of scanList = 32
12-03 11:29:12.609 I/ams     (  736): TID:792 	performReceive of BroadcastRecord{0x4eaa35f8 u0 android.net.wifi.SCAN_RESULTS}(7 millis)
12-03 11:29:12.609 I/ams     (  736): TID:792 	[AMS] Delivering to BroadcastFilter{0x53f59690 u0 ReceiverList{0x4deb27f0 2939 com.google.process.location/10246/u0 remote:0x4ed5e478}} (seq=-1): BroadcastRecord{0x4eaa35f8 u0 android.net.wifi.SCAN_RESULTS}
12-03 11:29:12.609 I/ams     (  736): TID:792 	AMS_STATUS>> SCHEDULE_REGISTER_RECEIVER: Process com.google.process.location (pid:2939, uid: 10246), Receiver 0x4ed5e478(0x50db1ec0), Non-ordered broadcast, Intent { act=android.net.wifi.SCAN_RESULTS flg=134217728 }, resultCode=-1
12-03 11:29:12.609 D/WFD_F   (  736): TID:993 	Try Lock mScanResultCacheLock(0x4d42f93c)
12-03 11:29:12.609 I/WFD_F   (  736): TID:993 	size of scanList = 32
12-03 11:29:12.619 I/ams     (  736): TID:792 	performReceive of BroadcastRecord{0x4eaa35f8 u0 android.net.wifi.SCAN_RESULTS}(10 millis)
12-03 11:29:12.619 I/ams     (  736): TID:792 	[AMS] Delivering to BroadcastFilter{0x4ec8f798 u0 ReceiverList{0x4ee74790 3735 com.chinamobile.cmccwifi.wlanservice/10274/u0 remote:0x4f899d90}} (seq=-1): BroadcastRecord{0x4eaa35f8 u0 android.net.wifi.SCAN_RESULTS}
12-03 11:29:12.619 I/ams     (  736): TID:792 	AMS_STATUS>> SCHEDULE_REGISTER_RECEIVER: Process com.chinamobile.cmccwifi.wlanservice (pid:3735, uid: 10274), Receiver 0x4f899d90(0x4d5d5fb8), Non-ordered broadcast, Intent { act=android.net.wifi.SCAN_RESULTS flg=134217728 }, resultCode=-1
12-03 11:29:12.619 I/CMCCService( 3735): service_wifiScan_callback onScanFinish  run_state=1
12-03 11:29:12.619 I/WlanStateChangeTool( 3735): onScanFinishWork
12-03 11:29:12.619 D/WFD_F   (  736): TID:984 	Try Lock mScanResultCacheLock(0x4d42f93c)
12-03 11:29:12.619 I/WFD_F   (  736): TID:984 	size of scanList = 32
12-03 11:29:12.619 D/Notification(  736): TID:994 	Enter onTransact
12-03 11:29:12.619 D/Notification(  736): TID:994 	TRANSACTION_CANCEL_NOTIFICATION_WITH_TAG
12-03 11:29:12.619 D/NotificationService(  736): TID:994 	Enter cancelNotificationWithTag
12-03 11:29:12.619 D/NotificationService(  736): TID:994 	Enter checkIncomingCall
12-03 11:29:12.619 D/NotificationService(  736): TID:994 	Leave checkIncomingCall (takes 0 millis)
12-03 11:29:12.619 D/NotificationService(  736): TID:994 	Enter cancelNotification
12-03 11:29:12.619 D/NotificationService(  736): TID:994 	(pkg, tag, id) = (com.chinamobile.cmccwifi, , 2130837749)
12-03 11:29:12.619 D/NotificationService(  736): TID:994 	0: (pkg, tag, id) = (FMRadioService, , 2130837749)
12-03 11:29:12.619 D/NotificationService(  736): TID:994 	1: (pkg, tag, id) = (Music, , 2130837749)
12-03 11:29:12.619 D/NotificationService(  736): TID:994 	2: (pkg, tag, id) = (com.htc.usertrialfeedback, , 2130837749)
12-03 11:29:12.619 D/NotificationService(  736): TID:994 	3: (pkg, tag, id) = (com.htc.android.ssdtest, , 2130837749)
12-03 11:29:12.619 D/NotificationService(  736): TID:994 	4: (pkg, tag, id) = (com.htc.usertrialfeedback, , 2130837749)
12-03 11:29:12.619 D/NotificationService(  736): TID:994 	5: (pkg, tag, id) = (com.google.android.gm, , 2130837749)
12-03 11:29:12.619 D/NotificationService(  736): TID:994 	6: (pkg, tag, id) = (com.android.vending, , 2130837749)
12-03 11:29:12.619 D/NotificationService(  736): TID:994 	7: (pkg, tag, id) = (android, , 2130837749)
12-03 11:29:12.619 D/NotificationService(  736): TID:994 	8: (pkg, tag, id) = (android, , 2130837749)
12-03 11:29:12.619 D/NotificationService(  736): TID:994 	9: (pkg, tag, id) = (android, , 2130837749)
12-03 11:29:12.619 D/NotificationService(  736): TID:994 	10: (pkg, tag, id) = (gaia.providers.gaiamedia, , 2130837749)
12-03 11:29:12.619 D/NotificationService(  736): TID:994 	Enter indexOfNotificationLocked
12-03 11:29:12.619 D/NotificationService(  736): TID:994 	Leave indexOfNotificationLocked (takes 0 millis)
12-03 11:29:12.619 D/NotificationService(  736): TID:994 	(index) = (-1)
12-03 11:29:12.619 D/NotificationService(  736): TID:994 	Leave cancelNotification (takes 0 millis)
12-03 11:29:12.619 D/NotificationService(  736): TID:994 	Leave cancelNotificationWithTag (takes 0 millis)
12-03 11:29:12.619 D/Notification(  736): TID:994 	Leave onTransact (takes 0 millis)
12-03 11:29:12.619 I/ams     (  736): TID:792 	performReceive of BroadcastRecord{0x4eaa35f8 u0 android.net.wifi.SCAN_RESULTS}(6 millis)
12-03 11:29:12.619 I/ams     (  736): TID:792 	No more ordered Broadcasts pending, so all done!
12-03 11:29:12.619 I/looper_mq(  736): TID:792 	removeMessages what=5
12-03 11:29:12.619 I/activity_thread(  736): TID:792 	[LIFESTAT] onReceive: 0x4d2af240 (Component gaia::RegisterBroadcastReceiver)
12-03 11:29:12.619 D/WFD_F   (  736): TID:792 	Try Lock mScanResultCacheLock(0x4d42f93c)
12-03 11:29:12.619 I/WFD_F   (  736): TID:792 	size of scanList = 32
12-03 11:29:12.619 I/WFD_F   (  736): TID:792 	WifiService setNotificationVisible visible = 1, mLowSignal = 0, mLowSignalNWs = 2
12-03 11:29:12.619 D/WFD_F   (  736): TID:792 	WifiService setNotificationVisible: Not enough time has passed to show the notification again
12-03 11:29:12.619 I/activity_thread(  736): TID:792 	[LIFESTAT] onReceive: 0x4d2af240 (Finish take 1 ms)
12-03 11:29:12.619 I/activity_thread(  736): TID:792 	[LIFESTAT] onReceive: 0x4ecd82b0 (Component gaia::WifiScanResultReceiver)
12-03 11:29:12.619 D/medialink(  736): TID:792 	Receive Wifi scan results available intent.
12-03 11:29:12.619 I/medialink(  736): TID:939 	HANDLE_WIFI_SCAN_RESULT_AVAILABLE, dongle scan = 0
12-03 11:29:12.619 I/medialink(  736): TID:939 	constructDongleInfoFromWifi() dongleScan = False
12-03 11:29:12.619 D/medialink(  736): TID:939 	constructDongleInfoFromWifi() mWifiManager = 0x56a06f30
12-03 11:29:12.619 I/WFD_F   (  736): TID:939 	WifiManager:: getDongleScanList +
12-03 11:29:12.619 D/WFD_F   (  736): TID:939 	Try Lock mDongleScanListLock(0x4d42fa14)
12-03 11:29:12.619 I/WFD_F   (  736): TID:939 	size of dongleScanList = 1
12-03 11:29:12.619 I/Connectivity(  736): TID:939 	ConnectivityService::getActiveNetworkInfo
12-03 11:29:12.619 I/Connectivity(  736): TID:939 	[NetInfoIssue] call getActiveNetworkInfo mActiveDefaultNetwork = -1, uid = 1000
12-03 11:29:12.619 D/medialink(  736): TID:939 	results->size = 1
12-03 11:29:12.619 D/medialink(  736): TID:939 cb][DLNA-2a900000][RSSI-99][VER-01], level: -81, frequency: 2432
12-03 11:29:12.619 D/medialink(  736): TID:939 cb
12-03 11:29:12.629 D/medialink(  736): TID:939 cb][DLNA-2a900000][RSSI-99][VER-01], level: -81, frequency: 2432
12-03 11:29:12.629 D/medialink(  736): TID:939 cb
12-03 11:29:12.629 D/medialink(  736): TID:939 cb
12-03 11:29:12.629 D/medialink(  736): TID:939 	dongle = null
12-03 11:29:12.629 D/medialink(  736): TID:939 cb, state = 2
12-03 11:29:12.629 D/medialink(  736): , isDiscoveredByWivu = false, isConnectable = false, version = 5.52.789.1, 
12-03 11:29:12.629 D/medialink(  736): , ip address = , sta bssid = a8:26:d9:cd:02:cb, current aph = 00:00:00:00:00:00, paired apm = be:cf:cc:0d:fb:03, capabilities = 714080256, rssi = 99, lockType = 2, wifiQuality = 0}
12-03 11:29:12.629 D/medialink(  736): TID:939 	Sending intent: MIRROR_DISPLAY_DONGLE_AVAILABLE_ACTION
12-03 11:29:12.629 I/ams     (  736): TID:939 	Broadcast: Intent { act=com.cos.MIRROR_DISPLAY_DONGLE_AVAILABLE flg=134217728 } ordered=false, callerApp=ProcessRecord{0x515a6008 pid=736/tid=-1/ProcessName=system/uid=1000}, callerPackage=android, resolvedType=NULL, resultTo=0x0(0x0), resultCode=-1, userId=0 (from: pid=736, uid=1000)
12-03 11:29:12.629 I/ams     (  736): TID:939 	[AMS] CollectReceiverComponents: Set to newReceivers
12-03 11:29:12.629 I/ams     (  736): TID:939 	[AMS] CollectReceiverComponents finished
12-03 11:29:12.629 I/ams     (  736): TID:939 	Collect 0 receivers for (null) typed broadcast Intent { act=com.cos.MIRROR_DISPLAY_DONGLE_AVAILABLE flg=134217728 } (time=0 ms)
12-03 11:29:12.629 I/ams     (  736): TID:939 	Resolve 0 registered receivers for (null) typed broadcast Intent { act=com.cos.MIRROR_DISPLAY_DONGLE_AVAILABLE flg=134217728 } (time=0 ms)
12-03 11:29:12.629 I/medialink(  736): TID:939 	mUpdateNotifiation = True
12-03 11:29:12.629 I/medialink(  736): TID:939 	getDiscoveryDongleList
12-03 11:29:12.629 D/medialink(  736): TID:939 cb
12-03 11:29:12.629 D/NotificationService(  736): TID:939 	Enter cancelNotificationWithTag
12-03 11:29:12.629 D/NotificationService(  736): TID:939 	Enter checkIncomingCall
12-03 11:29:12.629 D/NotificationService(  736): TID:939 	Leave checkIncomingCall (takes 0 millis)
12-03 11:29:12.629 D/NotificationService(  736): TID:939 	Enter cancelNotification
12-03 11:29:12.629 D/NotificationService(  736): TID:939 	(pkg, tag, id) = (android, , 34079102)
12-03 11:29:12.629 D/NotificationService(  736): TID:939 	0: (pkg, tag, id) = (FMRadioService, , 34079102)
12-03 11:29:12.629 D/NotificationService(  736): TID:939 	1: (pkg, tag, id) = (Music, , 34079102)
12-03 11:29:12.629 D/NotificationService(  736): TID:939 	2: (pkg, tag, id) = (com.htc.usertrialfeedback, , 34079102)
12-03 11:29:12.629 D/NotificationService(  736): TID:939 	3: (pkg, tag, id) = (com.htc.android.ssdtest, , 34079102)
12-03 11:29:12.629 D/NotificationService(  736): TID:939 	4: (pkg, tag, id) = (com.htc.usertrialfeedback, , 34079102)
12-03 11:29:12.629 D/NotificationService(  736): TID:939 	5: (pkg, tag, id) = (com.google.android.gm, , 34079102)
12-03 11:29:12.629 D/NotificationService(  736): TID:939 	6: (pkg, tag, id) = (com.android.vending, , 34079102)
12-03 11:29:12.629 D/NotificationService(  736): TID:939 	7: (pkg, tag, id) = (android, , 34079102)
12-03 11:29:12.629 D/NotificationService(  736): TID:939 	8: (pkg, tag, id) = (android, , 34079102)
12-03 11:29:12.629 D/NotificationService(  736): TID:939 	9: (pkg, tag, id) = (android, , 34079102)
12-03 11:29:12.629 D/NotificationService(  736): TID:939 	10: (pkg, tag, id) = (gaia.providers.gaiamedia, , 34079102)
12-03 11:29:12.629 D/NotificationService(  736): TID:939 	Enter indexOfNotificationLocked
12-03 11:29:12.629 D/NotificationService(  736): TID:939 	Leave indexOfNotificationLocked (takes 0 millis)
12-03 11:29:12.629 D/NotificationService(  736): TID:939 	(index) = (-1)
12-03 11:29:12.629 D/NotificationService(  736): TID:939 	Leave cancelNotification (takes 1 millis)
12-03 11:29:12.629 D/NotificationService(  736): TID:939 	Leave cancelNotificationWithTag (takes 1 millis)
12-03 11:29:12.639 I/activity_thread(  736): TID:792 	[LIFESTAT] onReceive: 0x4ecd82b0 (Finish take 12 ms)
12-03 11:29:12.639 I/AlarmManager(  736): TID:965 	This is com.google.android.gms set Alarm
12-03 11:29:12.639 I/AlarmManager(  736): TID:965 	This is com.google.android.gms set Alarm
12-03 11:29:12.649 I/AlarmManager(  736): TID:986 	This is com.google.android.location set Alarm
12-03 11:29:12.649 I/AlarmManager(  736): TID:986 	This is com.google.android.location set Alarm
12-03 11:29:12.649 I/ADAPTIVE( 1182): setting powersave_bias to 180
12-03 11:29:13.069 I/ADAPTIVE( 1182): setting powersave_bias to 150
12-03 11:29:13.530 D/AWOX    (12143): I 11:29:13:534|4d14bd68|IPMONITOR  Looking for changes
12-03 11:29:13.820 I/ADAPTIVE( 1182): setting powersave_bias to 180
12-03 11:29:15.161 I/ADAPTIVE( 1182): setting powersave_bias to 150
12-03 11:29:15.452 I/ADAPTIVE( 1182): setting powersave_bias to 120
12-03 11:29:15.602 I/ADAPTIVE( 1182): setting powersave_bias to 90
12-03 11:29:15.752 I/ADAPTIVE( 1182): setting powersave_bias to 60
12-03 11:29:15.902 I/ADAPTIVE( 1182): setting powersave_bias to 30
12-03 11:29:16.052 I/ADAPTIVE( 1182): setting powersave_bias to 0
12-03 11:29:16.813 I/ADAPTIVE( 1182): setting powersave_bias to 30
12-03 11:29:17.444 D/Sensors (  736): LightSensor::readEvents: Reporting mPendingEvent.light = 225.000000
12-03 11:29:17.444 I/PowerManagerService(  736): TID:827 	onSensorChanged 0
12-03 11:29:17.524 D/AWOX    (12143): I 11:29:17:539|4d14bd68|IPMONITOR  Looking for changes
12-03 11:29:17.584 D/Sensors (  736): LightSensor::readEvents: Reporting mPendingEvent.light = 320.000000
12-03 11:29:17.584 I/PowerManagerService(  736): TID:827 	onSensorChanged 0
12-03 11:29:17.714 D/Sensors (  736): LightSensor::readEvents: Reporting mPendingEvent.light = 225.000000
12-03 11:29:17.714 I/PowerManagerService(  736): TID:827 	onSensorChanged 0
12-03 11:29:17.844 D/Sensors (  736): LightSensor::readEvents: Reporting mPendingEvent.light = 160.000000
12-03 11:29:17.844 I/PowerManagerService(  736): TID:827 	onSensorChanged 0
12-03 11:29:18.104 D/Sensors (  736): LightSensor::readEvents: Reporting mPendingEvent.light = 90.000000
12-03 11:29:18.104 I/PowerManagerService(  736): TID:827 	onSensorChanged 0
12-03 11:29:18.265 D/EventHub(  736): epoll_wait takes 53852.066ms
12-03 11:29:18.265 D/InputReader(  736): get power keycode
12-03 11:29:18.265 D/InputReader(  736): Input event: eventTime = 101986984230000 device=9 type=0x0001 code=0x0074 value=0x00000001
12-03 11:29:18.265 D/InputDispatcher(  736): notifyKey - eventTime=101986984230000, deviceId=9, source=0x101, policyFlags=0x2, action=0x0, flags=0x8, keyCode=0x1a, scanCode=0x74, metaState=0x0, downTime=101986984230000
12-03 11:29:18.265 D/InputDispatcher(  736): reset DropRepeatKeyFlag: 0, 0
12-03 11:29:18.265 I/wmp_impl(  736): TID:845 	interceptKeyTq keycode=26 isScreenOn=True keyguardActive=False isInjected:False isWakeKey:True down:True canceled:False isInjected:False
12-03 11:29:18.265 I/wmp_impl(  736): TID:845 	###mIncallPowerBehavior:1 INCALL_POWER_BUTTON_BEHAVIOR_HANGUP:2###
12-03 11:29:18.265 I/ph_agent(  966): TID:2560 	execute isRinging
12-03 11:29:18.265 I/wmp_impl(  736): TID:845 	###[HWReset]isScreenOn:True hungUp:False mVolumeDownKeyTriggered:False mVolumeUpKeyTriggered:False###
12-03 11:29:18.265 I/wmp_impl(  736): TID:845 	###[HWReset]interceptPowerKeyDown handled:False###
12-03 11:29:18.265 I/wmp_impl(  736): TID:845 	###[HWReset]HARDWARE_RESET_ENABLE:True call postDelayed(mHWResetRunnable, 6000)###
12-03 11:29:18.275 D/STT:dumpstate(  478): fds #1 got EV_KEY, type = 1, code=116, value=1
12-03 11:29:18.275 D/STT:dumpstate(  478): trigger power key begin
12-03 11:29:18.425 D/InputReader(  736): get power keycode
12-03 11:29:18.425 D/InputReader(  736): Input event: eventTime = 101987140739000 device=9 type=0x0001 code=0x0074 value=0x00000000
12-03 11:29:18.425 D/InputDispatcher(  736): notifyKey - eventTime=101987140739000, deviceId=9, source=0x101, policyFlags=0x2, action=0x1, flags=0x8, keyCode=0x1a, scanCode=0x74, metaState=0x0, downTime=101986984230000
12-03 11:29:18.425 D/InputDispatcher(  736): set DropRepeatKeyFlag: 1, 101986984230000
12-03 11:29:18.425 I/wmp_impl(  736): TID:845 	interceptKeyTq keycode=26 isScreenOn=True keyguardActive=False isInjected:False isWakeKey:True down:False canceled:False isInjected:False
12-03 11:29:18.425 I/wmp_impl(  736): TID:845 	###mIncallPowerBehavior:1 INCALL_POWER_BUTTON_BEHAVIOR_HANGUP:2###
12-03 11:29:18.425 I/wmp_impl(  736): TID:845 	###[HWReset]canceled:False mPendingPowerKeyUpCanceled:False###
12-03 11:29:18.425 I/wmp_impl(  736): TID:845 	###[HWReset]interceptPowerKeyUp canceled:False mPowerKeyHandled:False###
12-03 11:29:18.425 I/wmp_impl(  736): TID:845 	###[HWReset]interceptPowerKeyUp: call mHandler->removeCallbacks(mHWResetRunnable);###
12-03 11:29:18.425 I/IntnlInptMgrSrv(  736): InputManagerService::handleInterceptActions call goToSleep
12-03 11:29:18.425 I/PowerManagerService(  736): TID:845 	setPowerState: mPowerState=0x3 newState=0x0 noChangeLights=false reason=2 force=false mProximitySensorActive=false mBootCompleted=true mUseSoftwareAutoBrightness=true
12-03 11:29:18.425 W/PowerManagerService(  736): TID:845 	mProximityWakeLockCount=0
12-03 11:29:18.425 W/PowerManagerService(  736): TID:845 	mPowerReason=2 reason=2
12-03 11:29:18.425 I/PowerManagerService(  736): TID:845 	getPreferredBrightness - mScreenBrightnessOverride=-1 mLightSensorScreenBrightness=142 mUseSoftwareAutoBrightness=1 mAutoBrightessEnabled=1
12-03 11:29:18.425 I/PowerManagerService(  736): TID:845 	animateTo: lValue=142->0, sValue=320->320, mask=2, duration=0, startTime=311519210, mInitialAnimation=0
12-03 11:29:18.425 I/PowerManagerService(  736): TID:845 	[Stability] setScreenStateLocked() on=false
12-03 11:29:18.425 I/PnPMgr  ( 1152): Write '/sys/devices/system/cpu/cpufreq/ondemand/optimal_freq' = '384000' <Rule: Screen Off>
12-03 11:29:18.425 I/PnPMgr  ( 1152): Write '/sys/devices/system/cpu/cpufreq/ondemand/sync_freq' = '384000' <Rule: Screen Off>
12-03 11:29:18.425 D/SurfaceFlinger(  234): About to give-up screen, flinger = 0x419c28e0
12-03 11:29:18.435 I/PowerManagerService(  736): TID:845 	enableLightSensorLocked enable=false mAutoBrightessEnabled=true mLightSensorEnabled=true
12-03 11:29:18.435 D/SensorService(  736): disable: connection.get() = 0x6f40c830
12-03 11:29:18.435 D/SensorService(  736): disable: get sensor name = CM36282 Light sensor
12-03 11:29:18.435 D/SensorService(  736): [Sensor] SensorDevice::activate++: handle=0x08, enabled = 0x0
12-03 11:29:18.435 W/Sensors (  736): Enabling LightSensor, mEnabled = 1, new state = 0
12-03 11:29:18.435 W/Sensors (  736): setEnable close+
12-03 11:29:18.435 W/Sensors (  736): setEnable close-
12-03 11:29:18.435 W/Sensors (  736): Enabling LightSensor end
12-03 11:29:18.435 D/SensorService(  736): noteStopSensor: uid = 0x3e8, handle = 0x8
12-03 11:29:18.435 D/SensorService(  736): SensorDevice::activate--: handle = 0x8, enabled = 0x0
12-03 11:29:18.435 D/SensorService(  736): pid=736, uid=1000
12-03 11:29:18.435 D/SensorService(  736): Active sensors:
12-03 11:29:18.435 D/SensorService(  736): BOSCH BMA250 3-axis Accelerometer (handle=0x00000004, connections=2)
12-03 11:29:18.435 I/looper_mq(  736): TID:845 	removeMessages what=0
12-03 11:29:18.435 I/PowerManagerService(  736): TID:845 	sendNotificationLocked false
12-03 11:29:18.435 I/PowerManagerService(  736): acquireWakeLock(59696f44): PARTIAL_WAKE_LOCK , tag=sleep_broadcast, flags=0x1, pid=736, uid=1000, mUserState=0x0
12-03 11:29:18.435 I/BatteryStatsImpl(  736): TID:845 	BatteryStatsImplhold partial  wakelock, name = sleep_broadcast,  pid = 736
12-03 11:29:18.435 I/PowerManagerService(  736): TID:845 	animateInternal currentValue=142 duration=0 endValue=0 startValue=142
12-03 11:29:18.435 I/looper_mq(  736): TID:845 	removeMessages what=10
12-03 11:29:18.435 I/power   (  736): TID:845 	nativeSetPowerState ScreenOn:true->false ScreenBright:true->false
12-03 11:29:18.435 D/InputDispatcher(  736): reset DropRepeatKeyFlag: 0, 0
12-03 11:29:18.435 I/PowerManagerService(  736): TID:825 	Set LcdLight brightness: 0
12-03 11:29:18.435 I/PowerManagerService(  736): TID:825 	animateInternal currentValue=0 duration=0 endValue=0 startValue=142
12-03 11:29:18.435 D/keyguard(  736): TID:827 	Enter isSecure
12-03 11:29:18.435 D/keyguardview(  737): TID:933 	Enter isSecure
12-03 11:29:18.435 D/keyguardview(  737): TID:933 	Enter isSecure
12-03 11:29:18.435 D/keyguardview(  737): TID:933 	Enter getUnlockType
12-03 11:29:18.435 I/keyguardview(  737): TID:933 	Current unlock type is Unknown
12-03 11:29:18.435 D/keyguardview(  737): TID:933 	Leave getUnlockType (takes 1 millis)
12-03 11:29:18.435 I/keyguardview(  737): TID:933 	isSecure = false
12-03 11:29:18.435 D/keyguardview(  737): TID:933 	Leave isSecure (takes 1 millis)
12-03 11:29:18.435 D/keyguardview(  737): TID:933 	Leave isSecure (takes 1 millis)
12-03 11:29:18.435 D/keyguard(  736): TID:827 	Leave isSecure (takes 1 millis)
12-03 11:29:18.435 I/wmp_impl(  736): TID:827 	###screenTurnedOff mHideLockScreen:False mDismissKeyguard:False isSecure:False why:2###
12-03 11:29:18.435 D/keyguard(  736): TID:827 	Enter onScreenTurnedOff
12-03 11:29:18.435 I/keyguard(  736): TID:827 	KeyguardService::onScreenTurnedOff
12-03 11:29:18.435 D/keyguard(  736): TID:827 	mScreenOn = false;
12-03 11:29:18.435 D/keyguard(  736): TID:827 	why=2, mShowing = false
12-03 11:29:18.435 D/statusbar(  742): TID:19147 	Enter getDashBoardStatus
12-03 11:29:18.435 D/statusbar(  742): TID:19147 	Leave getDashBoardStatus (takes 0 millis)
12-03 11:29:18.435 I/keyguard(  736): TID:827 	doKeyguardLocked
12-03 11:29:18.435 D/keyguard(  736): TID:827 	Enter doKeyguardLocked
12-03 11:29:18.435 D/keyguard(  736): TID:827 	mKeyguardViewService->isShowing() = false
12-03 11:29:18.435 D/keyguard(  736): TID:827 	provisioned = true
12-03 11:29:18.435 D/LockSettings(  736): TID:827 	Enter getLong
12-03 11:29:18.435 D/LockSettings(  737): TID:739 	BnLockSettings::onTract->TRANSACTION_GETLONG
12-03 11:29:18.435 D/lights  (  736): set_light_buttons_func: on=0 brightness=0
12-03 11:29:18.445 I/LockSettings(  737): TID:739 	key = lockscreen.disabled, default value = 0, result = 0
12-03 11:29:18.445 D/LockSettings(  736): TID:827 	Leave getLong (takes 3 millis)
12-03 11:29:18.445 D/keyguard(  736): TID:827 	doKeyguard: showing the lock screen
12-03 11:29:18.445 D/keyguard(  736): TID:827 	Enter showLocked
12-03 11:29:18.445 I/PowerManagerService(  736): acquireWakeLock(4dd62da4): PARTIAL_WAKE_LOCK , tag=show keyguard, flags=0x1, pid=736, uid=1000, mUserState=0x0
12-03 11:29:18.445 I/BatteryStatsImpl(  736): TID:827 	BatteryStatsImplhold partial  wakelock, name = show keyguard,  pid = 736
12-03 11:29:18.445 D/keyguard(  736): TID:827 	Leave showLocked (takes 0 millis)
12-03 11:29:18.445 D/keyguard(  736): TID:827 	Enter delayPasswordTimeout
12-03 11:29:18.445 I/looper_mq(  736): TID:827 	removeMessages what=14
12-03 11:29:18.445 D/keyguard(  736): TID:832 	msg->what = 2
12-03 11:29:18.445 D/keyguard(  736): TID:832 	for SHOW
12-03 11:29:18.445 D/keyguard(  736): TID:832 	Enter handleShow
12-03 11:29:18.445 D/DevicePolicyManager(  736): TID:827 	Enter getMaximumTimeToLock
12-03 11:29:18.445 D/DevicePolicyManagerService(  736): TID:827 	Enter getMaximumTimeToLock
12-03 11:29:18.445 D/DevicePolicyManagerService(  736): TID:827 	Try Lock mLock(0x5c8c2e14)
12-03 11:29:18.445 D/DevicePolicyManagerService(  736): TID:827 	Leave getMaximumTimeToLock (takes 0 millis)
12-03 11:29:18.445 D/DevicePolicyManager(  736): TID:827 	Leave getMaximumTimeToLock (takes 1 millis)
12-03 11:29:18.445 D/keyguard(  736): TID:827 	Leave delayPasswordTimeout (takes 1 millis)
12-03 11:29:18.445 D/keyguard(  736): TID:827 	Leave doKeyguardLocked (takes 5 millis)
12-03 11:29:18.445 D/keyguard(  736): TID:827 	Leave onScreenTurnedOff (takes 5 millis)
12-03 11:29:18.445 D/SensorService(  736): disable: connection.get() = 0x6f40c830
12-03 11:29:18.445 D/SensorService(  736): disable: get sensor name = BOSCH BMA250 3-axis Accelerometer
12-03 11:29:18.445 D/SensorService(  736): [Sensor] SensorDevice::activate++: handle=0x04, enabled = 0x0
12-03 11:29:18.445 D/SensorService(  736): SensorDevice::activate--: handle = 0x4, enabled = 0x0
12-03 11:29:18.445 D/SensorService(  736): pid=736, uid=1000
12-03 11:29:18.445 D/SensorService(  736): Active sensors:
12-03 11:29:18.445 D/SensorService(  736): BOSCH BMA250 3-axis Accelerometer (handle=0x00000004, connections=1)
12-03 11:29:18.445 I/looper_mq(  736): TID:827 	removeMessages what=0
12-03 11:29:18.445 D/ams     (  736): TID:827 	Enter topRunningActivityLocked
12-03 11:29:18.445 D/ams     (  736): TID:827 	Leave topRunningActivityLocked (takes 0 millis)
12-03 11:29:18.445 I/ams     (  736): TID:827 	[AMS_STATE][Power] Going to sleep now...
12-03 11:29:18.445 D/InputDispatcher(  736): setInputDispatchMode: enabled=0, frozen=0
12-03 11:29:18.445 D/keyguard(  736): TID:832 	handleShow, mSystemReady = true
12-03 11:29:18.445 D/keyguard(  736): TID:832 	Enter playSounds
12-03 11:29:18.445 I/ph_agent(  966): TID:2609 	execute isOffhook
12-03 11:29:18.445 D/keyguard(  736): TID:832 	Leave playSounds (takes 1 millis)
12-03 11:29:18.445 D/keyguardview(  737): TID:27600 	Enter show
12-03 11:29:18.445 D/keyguardview(  737): TID:740 	Enter handleMessage
12-03 11:29:18.445 D/keyguardview(  737): TID:740 	msg->what = 1
12-03 11:29:18.445 D/keyguardview(  737): TID:740 	for SHOW
12-03 11:29:18.445 D/keyguardview(  737): TID:740 	Enter handleShow
12-03 11:29:18.445 D/keyguardview(  737): TID:740 	Enter recreateChildScreen
12-03 11:29:18.445 D/keyguardview(  737): TID:740 	Enter reset
12-03 11:29:18.445 D/keyguardview(  737): TID:740 	Enter getInitialMode
12-03 11:29:18.445 D/keyguardview(  737): TID:740 	Enter isSecure
12-03 11:29:18.445 D/keyguardview(  737): TID:740 	Enter getUnlockType
12-03 11:29:18.445 I/keyguardview(  737): TID:740 	Current unlock type is Unknown
12-03 11:29:18.445 D/keyguardview(  737): TID:740 	Leave getUnlockType (takes 0 millis)
12-03 11:29:18.445 I/keyguardview(  737): TID:740 	isSecure = false
