12-03 11:28:38.762 D/WFD_F   (  736): TID:907 ea:00	2412	-81	[WPA2-EAP-CCMP][ESS]	HTC_Wireless
12-03 11:28:38.762 D/WFD_F   (  736): TID:907 	Try Lock mScanResultCacheLock(0x4d42f93c)
12-03 11:28:38.762 D/WFD_F   (  736): TID:907 ea:00HTC_Wireless
12-03 11:28:38.762 D/WFD_F   (  736): TID:907 	Enter get
12-03 11:28:38.762 D/WFD_F   (  736): TID:907 	Enter create
12-03 11:28:38.762 D/WFD_F   (  736): TID:907 	Leave create (takes 0 millis)
12-03 11:28:38.762 D/WFD_F   (  736): TID:907 	createdValue == NULL
12-03 11:28:38.762 D/WFD_F   (  736): TID:907 	Leave get (takes 0 millis)
12-03 11:28:38.762 D/WFD_F   (  736): TID:907 ea:00
12-03 11:28:38.762 D/WFD_F   (  736): TID:907 	Enter put
12-03 11:28:38.762 D/WFD_F   (  736): TID:907 	Enter safeSizeOf
12-03 11:28:38.762 D/WFD_F   (  736): TID:907 	Enter sizeOf
12-03 11:28:38.762 D/WFD_F   (  736): TID:907 	Leave sizeOf (takes 0 millis)
12-03 11:28:38.762 D/WFD_F   (  736): TID:907 	Leave safeSizeOf (takes 0 millis)
12-03 11:28:38.762 D/WFD_F   (  736): TID:907 	Enter trimToSize
12-03 11:28:38.762 D/WFD_F   (  736): TID:907 	LruCache::trimToSize(maxSize: 80), mSize: 66
12-03 11:28:38.762 D/WFD_F   (  736): TID:907 	Leave trimToSize (takes 0 millis)
12-03 11:28:38.762 D/WFD_F   (  736): TID:907 	Leave put (takes 0 millis)
12-03 11:28:38.762 D/WFD_F   (  736): TID:907 	lineBeg = 3282, lineEnd = 3330
12-03 11:28:38.762 D/WFD_F   (  736): TID:907 	lineCount = 57
12-03 11:28:38.762 D/WFD_F   (  736): TID:907 ea:02	2412	-82	[WPA2-PSK-CCMP][ESS]	
12-03 11:28:38.762 D/WFD_F   (  736): TID:907 	Try Lock mScanResultCacheLock(0x4d42f93c)
12-03 11:28:38.762 D/WFD_F   (  736): TID:907 ea:02
12-03 11:28:38.762 D/WFD_F   (  736): TID:907 	Enter get
12-03 11:28:38.762 D/WFD_F   (  736): TID:907 	Enter create
12-03 11:28:38.762 D/WFD_F   (  736): TID:907 	Leave create (takes 0 millis)
12-03 11:28:38.762 D/WFD_F   (  736): TID:907 	createdValue == NULL
12-03 11:28:38.762 D/WFD_F   (  736): TID:907 	Leave get (takes 0 millis)
12-03 11:28:38.762 D/WFD_F   (  736): TID:907 	lineBeg = 3331, lineEnd = 3379
12-03 11:28:38.762 D/WFD_F   (  736): TID:907 	lineCount = 58
12-03 11:28:38.762 D/WFD_F   (  736): TID:907 d1:f1	2462	-88	[WPA2-PSK-CCMP][ESS]	
12-03 11:28:38.762 D/WFD_F   (  736): TID:907 	Try Lock mScanResultCacheLock(0x4d42f93c)
12-03 11:28:38.762 D/WFD_F   (  736): TID:907 d1:f1
12-03 11:28:38.762 D/WFD_F   (  736): TID:907 	Enter get
12-03 11:28:38.762 D/WFD_F   (  736): TID:907 	Enter create
12-03 11:28:38.762 D/WFD_F   (  736): TID:907 	Leave create (takes 0 millis)
12-03 11:28:38.762 D/WFD_F   (  736): TID:907 	createdValue == NULL
12-03 11:28:38.762 D/WFD_F   (  736): TID:907 	Leave get (takes 0 millis)
12-03 11:28:38.762 D/WFD_F   (  736): TID:907 	lineBeg = 3380, lineEnd = 3426
12-03 11:28:38.762 D/WFD_F   (  736): TID:907 	lineCount = 59
12-03 11:28:38.762 D/WFD_F   (  736): TID:907 e9:e1	2412	-77	[WEP][ESS]	HTC-DLNA
12-03 11:28:38.762 D/WFD_F   (  736): TID:907 	Try Lock mScanResultCacheLock(0x4d42f93c)
12-03 11:28:38.762 D/WFD_F   (  736): TID:907 e9:e1HTC-DLNA
12-03 11:28:38.762 D/WFD_F   (  736): TID:907 	Enter get
12-03 11:28:38.762 D/WFD_F   (  736): TID:907 	Leave get (takes 0 millis)
12-03 11:28:38.762 D/WFD_F   (  736): TID:907 	scanResult is existed, level = -77, ssid = HTC-DLNA, flags = [WEP][ESS], frequency = 2412
12-03 11:28:38.772 D/WFD_F   (  736): TID:907 	Try Lock mScanResultCacheLock(0x4d42f93c)
12-03 11:28:38.772 D/WFD_F   (  736): TID:907 	mScanResults size = 37
12-03 11:28:38.772 D/WFD_F   (  736): TID:907 	[NetworkSelection][ScoreAP] + Not connected...
12-03 11:28:38.772 I/wpa_supplicant( 9586): wlan0: [WFD] DONGLE[aa:26:d9:cd:02:cb][4.5-52-789-1][0xdd:23:00092d:01455201:00:01][AP_H:000000000000][AP_M:becfcc0dfb03]
12-03 11:28:38.772 D/WFD_F   (  736): TID:907 	scanResults = bssid / frequency / signal level / flags / ssid
12-03 11:28:38.772 D/WFD_F   (  736): aa:26:d9:cd:02:cb	2432	-81	[WPA2-PSK-CCMP][ESS][DONGLE-5.52.789.1-CFG-00:00:00:00:00:00-be:cf:cc:0d:fb:03-a8:26:d9:cd:02:cb][DLNA-2a900000][RSSI-99][VER-01]	Media Link HD [02CB]
12-03 11:28:38.772 D/WFD_F   (  736): TID:907 	scanResultsLen = 225
12-03 11:28:38.772 D/WFD_F   (  736): TID:907 	lineBeg = 0, lineEnd = 47
12-03 11:28:38.772 D/WFD_F   (  736): TID:907 	lineCount = 1
12-03 11:28:38.772 D/WFD_F   (  736): TID:907 	lineBeg = 48, lineEnd = 225
12-03 11:28:38.772 D/WFD_F   (  736): TID:907 	lineCount = 2
12-03 11:28:38.772 D/WFD_F   (  736): TID:907 cb][DLNA-2a900000][RSSI-99][VER-01]	Media Link HD [02CB]
12-03 11:28:38.772 D/WFD_F   (  736): TID:907 	Try Lock mScanResultCacheLock(0x4d42f93c)
12-03 11:28:38.772 D/WFD_F   (  736): TID:907 cbMedia Link HD [02CB]
12-03 11:28:38.772 D/WFD_F   (  736): TID:907 	Enter get
12-03 11:28:38.772 D/WFD_F   (  736): TID:907 	Enter create
12-03 11:28:38.772 D/WFD_F   (  736): TID:907 	Leave create (takes 0 millis)
12-03 11:28:38.772 D/WFD_F   (  736): TID:907 	createdValue == NULL
12-03 11:28:38.772 D/WFD_F   (  736): TID:907 	Leave get (takes 0 millis)
12-03 11:28:38.772 D/WFD_F   (  736): TID:907 cb
12-03 11:28:38.772 D/WFD_F   (  736): TID:907 	Enter put
12-03 11:28:38.772 D/WFD_F   (  736): TID:907 	Enter safeSizeOf
12-03 11:28:38.772 D/WFD_F   (  736): TID:907 	Enter sizeOf
12-03 11:28:38.772 D/WFD_F   (  736): TID:907 	Leave sizeOf (takes 0 millis)
12-03 11:28:38.772 D/WFD_F   (  736): TID:907 	Leave safeSizeOf (takes 0 millis)
12-03 11:28:38.772 D/WFD_F   (  736): TID:907 	Enter trimToSize
12-03 11:28:38.772 D/WFD_F   (  736): TID:907 	LruCache::trimToSize(maxSize: 80), mSize: 67
12-03 11:28:38.772 D/WFD_F   (  736): TID:907 	Leave trimToSize (takes 0 millis)
12-03 11:28:38.772 D/WFD_F   (  736): TID:907 	Leave put (takes 0 millis)
12-03 11:28:38.772 D/WFD_F   (  736): TID:907 	Try Lock mDongleScanListLock(0x4d42fa14)
12-03 11:28:38.772 D/WFD_F   (  736): TID:907 	mDongleScanList size = 1
12-03 11:28:38.772 D/WFD_F   (  736): TID:907 	send Scan Results Available Broadcast: SCAN_RESULTS_AVAILABLE_ACTION
12-03 11:28:38.772 I/ams     (  736): TID:907 	Broadcast: Intent { act=android.net.wifi.SCAN_RESULTS flg=134217728 } ordered=false, callerApp=ProcessRecord{0x515a6008 pid=736/tid=-1/ProcessName=system/uid=1000}, callerPackage=android, resolvedType=NULL, resultTo=0x0(0x0), resultCode=-1, userId=0 (from: pid=736, uid=1000)
12-03 11:28:38.772 I/ams     (  736): TID:907 	[AMS] CollectReceiverComponents: Set to newReceivers
12-03 11:28:38.772 I/ams     (  736): TID:907 	[AMS] CollectReceiverComponents finished
12-03 11:28:38.772 I/ams     (  736): TID:907 	Collect 0 receivers for (null) typed broadcast Intent { act=android.net.wifi.SCAN_RESULTS flg=134217728 } (time=0 ms)
12-03 11:28:38.772 I/ams     (  736): TID:907 	Resolve 5 registered receivers for (null) typed broadcast Intent { act=android.net.wifi.SCAN_RESULTS flg=134217728 } (time=0 ms)
12-03 11:28:38.772 I/ams     (  736): TID:907 	Enqueue non-ordered broadcast: BroadcastRecord(0x4eaa35f8) has 5 receivers for Intent { act=android.net.wifi.SCAN_RESULTS flg=134217728 }
12-03 11:28:38.772 I/ams     (  736): TID:792 	processNextBroadcast [background] from Msg: 1 broadcasts, 0 ordered broadcasts
12-03 11:28:38.772 I/ams     (  736): TID:792 	processNextBroadcast Processing parallel broadcast [background] 1 BroadcastRecord
12-03 11:28:38.772 I/ams     (  736): TID:792 	[AMS] Delivering to BroadcastFilter{0x4d6cede0 u0 ReceiverList{0x4d6ced68 736 system/1000/u0 local:0x4d6ce074}} (seq=-1): BroadcastRecord{0x4eaa35f8 u0 android.net.wifi.SCAN_RESULTS}
12-03 11:28:38.772 I/ams     (  736): TID:792 	AMS_STATUS>> SCHEDULE_REGISTER_RECEIVER: Process system (pid:736, uid: 1000), Receiver 0x4d6ce074(0x4d6ce068), Non-ordered broadcast, Intent { act=android.net.wifi.SCAN_RESULTS flg=134217728 }, resultCode=-1
12-03 11:28:38.772 I/activity_thread(  736): TID:792 	scheduleRegisteredReceiver: receiver=0x4d6ce074, Intent=Intent { act=android.net.wifi.SCAN_RESULTS flg=134217728 }, resultCode=-1, dataStr=NULL, ordered=false, sticky=false
12-03 11:28:38.772 I/ams     (  736): TID:792 	performReceive of BroadcastRecord{0x4eaa35f8 u0 android.net.wifi.SCAN_RESULTS}(1 millis)
12-03 11:28:38.772 I/ams     (  736): TID:792 	[AMS] Delivering to BroadcastFilter{0x4f4ec140 u0 ReceiverList{0x4f4ec0c8 736 system/1000/u0 local:0x5178dab4}} (seq=-1): BroadcastRecord{0x4eaa35f8 u0 android.net.wifi.SCAN_RESULTS}
12-03 11:28:38.772 I/ams     (  736): TID:792 	AMS_STATUS>> SCHEDULE_REGISTER_RECEIVER: Process system (pid:736, uid: 1000), Receiver 0x5178dab4(0x5178daa8), Non-ordered broadcast, Intent { act=android.net.wifi.SCAN_RESULTS flg=134217728 }, resultCode=-1
12-03 11:28:38.772 I/activity_thread(  736): TID:792 	scheduleRegisteredReceiver: receiver=0x5178dab4, Intent=Intent { act=android.net.wifi.SCAN_RESULTS flg=134217728 }, resultCode=-1, dataStr=NULL, ordered=false, sticky=false
12-03 11:28:38.772 I/ams     (  736): TID:792 	performReceive of BroadcastRecord{0x4eaa35f8 u0 android.net.wifi.SCAN_RESULTS}(0 millis)
12-03 11:28:38.772 I/ams     (  736): TID:792 	[AMS] Delivering to BroadcastFilter{0x4d840738 u0 ReceiverList{0x50e66150 1821 com.google.process.gapps/10246/u0 remote:0x4f66c6b8}} (seq=-1): BroadcastRecord{0x4eaa35f8 u0 android.net.wifi.SCAN_RESULTS}
12-03 11:28:38.772 I/ams     (  736): TID:792 	AMS_STATUS>> SCHEDULE_REGISTER_RECEIVER: Process com.google.process.gapps (pid:1821, uid: 10246), Receiver 0x4f66c6b8(0x4e123a38), Non-ordered broadcast, Intent { act=android.net.wifi.SCAN_RESULTS flg=134217728 }, resultCode=-1
12-03 11:28:38.772 D/WFD_F   (  736): TID:964 	Try Lock mScanResultCacheLock(0x4d42f93c)
12-03 11:28:38.772 I/WFD_F   (  736): TID:964 	size of scanList = 37
12-03 11:28:38.782 I/ams     (  736): TID:792 	performReceive of BroadcastRecord{0x4eaa35f8 u0 android.net.wifi.SCAN_RESULTS}(5 millis)
12-03 11:28:38.782 I/ams     (  736): TID:792 	[AMS] Delivering to BroadcastFilter{0x53f59690 u0 ReceiverList{0x4deb27f0 2939 com.google.process.location/10246/u0 remote:0x4ed5e478}} (seq=-1): BroadcastRecord{0x4eaa35f8 u0 android.net.wifi.SCAN_RESULTS}
12-03 11:28:38.782 I/ams     (  736): TID:792 	AMS_STATUS>> SCHEDULE_REGISTER_RECEIVER: Process com.google.process.location (pid:2939, uid: 10246), Receiver 0x4ed5e478(0x50db1ec0), Non-ordered broadcast, Intent { act=android.net.wifi.SCAN_RESULTS flg=134217728 }, resultCode=-1
12-03 11:28:38.793 D/WFD_F   (  736): TID:983 	Try Lock mScanResultCacheLock(0x4d42f93c)
12-03 11:28:38.793 I/WFD_F   (  736): TID:983 	size of scanList = 37
12-03 11:28:38.793 I/ADAPTIVE( 1182): setting powersave_bias to 60
12-03 11:28:38.793 I/ams     (  736): TID:792 	performReceive of BroadcastRecord{0x4eaa35f8 u0 android.net.wifi.SCAN_RESULTS}(15 millis)
12-03 11:28:38.793 I/ams     (  736): TID:792 	[AMS] Delivering to BroadcastFilter{0x4ec8f798 u0 ReceiverList{0x4ee74790 3735 com.chinamobile.cmccwifi.wlanservice/10274/u0 remote:0x4f899d90}} (seq=-1): BroadcastRecord{0x4eaa35f8 u0 android.net.wifi.SCAN_RESULTS}
12-03 11:28:38.793 I/ams     (  736): TID:792 	AMS_STATUS>> SCHEDULE_REGISTER_RECEIVER: Process com.chinamobile.cmccwifi.wlanservice (pid:3735, uid: 10274), Receiver 0x4f899d90(0x4d5d5fb8), Non-ordered broadcast, Intent { act=android.net.wifi.SCAN_RESULTS flg=134217728 }, resultCode=-1
12-03 11:28:38.793 I/CMCCService( 3735): service_wifiScan_callback onScanFinish  run_state=1
12-03 11:28:38.793 I/WlanStateChangeTool( 3735): onScanFinishWork
12-03 11:28:38.793 D/WFD_F   (  736): TID:776 	Try Lock mScanResultCacheLock(0x4d42f93c)
12-03 11:28:38.793 I/WFD_F   (  736): TID:776 	size of scanList = 37
12-03 11:28:38.803 D/Notification(  736): TID:993 	Enter onTransact
12-03 11:28:38.803 D/Notification(  736): TID:993 	TRANSACTION_CANCEL_NOTIFICATION_WITH_TAG
12-03 11:28:38.803 D/NotificationService(  736): TID:993 	Enter cancelNotificationWithTag
12-03 11:28:38.803 D/NotificationService(  736): TID:993 	Enter checkIncomingCall
12-03 11:28:38.803 D/NotificationService(  736): TID:993 	Leave checkIncomingCall (takes 1 millis)
12-03 11:28:38.803 D/NotificationService(  736): TID:993 	Enter cancelNotification
12-03 11:28:38.803 D/NotificationService(  736): TID:993 	(pkg, tag, id) = (com.chinamobile.cmccwifi, , 2130837749)
12-03 11:28:38.803 D/NotificationService(  736): TID:993 	0: (pkg, tag, id) = (FMRadioService, , 2130837749)
12-03 11:28:38.803 D/NotificationService(  736): TID:993 	1: (pkg, tag, id) = (Music, , 2130837749)
12-03 11:28:38.803 D/NotificationService(  736): TID:993 	2: (pkg, tag, id) = (com.htc.usertrialfeedback, , 2130837749)
12-03 11:28:38.803 D/NotificationService(  736): TID:993 	3: (pkg, tag, id) = (com.htc.android.ssdtest, , 2130837749)
12-03 11:28:38.803 D/NotificationService(  736): TID:993 	4: (pkg, tag, id) = (com.htc.usertrialfeedback, , 2130837749)
12-03 11:28:38.803 D/NotificationService(  736): TID:993 	5: (pkg, tag, id) = (com.google.android.gm, , 2130837749)
12-03 11:28:38.803 D/NotificationService(  736): TID:993 	6: (pkg, tag, id) = (com.android.vending, , 2130837749)
12-03 11:28:38.803 D/NotificationService(  736): TID:993 	7: (pkg, tag, id) = (android, , 2130837749)
12-03 11:28:38.803 D/NotificationService(  736): TID:993 	8: (pkg, tag, id) = (android, , 2130837749)
12-03 11:28:38.803 D/NotificationService(  736): TID:993 	9: (pkg, tag, id) = (android, , 2130837749)
12-03 11:28:38.803 D/NotificationService(  736): TID:993 	10: (pkg, tag, id) = (gaia.providers.gaiamedia, , 2130837749)
12-03 11:28:38.803 D/NotificationService(  736): TID:993 	Enter indexOfNotificationLocked
12-03 11:28:38.803 D/NotificationService(  736): TID:993 	Leave indexOfNotificationLocked (takes 0 millis)
12-03 11:28:38.803 D/NotificationService(  736): TID:993 	(index) = (-1)
12-03 11:28:38.803 D/NotificationService(  736): TID:993 	Leave cancelNotification (takes 0 millis)
12-03 11:28:38.803 D/NotificationService(  736): TID:993 	Leave cancelNotificationWithTag (takes 1 millis)
12-03 11:28:38.803 D/Notification(  736): TID:993 	Leave onTransact (takes 1 millis)
12-03 11:28:38.803 I/ams     (  736): TID:792 	performReceive of BroadcastRecord{0x4eaa35f8 u0 android.net.wifi.SCAN_RESULTS}(9 millis)
12-03 11:28:38.803 I/ams     (  736): TID:792 	No more ordered Broadcasts pending, so all done!
12-03 11:28:38.803 I/looper_mq(  736): TID:792 	removeMessages what=5
12-03 11:28:38.803 I/activity_thread(  736): TID:792 	[LIFESTAT] onReceive: 0x4d2af240 (Component gaia::RegisterBroadcastReceiver)
12-03 11:28:38.803 D/WFD_F   (  736): TID:792 	Try Lock mScanResultCacheLock(0x4d42f93c)
12-03 11:28:38.803 I/WFD_F   (  736): TID:792 	size of scanList = 37
12-03 11:28:38.803 I/WFD_F   (  736): TID:792 	WifiService setNotificationVisible visible = 1, mLowSignal = 0, mLowSignalNWs = 2
12-03 11:28:38.803 D/WFD_F   (  736): TID:792 	WifiService setNotificationVisible: Not enough time has passed to show the notification again
12-03 11:28:38.803 I/activity_thread(  736): TID:792 	[LIFESTAT] onReceive: 0x4d2af240 (Finish take 1 ms)
12-03 11:28:38.803 I/activity_thread(  736): TID:792 	[LIFESTAT] onReceive: 0x4ecd82b0 (Component gaia::WifiScanResultReceiver)
12-03 11:28:38.803 D/medialink(  736): TID:792 	Receive Wifi scan results available intent.
12-03 11:28:38.803 I/medialink(  736): TID:939 	HANDLE_WIFI_SCAN_RESULT_AVAILABLE, dongle scan = 0
12-03 11:28:38.803 I/medialink(  736): TID:939 	constructDongleInfoFromWifi() dongleScan = False
12-03 11:28:38.803 D/medialink(  736): TID:939 	constructDongleInfoFromWifi() mWifiManager = 0x56a06f30
12-03 11:28:38.803 I/WFD_F   (  736): TID:939 	WifiManager:: getDongleScanList +
12-03 11:28:38.803 D/WFD_F   (  736): TID:939 	Try Lock mDongleScanListLock(0x4d42fa14)
12-03 11:28:38.803 I/WFD_F   (  736): TID:939 	size of dongleScanList = 1
12-03 11:28:38.803 I/Connectivity(  736): TID:939 	ConnectivityService::getActiveNetworkInfo
12-03 11:28:38.803 I/Connectivity(  736): TID:939 	[NetInfoIssue] call getActiveNetworkInfo mActiveDefaultNetwork = -1, uid = 1000
12-03 11:28:38.803 D/medialink(  736): TID:939 	results->size = 1
12-03 11:28:38.803 D/medialink(  736): TID:939 cb][DLNA-2a900000][RSSI-99][VER-01], level: -81, frequency: 2432
12-03 11:28:38.803 D/medialink(  736): TID:939 cb][DLNA-2a900000][RSSI-99][VER-01], level: -81, frequency: 2432
12-03 11:28:38.803 D/medialink(  736): TID:939 cb
12-03 11:28:38.803 D/medialink(  736): TID:939 cb
12-03 11:28:38.803 D/medialink(  736): TID:939 	dongle = null
12-03 11:28:38.803 D/medialink(  736): TID:939 cb, state = 2
12-03 11:28:38.803 D/medialink(  736): , isDiscoveredByWivu = false, isConnectable = false, version = 5.52.789.1, 
12-03 11:28:38.803 D/medialink(  736): , ip address = , sta bssid = a8:26:d9:cd:02:cb, current aph = 00:00:00:00:00:00, paired apm = be:cf:cc:0d:fb:03, capabilities = 714080256, rssi = 99, lockType = 2, wifiQuality = 0}
12-03 11:28:38.803 D/medialink(  736): TID:939 	Sending intent: MIRROR_DISPLAY_DONGLE_AVAILABLE_ACTION
12-03 11:28:38.803 I/ams     (  736): TID:939 	Broadcast: Intent { act=com.cos.MIRROR_DISPLAY_DONGLE_AVAILABLE flg=134217728 } ordered=false, callerApp=ProcessRecord{0x515a6008 pid=736/tid=-1/ProcessName=system/uid=1000}, callerPackage=android, resolvedType=NULL, resultTo=0x0(0x0), resultCode=-1, userId=0 (from: pid=736, uid=1000)
12-03 11:28:38.803 I/ams     (  736): TID:939 	[AMS] CollectReceiverComponents: Set to newReceivers
12-03 11:28:38.803 I/ams     (  736): TID:939 	[AMS] CollectReceiverComponents finished
12-03 11:28:38.803 I/ams     (  736): TID:939 	Collect 0 receivers for (null) typed broadcast Intent { act=com.cos.MIRROR_DISPLAY_DONGLE_AVAILABLE flg=134217728 } (time=0 ms)
12-03 11:28:38.803 I/ams     (  736): TID:939 	Resolve 0 registered receivers for (null) typed broadcast Intent { act=com.cos.MIRROR_DISPLAY_DONGLE_AVAILABLE flg=134217728 } (time=0 ms)
12-03 11:28:38.803 I/medialink(  736): TID:939 	mUpdateNotifiation = True
12-03 11:28:38.803 I/medialink(  736): TID:939 	getDiscoveryDongleList
12-03 11:28:38.803 D/medialink(  736): TID:939 cb
12-03 11:28:38.803 D/NotificationService(  736): TID:939 	Enter cancelNotificationWithTag
12-03 11:28:38.803 D/NotificationService(  736): TID:939 	Enter checkIncomingCall
12-03 11:28:38.803 D/NotificationService(  736): TID:939 	Leave checkIncomingCall (takes 0 millis)
12-03 11:28:38.803 D/NotificationService(  736): TID:939 	Enter cancelNotification
12-03 11:28:38.803 D/NotificationService(  736): TID:939 	(pkg, tag, id) = (android, , 34079102)
12-03 11:28:38.803 D/NotificationService(  736): TID:939 	0: (pkg, tag, id) = (FMRadioService, , 34079102)
12-03 11:28:38.803 D/NotificationService(  736): TID:939 	1: (pkg, tag, id) = (Music, , 34079102)
12-03 11:28:38.803 D/NotificationService(  736): TID:939 	2: (pkg, tag, id) = (com.htc.usertrialfeedback, , 34079102)
12-03 11:28:38.803 D/NotificationService(  736): TID:939 	3: (pkg, tag, id) = (com.htc.android.ssdtest, , 34079102)
12-03 11:28:38.813 D/NotificationService(  736): TID:939 	4: (pkg, tag, id) = (com.htc.usertrialfeedback, , 34079102)
12-03 11:28:38.813 D/NotificationService(  736): TID:939 	5: (pkg, tag, id) = (com.google.android.gm, , 34079102)
12-03 11:28:38.813 D/NotificationService(  736): TID:939 	6: (pkg, tag, id) = (com.android.vending, , 34079102)
12-03 11:28:38.813 D/NotificationService(  736): TID:939 	7: (pkg, tag, id) = (android, , 34079102)
12-03 11:28:38.813 D/NotificationService(  736): TID:939 	8: (pkg, tag, id) = (android, , 34079102)
12-03 11:28:38.813 D/NotificationService(  736): TID:939 	9: (pkg, tag, id) = (android, , 34079102)
12-03 11:28:38.813 D/NotificationService(  736): TID:939 	10: (pkg, tag, id) = (gaia.providers.gaiamedia, , 34079102)
12-03 11:28:38.813 D/NotificationService(  736): TID:939 	Enter indexOfNotificationLocked
12-03 11:28:38.813 D/NotificationService(  736): TID:939 	Leave indexOfNotificationLocked (takes 0 millis)
12-03 11:28:38.813 D/NotificationService(  736): TID:939 	(index) = (-1)
12-03 11:28:38.813 D/NotificationService(  736): TID:939 	Leave cancelNotification (takes 1 millis)
12-03 11:28:38.813 D/NotificationService(  736): TID:939 	Leave cancelNotificationWithTag (takes 1 millis)
12-03 11:28:38.813 I/activity_thread(  736): TID:792 	[LIFESTAT] onReceive: 0x4ecd82b0 (Finish take 5 ms)
12-03 11:28:38.813 I/AlarmManager(  736): TID:985 	This is com.google.android.gms set Alarm
12-03 11:28:38.813 I/AlarmManager(  736): TID:985 	This is com.google.android.gms set Alarm
12-03 11:28:38.823 I/AlarmManager(  736): TID:984 	This is com.google.android.location set Alarm
12-03 11:28:38.823 I/AlarmManager(  736): TID:984 	This is com.google.android.location set Alarm
12-03 11:28:40.815 I/ADAPTIVE( 1182): setting powersave_bias to 90
12-03 11:28:41.265 D/STT:logctl(  478): /data/htclog/: 9481777152 bytes free. [c-][300]
12-03 11:28:41.485 D/AWOX    (12143): I 11:28:41:492|4d14bd68|IPMONITOR  Looking for changes
12-03 11:28:41.766 D/keyguard(  736): TID:832 	msg->what = 1
12-03 11:28:41.766 D/keyguard(  736): TID:832 	for TIMEOUT
12-03 11:28:41.766 D/keyguard(  736): TID:832 	Enter handleTimeout
12-03 11:28:41.766 W/PowerManagerService(  736): TID:832 	Can not get flags by lock
12-03 11:28:41.766 D/keyguard(  736): TID:832 	Leave handleTimeout (takes 1 millis)
12-03 11:28:43.818 I/ADAPTIVE( 1182): setting powersave_bias to 120
12-03 11:28:44.268 D/STT:logctl(  478): /data/htclog/: 9481785344 bytes free. [c-][300]
12-03 11:28:45.490 D/AWOX    (12143): I 11:28:45:497|4d14bd68|IPMONITOR  Looking for changes
12-03 11:28:46.801 I/ADAPTIVE( 1182): setting powersave_bias to 150
12-03 11:28:47.272 D/STT:logctl(  478): /data/htclog/: 9481785344 bytes free. [c-][300]
12-03 11:28:49.494 D/AWOX    (12143): I 11:28:49:503|4d14bd68|IPMONITOR  Looking for changes
12-03 11:28:49.814 I/ADAPTIVE( 1182): setting powersave_bias to 180
12-03 11:28:50.285 D/STT:logctl(  478): /data/htclog/: 9481781248 bytes free. [c-][300]
12-03 11:28:51.276 I/looper_mq(  736): TID:790 	removeMessages what=1
12-03 11:28:51.276 D/DeviceStorageMonitor(  736): OoO SMS Memory available. SMS_AVAILABLE_THRESHOLD == 524288
12-03 11:28:51.276 I/DeviceStorageMonitor(  736): Posting Message again
12-03 11:28:51.796 I/appwidget(  736): TID:983 	AppWidgetServiceImpl::updateAppWidgetIds
12-03 11:28:51.796 I/appwidget(  736): TID:983 	AppWidgetService::updateAppWidgetInstanceLocked for widgetId: 8, isPartialUpdate: false
12-03 11:28:51.816 I/appwidget(  989): TID:995 	AppWidgetHost::updateAppWidgetView, widgetId: 8
12-03 11:28:51.816 I/appwidget(  989): TID:995 	AppWidgetHostView::updateAppWidget for: AppWidgetProviderInfo(provider:ComponentInfo{com.mitake.easy/com.mitake.easy.appwidget.StkGroupProvider})
12-03 11:28:51.816 I/remoteviews(  989): TID:995 	RemoteViews::reapply to Matrix
12-03 11:28:51.816 I/remoteviews(  989): TID:995 	RemoteViews::performApply mActions size: 71
12-03 11:28:51.846 D/dalvikvm(28721): GC_CONCURRENT freed 1786K, 17% free 19416K/23235K, paused 17ms+3ms, total 150ms
12-03 11:28:51.846 D/dalvikvm(28721): WAIT_FOR_CONCURRENT_GC blocked 4ms
12-03 11:28:51.856 I/ADAPTIVE( 1182): setting powersave_bias to 150
12-03 11:28:51.866 I/activity_thread(  989): TID:995 	Got PackageInfo for com.mitake.easy isUptoDate /data/app/com.mitake.easy-1.apk: 
12-03 11:28:51.886 I/PnPMgr  ( 1152): Write '/sys/devices/system/cpu/cpu2/cpufreq/scaling_min_freq' = '384000' <Rule: Default>
12-03 11:28:51.886 I/app_proc(  989): packageInfo :0x58b67008, getStrongCount() :7
12-03 11:28:51.886 I/app_proc(  989): mResources :0x4cf4ebf0, getStrongCount() :113
12-03 11:28:51.886 I/app_proc(  989): container :0x4ca18ec8, getStrongCount() :2672
12-03 11:28:51.886 I/app_proc(  989): mResources :0x4cf4ebf0, getStrongCount() :113
12-03 11:28:51.886 I/appwidget(  736): TID:986 	AppWidgetServiceImpl::updateAppWidgetIds
12-03 11:28:51.886 I/appwidget(  736): TID:986 	AppWidgetService::updateAppWidgetInstanceLocked for widgetId: 8, isPartialUpdate: false
12-03 11:28:51.896 I/appwidget(  989): TID:995 	AppWidgetHost::updateAppWidgetView, widgetId: 8
12-03 11:28:51.896 I/appwidget(  989): TID:995 	AppWidgetHostView::updateAppWidget for: AppWidgetProviderInfo(provider:ComponentInfo{com.mitake.easy/com.mitake.easy.appwidget.StkGroupProvider})
12-03 11:28:51.896 I/remoteviews(  989): TID:995 	RemoteViews::reapply to Matrix
12-03 11:28:51.896 I/remoteviews(  989): TID:995 	RemoteViews::performApply mActions size: 72
12-03 11:28:51.917 I/activity_thread(  989): TID:995 	Got PackageInfo for com.mitake.easy isUptoDate /data/app/com.mitake.easy-1.apk: 
12-03 11:28:51.917 I/app_proc(  989): packageInfo :0x58b67008, getStrongCount() :7
12-03 11:28:51.917 I/app_proc(  989): mResources :0x4cf4ebf0, getStrongCount() :113
12-03 11:28:51.917 I/app_proc(  989): container :0x4ca18ec8, getStrongCount() :2672
12-03 11:28:51.917 I/app_proc(  989): mResources :0x4cf4ebf0, getStrongCount() :113
12-03 11:28:52.327 I/ADAPTIVE( 1182): setting powersave_bias to 120
12-03 11:28:52.817 I/ADAPTIVE( 1182): setting powersave_bias to 150
12-03 11:28:53.498 D/AWOX    (12143): I 11:28:53:508|4d14bd68|IPMONITOR  Looking for changes
12-03 11:28:53.708 I/wpa_supplicant( 9586): wlan0: wpa_supplicant_scan enter
12-03 11:28:53.708 I/wpa_supplicant( 9586): wlan0: wpa_supplicant_scan wpa_s->conf->ap_scan=1 , scan_req =0
12-03 11:28:53.708 I/wpa_supplicant( 9586): wpa_supplicant_trigger_scan +
12-03 11:28:55.190 D/STT:logctl(  478): /data/htclog/: 9481777152 bytes free. [c-][300]
12-03 11:28:55.620 I/wpa_supplicant( 9586): wlan0: [HTC] wpa_supplicant_event():2976- Got an original EVENT_SCAN_RESULTS
12-03 11:28:55.640 I/wpa_supplicant( 9586): Got an original EVENT_SCAN_RESULTS
12-03 11:28:55.640 I/wpa_supplicant( 9586): [HTC_Wireless] 6c:f3:7f:45:e8:78 freq=5300 qual=0 noise=0 level=-52 flags=0xb
12-03 11:28:55.640 I/wpa_supplicant( 9586): [] 6c:f3:7f:45:e8:79 freq=5300 qual=0 noise=0 level=-56 flags=0xb
12-03 11:28:55.640 I/wpa_supplicant( 9586): [HTC_Wireless] 6c:f3:7f:45:ee:48 freq=5580 qual=0 noise=0 level=-67 flags=0xb
12-03 11:28:55.640 I/wpa_supplicant( 9586): [HTC_Wireless] 24:de:c6:b2:50:08 freq=5540 qual=0 noise=0 level=-67 flags=0xb
12-03 11:28:55.640 I/wpa_supplicant( 9586): [ ] 00:24:01:cc:af:84 freq=2412 qual=0 noise=0 level=-41 flags=0xb
12-03 11:28:55.640 I/wpa_supplicant( 9586): [HTC_Wireless] 6c:f3:7f:45:ee:40 freq=2412 qual=0 noise=0 level=-51 flags=0xb
12-03 11:28:55.640 I/wpa_supplicant( 9586): [] 6c:f3:7f:45:ee:41 freq=2412 qual=0 noise=0 level=-53 flags=0xb
12-03 11:28:55.640 I/wpa_supplicant( 9586): [HTC_Wireless] 6c:f3:7f:45:e8:70 freq=2412 qual=0 noise=0 level=-55 flags=0xb
12-03 11:28:55.640 I/wpa_supplicant( 9586): [] 6c:f3:7f:45:e8:71 freq=2412 qual=0 noise=0 level=-57 flags=0xb
12-03 11:28:55.640 I/wpa_supplicant( 9586): [DAP-1522] 00:21:91:56:b6:4c freq=2462 qual=0 noise=0 level=-62 flags=0xb
12-03 11:28:55.640 I/wpa_supplicant( 9586): [cosgpd24] 00:e0:4c:81:96:d2 freq=2462 qual=0 noise=0 level=-68 flags=0xb
12-03 11:28:55.640 I/wpa_supplicant( 9586): [ttspot24] 00:d0:41:cc:bf:8b freq=2462 qual=0 noise=0 level=-69 flags=0xb
12-03 11:28:55.640 I/wpa_supplicant( 9586): [U17000] 68:7f:74:e5:3c:3e freq=2437 qual=0 noise=0 level=-71 flags=0xb
12-03 11:28:55.640 I/wpa_supplicant( 9586): [HTC_Wireless] 6c:f3:7f:45:ea:60 freq=2412 qual=0 noise=0 level=-71 flags=0xb
12-03 11:28:55.640 I/wpa_supplicant( 9586): [] 6c:f3:7f:45:ee:49 freq=5580 qual=0 noise=0 level=-68 flags=0xb
12-03 11:28:55.640 I/wpa_supplicant( 9586): [TP-LINK_C13B4C] 90:f6:52:c1:3b:4c freq=2437 qual=0 noise=0 level=-77 flags=0xb
12-03 11:28:55.640 I/wpa_supplicant( 9586): [U57_Media_N] 84:c9:b2:5e:f5:86 freq=2452 qual=0 noise=0 level=-77 flags=0xb
12-03 11:28:55.640 I/wpa_supplicant( 9586): [] 6c:f3:7f:45:e2:41 freq=2412 qual=0 noise=0 level=-79 flags=0xb
12-03 11:28:55.640 I/wpa_supplicant( 9586): [] 6c:f3:7f:45:ea:01 freq=2412 qual=0 noise=0 level=-80 flags=0xb
12-03 11:28:55.640 I/wpa_supplicant( 9586): [HTC_Wireless] 6c:f3:7f:32:0f:79 freq=5300 qual=0 noise=0 level=-76 flags=0xb
12-03 11:28:55.640 I/wpa_supplicant( 9586): [HTC_Wireless] 6c:f3:7f:45:ea:00 freq=2412 qual=0 noise=0 level=-81 flags=0xb
12-03 11:28:55.640 I/wpa_supplicant( 9586): [Media Link HD [02CB]] aa:26:d9:cd:02:cb freq=2432 qual=0 noise=0 level=-81 flags=0xb
12-03 11:28:55.640 I/wpa_supplicant( 9586): [] 6c:f3:7f:32:0f:78 freq=5300 qual=0 noise=0 level=-77 flags=0xb
12-03 11:28:55.640 I/wpa_supplicant( 9586): [] 6c:f3:7f:45:ea:02 freq=2412 qual=0 noise=0 level=-82 flags=0xb
12-03 11:28:55.640 I/wpa_supplicant( 9586): [cosgpd5] 00:e0:4c:81:96:c2 freq=5785 qual=0 noise=0 level=-79 flags=0xb
12-03 11:28:55.640 I/wpa_supplicant( 9586): [] 00:1a:1e:8d:42:20 freq=2412 qual=0 noise=0 level=-85 flags=0xb
12-03 11:28:55.640 I/wpa_supplicant( 9586): [ttsopt5] 00:d0:41:cc:bf:8a freq=5785 qual=0 noise=0 level=-81 flags=0xb
12-03 11:28:55.640 I/wpa_supplicant( 9586): [DLINK_Albert] b8:a3:86:10:e1:66 freq=2462 qual=0 noise=0 level=-86 flags=0xb
12-03 11:28:55.640 I/wpa_supplicant( 9586): [HTC_Wireless] 24:de:c6:b2:52:68 freq=5500 qual=0 noise=0 level=-82 flags=0xb
12-03 11:28:55.640 I/wpa_supplicant( 9586): [] 6c:f3:7f:32:15:e9 freq=5300 qual=0 noise=0 level=-83 flags=0xb
12-03 11:28:55.640 I/wpa_supplicant( 9586): [HTC_Wireless] 6c:f3:7f:45:ea:08 freq=5300 qual=0 noise=0 level=-83 flags=0xb
12-03 11:28:55.640 I/wpa_supplicant( 9586): [] 6c:f3:7f:45:ea:0a freq=5300 qual=0 noise=0 level=-83 flags=0xb
12-03 11:28:55.640 I/wpa_supplicant( 9586): [] 6c:f3:7f:45:ea:09 freq=5300 qual=0 noise=0 level=-83 flags=0xb
12-03 11:28:55.640 I/wpa_supplicant( 9586): [] 6c:f3:7f:45:d1:f1 freq=2462 qual=0 noise=0 level=-88 flags=0xb
12-03 11:28:55.640 I/wpa_supplicant( 9586): [HTC_Wireless] 6c:f3:7f:45:d2:e8 freq=5500 qual=0 noise=0 level=-84 flags=0xb
12-03 11:28:55.640 I/wpa_supplicant( 9586): [HTC_Wireless] 6c:f3:7f:45:eb:98 freq=5300 qual=0 noise=0 level=-85 flags=0xb
12-03 11:28:55.640 I/wpa_supplicant( 9586): [] 6c:f3:7f:45:eb:9a freq=5300 qual=0 noise=0 level=-85 flags=0xb
12-03 11:28:55.640 I/wpa_supplicant( 9586): [] 6c:f3:7f:45:eb:99 freq=5300 qual=0 noise=0 level=-86 flags=0xb
12-03 11:28:55.640 I/wpa_supplicant( 9586): [] 6c:f3:7f:32:15:ea freq=5300 qual=0 noise=0 level=-86 flags=0xb
12-03 11:28:55.640 I/wpa_supplicant( 9586): [NET-5G] 84:1b:5e:d0:df:07 freq=5765 qual=0 noise=0 level=-86 flags=0xb
12-03 11:28:55.640 I/wpa_supplicant( 9586): [] 6c:f3:7f:45:d2:e9 freq=5500 qual=0 noise=0 level=-87 flags=0xb
12-03 11:28:55.640 I/wpa_supplicant( 9586): [] 6c:f3:7f:45:d1:f9 freq=5300 qual=0 noise=0 level=-87 flags=0xb
12-03 11:28:55.640 I/wpa_supplicant( 9586): [HTC_Wireless] 6c:f3:7f:45:d1:f8 freq=5300 qual=0 noise=0 level=-88 flags=0xb
12-03 11:28:55.640 I/wpa_supplicant( 9586): [HTC-DLNA] 6c:f3:7f:45:e9:e1 freq=2412 qual=0 noise=0 level=-77 flags=0xb
12-03 11:28:55.640 I/wpa_supplicant( 9586): [Browser-Only] 00:16:01:a1:ab:ab freq=2457 qual=0 noise=0 level=-79 flags=0xb
12-03 11:28:55.640 I/wpa_supplicant( 9586): [dlink_media_24g] 34:08:04:da:5f:f9 freq=2412 qual=0 noise=0 level=-80 flags=0xb
12-03 11:28:55.640 I/wpa_supplicant( 9586): [HTC-DLNA] 6c:f3:7f:45:ea:b0 freq=2412 qual=0 noise=0 level=-82 flags=0xb
12-03 11:28:55.640 I/wpa_supplicant( 9586): [HTC-DLNA] 6c:f3:7f:45:d1:fa freq=5300 qual=0 noise=0 level=-86 flags=0xb
12-03 11:28:55.640 I/wpa_supplicant( 9586): [HTC Portable Hotspot 8F18] e8:99:c4:a9:88:f5 freq=2437 qual=0 noise=0 level=-65 flags=0xb
12-03 11:28:55.640 I/wpa_supplicant( 9586): [HTC_Guest] 6c:f3:7f:32:0f:7a freq=5300 qual=0 noise=0 level=-76 flags=0xb
12-03 11:28:55.640 I/wpa_supplicant( 9586): wpa_supplicant_pick_network+
12-03 11:28:55.640 I/wpa_supplicant( 9586): Selecting BSS from priority group 5, SSID:Hinet
12-03 11:28:55.640 I/wpa_supplicant( 9586): wlan0: Recent assoc_freq = 0 rssi = 0
12-03 11:28:55.640 I/wpa_supplicant( 9586): Selecting BSS from priority group 4, SSID:Fantasy Network
12-03 11:28:55.640 I/wpa_supplicant( 9586): wlan0: Recent assoc_freq = 0 rssi = 0
12-03 11:28:55.640 I/wpa_supplicant( 9586): Selecting BSS from priority group 3, SSID:Fami-WiFi
12-03 11:28:55.640 I/wpa_supplicant( 9586): wlan0: Recent assoc_freq = 0 rssi = 0
12-03 11:28:55.640 I/wpa_supplicant( 9586): Selecting BSS from priority group 2, SSID:CMCC
12-03 11:28:55.640 I/wpa_supplicant( 9586): wlan0: Recent assoc_freq = 0 rssi = 0
12-03 11:28:55.640 I/wpa_supplicant( 9586): wpa_disabled_ssid_list_clear - type=1
12-03 11:28:55.640 I/wpa_supplicant( 9586): No suitable network found
12-03 11:28:55.640 W/wpa_supplicant( 9586): wlan0: Not restrict scheduled scan for Not WFD CT3
12-03 11:28:55.640 D/WFD_F   (  736): TID:907 	gaia::WifiStateMachine::DisconnectedState { what=147461 when=-2 }
12-03 11:28:55.640 D/WFD_F   (  736): TID:907 	gaia::WifiStateMachine::ConnectModeState { what=147461 when=-3 }
12-03 11:28:55.640 E/wpa_supplicant( 9586): AP_SCAN: else
12-03 11:28:55.640 D/NetdConnector(  736): RCV <- {600 Iface linkstate wlan0 down}
12-03 11:28:55.640 D/NetdConnector(  736): handle callback code = 600, event = 600 Iface linkstate wlan0 down
12-03 11:28:55.650 I/Connectivity(  736): TID:865 	ckeck is wifi or NOT
12-03 11:28:55.650 I/Connectivity(  736): TID:865 	[isWifi] getHotspotEnabled: False
12-03 11:28:55.650 I/Connectivity(  736): TID:865 	iface=(wlan0)
12-03 11:28:55.650 I/Connectivity(  736): TID:865 	Usbiface=(usb0)
12-03 11:28:55.650 I/Connectivity(  736): TID:865 	ret = 1
12-03 11:28:55.650 I/Connectivity(  736): TID:865 	iface=(wlan0)
12-03 11:28:55.650 D/Connectivity(  736): TID:865 	Vpn::interfaceLinkStateChanged() interface:wlan0 up:0
12-03 11:28:55.650 I/Connectivity(  736): TID:865 	NetworkAlertObserver::interfaceLinkStateChanged()
12-03 11:28:55.650 D/WFD_F   (  736): TID:907 	gaia::WifiStateMachine::DriverStartedState { what=147461 when=-7 }
12-03 11:28:55.650 D/WFD_F   (  736): TID:907 	gaia::WifiStateMachine::SupplicantStartedState { what=147461 when=-8 }
12-03 11:28:55.650 D/WFD_F   (  736): TID:907 	scanResults = bssid / frequency / signal level / flags / ssid
12-03 11:28:55.650 D/WFD_F   (  736): 6c:f3:7f:45:e8:78	5300	-52	[WPA2-EAP-CCMP][ESS]	HTC_Wireless
12-03 11:28:55.650 D/WFD_F   (  736): 6c:f3:7f:45:e8:79	5300	-56	[WPA2-PSK-CCMP][ESS]	
12-03 11:28:55.650 D/WFD_F   (  736): 6c:f3:7f:45:ee:48	5580	-67	[WPA2-EAP-CCMP][ESS]	HTC_Wireless
12-03 11:28:55.650 D/WFD_F   (  736): 00:24:01:cc:af:84	2412	-41	[WPA2-PSK-CCMP][WPS][ESS]	 
12-03 11:28:55.650 D/WFD_F   (  736): 6c:f3:7f:45:ee:40	2412	-51	[WPA2-EAP-CCMP][ESS]	HTC_Wireless
12-03 11:28:55.650 D/WFD_F   (  736): 6c:f3:7f:45:e8:70	2412	-55	[WPA2-EAP-CCMP][ESS]	HTC_Wireless
12-03 11:28:55.650 D/WFD_F   (  736): 00:21:91:56:b6:4c	2462	-62	[WPA-PSK-TKIP+CCMP][WPA2-PSK-TKIP+CCMP][WPS][ESS]	DAP-1522
12-03 11:28:55.650 D/WFD_F   (  736): 6c:f3:7f:45:ee:49	5580	-68	[WPA2-PSK-CCMP][ESS]	
12-03 11:28:55.650 D/WFD_F   (  736): 24:de:c6:b2:50:08	5540	-67	[WPA2-EAP-CCMP][ESS]	HTC_Wireless
12-03 11:28:55.650 D/WFD_F   (  736): 6c:f3:7f:32:0f:79	5300	-76	[WPA2-EAP-CCMP][ESS]	HTC_Wireless
12-03 11:28:55.650 D/WFD_F   (  736): 6c:f3:7f:32:0f:78	5300	-77	[WPA2-PSK-CCMP][ESS]	
12-03 11:28:55.650 D/WFD_F   (  736): 6c:f3:7f:45:ea:08	5300	-83	[WPA2-EAP-CCMP][ESS]	HTC_Wireless
12-03 11:28:55.650 D/WFD_F   (  736): 6c:f3:7f:45:ea:09	5300	-83	[WPA2-PSK-CCMP][ESS]	
12-03 11:28:55.650 D/WFD_F   (  736): 6c:f3:7f:45:ea:0a	5300	-83	[WPA2-PSK-CCMP][ESS]	
12-03 11:28:55.650 D/WFD_F   (  736): 6c:f3:7f:45:eb:98	5300	-85	[WPA2-EAP-CCMP][ESS]	HTC_Wireless
12-03 11:28:55.650 D/WFD_F   (  736): 6c:f3:7f:32:15:e8	5300	-85	[WPA2-EAP
12-03 11:28:55.650 D/WFD_F   (  736): TID:907 	scanResultsLen = 3416
12-03 11:28:55.650 D/WFD_F   (  736): TID:907 	lineBeg = 0, lineEnd = 47
12-03 11:28:55.650 D/WFD_F   (  736): TID:907 	lineCount = 1
12-03 11:28:55.650 D/WFD_F   (  736): TID:907 	lineBeg = 48, lineEnd = 108
12-03 11:28:55.650 D/WFD_F   (  736): TID:907 	lineCount = 2
12-03 11:28:55.650 D/WFD_F   (  736): TID:907 e8:78	5300	-52	[WPA2-EAP-CCMP][ESS]	HTC_Wireless
12-03 11:28:55.650 D/WFD_F   (  736): TID:907 	Try Lock mScanResultCacheLock(0x4d42f93c)
12-03 11:28:55.661 D/WFD_F   (  736): TID:907 e8:78HTC_Wireless
12-03 11:28:55.661 D/WFD_F   (  736): TID:907 	Enter get
12-03 11:28:55.661 D/WFD_F   (  736): TID:907 	Leave get (takes 0 millis)
12-03 11:28:55.661 D/WFD_F   (  736): TID:907 	scanResult is existed, level = -52, ssid = HTC_Wireless, flags = [WPA2-EAP-CCMP][ESS], frequency = 5300
12-03 11:28:55.661 D/WFD_F   (  736): TID:907 	lineBeg = 109, lineEnd = 157
12-03 11:28:55.661 D/WFD_F   (  736): TID:907 	lineCount = 3
12-03 11:28:55.661 D/WFD_F   (  736): TID:907 e8:79	5300	-56	[WPA2-PSK-CCMP][ESS]	
12-03 11:28:55.661 D/WFD_F   (  736): TID:907 	Try Lock mScanResultCacheLock(0x4d42f93c)
12-03 11:28:55.661 D/WFD_F   (  736): TID:907 e8:79
12-03 11:28:55.661 D/WFD_F   (  736): TID:907 	Enter get
12-03 11:28:55.661 D/WFD_F   (  736): TID:907 	Enter create
12-03 11:28:55.661 D/WFD_F   (  736): TID:907 	Leave create (takes 0 millis)
12-03 11:28:55.661 D/WFD_F   (  736): TID:907 	createdValue == NULL
12-03 11:28:55.661 D/WFD_F   (  736): TID:907 	Leave get (takes 0 millis)
12-03 11:28:55.661 D/WFD_F   (  736): TID:907 	lineBeg = 158, lineEnd = 218
12-03 11:28:55.661 D/WFD_F   (  736): TID:907 	lineCount = 4
12-03 11:28:55.661 D/WFD_F   (  736): TID:907 ee:48	5580	-67	[WPA2-EAP-CCMP][ESS]	HTC_Wireless
12-03 11:28:55.661 D/WFD_F   (  736): TID:907 	Try Lock mScanResultCacheLock(0x4d42f93c)
12-03 11:28:55.661 D/WFD_F   (  736): TID:907 ee:48HTC_Wireless
12-03 11:28:55.661 D/WFD_F   (  736): TID:907 	Enter get
12-03 11:28:55.661 D/WFD_F   (  736): TID:907 	Leave get (takes 0 millis)
12-03 11:28:55.661 D/WFD_F   (  736): TID:907 	scanResult is existed, level = -67, ssid = HTC_Wireless, flags = [WPA2-EAP-CCMP][ESS], frequency = 5580
12-03 11:28:55.661 D/WFD_F   (  736): TID:907 	lineBeg = 219, lineEnd = 277
12-03 11:28:55.661 D/WFD_F   (  736): TID:907 	lineCount = 5
12-03 11:28:55.661 D/WFD_F   (  736): TID:907 cc:af:84	2412	-41	[WPA2-PSK-CCMP][WPS][ESS]	 
12-03 11:28:55.661 D/WFD_F   (  736): TID:907 	Try Lock mScanResultCacheLock(0x4d42f93c)
12-03 11:28:55.661 D/WFD_F   (  736): TID:907 cc:af:84 
12-03 11:28:55.661 D/WFD_F   (  736): TID:907 	Enter get
12-03 11:28:55.661 D/WFD_F   (  736): TID:907 	Leave get (takes 0 millis)
12-03 11:28:55.661 D/WFD_F   (  736): TID:907 	scanResult is existed, level = -41, ssid =  , flags = [WPA2-PSK-CCMP][WPS][ESS], frequency = 2412
12-03 11:28:55.661 D/WFD_F   (  736): TID:907 	lineBeg = 278, lineEnd = 338
12-03 11:28:55.661 D/WFD_F   (  736): TID:907 	lineCount = 6
12-03 11:28:55.661 D/WFD_F   (  736): TID:907 ee:40	2412	-51	[WPA2-EAP-CCMP][ESS]	HTC_Wireless
12-03 11:28:55.661 D/WFD_F   (  736): TID:907 	Try Lock mScanResultCacheLock(0x4d42f93c)
12-03 11:28:55.661 D/WFD_F   (  736): TID:907 ee:40HTC_Wireless
12-03 11:28:55.661 D/WFD_F   (  736): TID:907 	Enter get
12-03 11:28:55.661 D/WFD_F   (  736): TID:907 	Leave get (takes 0 millis)
12-03 11:28:55.661 D/WFD_F   (  736): TID:907 	scanResult is existed, level = -51, ssid = HTC_Wireless, flags = [WPA2-EAP-CCMP][ESS], frequency = 2412
12-03 11:28:55.661 D/WFD_F   (  736): TID:907 	lineBeg = 339, lineEnd = 399
12-03 11:28:55.661 D/WFD_F   (  736): TID:907 	lineCount = 7
12-03 11:28:55.661 D/WFD_F   (  736): TID:907 e8:70	2412	-55	[WPA2-EAP-CCMP][ESS]	HTC_Wireless
12-03 11:28:55.661 D/WFD_F   (  736): TID:907 	Try Lock mScanResultCacheLock(0x4d42f93c)
12-03 11:28:55.661 D/WFD_F   (  736): TID:907 e8:70HTC_Wireless
12-03 11:28:55.661 D/WFD_F   (  736): TID:907 	Enter get
12-03 11:28:55.661 D/WFD_F   (  736): TID:907 	Leave get (takes 0 millis)
12-03 11:28:55.661 D/WFD_F   (  736): TID:907 	scanResult is existed, level = -55, ssid = HTC_Wireless, flags = [WPA2-EAP-CCMP][ESS], frequency = 2412
12-03 11:28:55.661 D/WFD_F   (  736): TID:907 	lineBeg = 400, lineEnd = 485
12-03 11:28:55.661 D/WFD_F   (  736): TID:907 	lineCount = 8
12-03 11:28:55.671 D/WFD_F   (  736): TID:907 b6:4c	2462	-62	[WPA-PSK-TKIP+CCMP][WPA2-PSK-TKIP+CCMP][WPS][ESS]	DAP-1522
12-03 11:28:55.671 D/WFD_F   (  736): TID:907 	Try Lock mScanResultCacheLock(0x4d42f93c)
12-03 11:28:55.671 D/WFD_F   (  736): TID:907 b6:4cDAP-1522
12-03 11:28:55.671 D/WFD_F   (  736): TID:907 	Enter get
12-03 11:28:55.671 D/WFD_F   (  736): TID:907 	Leave get (takes 0 millis)
12-03 11:28:55.671 D/WFD_F   (  736): TID:907 	scanResult is existed, level = -62, ssid = DAP-1522, flags = [WPA-PSK-TKIP+CCMP][WPA2-PSK-TKIP+CCMP][WPS][ESS], frequency = 2462
12-03 11:28:55.671 D/WFD_F   (  736): TID:907 	lineBeg = 486, lineEnd = 534
12-03 11:28:55.671 D/WFD_F   (  736): TID:907 	lineCount = 9
12-03 11:28:55.671 D/WFD_F   (  736): TID:907 ee:49	5580	-68	[WPA2-PSK-CCMP][ESS]	
12-03 11:28:55.671 D/WFD_F   (  736): TID:907 	Try Lock mScanResultCacheLock(0x4d42f93c)
12-03 11:28:55.671 D/WFD_F   (  736): TID:907 ee:49
12-03 11:28:55.671 D/WFD_F   (  736): TID:907 	Enter get
12-03 11:28:55.671 D/WFD_F   (  736): TID:907 	Enter create
12-03 11:28:55.671 D/WFD_F   (  736): TID:907 	Leave create (takes 0 millis)
12-03 11:28:55.671 D/WFD_F   (  736): TID:907 	createdValue == NULL
12-03 11:28:55.671 D/WFD_F   (  736): TID:907 	Leave get (takes 0 millis)
12-03 11:28:55.671 D/WFD_F   (  736): TID:907 	lineBeg = 535, lineEnd = 595
12-03 11:28:55.671 D/WFD_F   (  736): TID:907 	lineCount = 10
12-03 11:28:55.671 D/WFD_F   (  736): TID:907 08	5540	-67	[WPA2-EAP-CCMP][ESS]	HTC_Wireless
12-03 11:28:55.671 D/WFD_F   (  736): TID:907 	Try Lock mScanResultCacheLock(0x4d42f93c)
12-03 11:28:55.671 D/WFD_F   (  736): TID:907 08HTC_Wireless
12-03 11:28:55.671 D/WFD_F   (  736): TID:907 	Enter get
12-03 11:28:55.671 D/WFD_F   (  736): TID:907 	Leave get (takes 0 millis)
12-03 11:28:55.671 D/WFD_F   (  736): TID:907 	scanResult is existed, level = -67, ssid = HTC_Wireless, flags = [WPA2-EAP-CCMP][ESS], frequency = 5540
12-03 11:28:55.671 D/WFD_F   (  736): TID:907 	lineBeg = 596, lineEnd = 656
12-03 11:28:55.671 D/WFD_F   (  736): TID:907 	lineCount = 11
12-03 11:28:55.671 D/WFD_F   (  736): TID:907 0f:79	5300	-76	[WPA2-EAP-CCMP][ESS]	HTC_Wireless
12-03 11:28:55.671 D/WFD_F   (  736): TID:907 	Try Lock mScanResultCacheLock(0x4d42f93c)
12-03 11:28:55.671 D/WFD_F   (  736): TID:907 0f:79HTC_Wireless
12-03 11:28:55.671 D/WFD_F   (  736): TID:907 	Enter get
12-03 11:28:55.671 D/WFD_F   (  736): TID:907 	Leave get (takes 0 millis)
12-03 11:28:55.671 D/WFD_F   (  736): TID:907 	scanResult is existed, level = -76, ssid = HTC_Wireless, flags = [WPA2-EAP-CCMP][ESS], frequency = 5300
12-03 11:28:55.671 D/WFD_F   (  736): TID:907 	lineBeg = 657, lineEnd = 705
12-03 11:28:55.671 D/WFD_F   (  736): TID:907 	lineCount = 12
12-03 11:28:55.671 D/WFD_F   (  736): TID:907 0f:78	5300	-77	[WPA2-PSK-CCMP][ESS]	
12-03 11:28:55.671 D/WFD_F   (  736): TID:907 	Try Lock mScanResultCacheLock(0x4d42f93c)
12-03 11:28:55.671 D/WFD_F   (  736): TID:907 0f:78
12-03 11:28:55.671 D/WFD_F   (  736): TID:907 	Enter get
12-03 11:28:55.671 D/WFD_F   (  736): TID:907 	Enter create
12-03 11:28:55.671 D/WFD_F   (  736): TID:907 	Leave create (takes 0 millis)
12-03 11:28:55.671 D/WFD_F   (  736): TID:907 	createdValue == NULL
12-03 11:28:55.671 D/WFD_F   (  736): TID:907 	Leave get (takes 0 millis)
12-03 11:28:55.671 D/WFD_F   (  736): TID:907 	lineBeg = 706, lineEnd = 766
12-03 11:28:55.671 D/WFD_F   (  736): TID:907 	lineCount = 13
12-03 11:28:55.671 D/WFD_F   (  736): TID:907 ea:08	5300	-83	[WPA2-EAP-CCMP][ESS]	HTC_Wireless
12-03 11:28:55.671 D/WFD_F   (  736): TID:907 	Try Lock mScanResultCacheLock(0x4d42f93c)
12-03 11:28:55.671 D/WFD_F   (  736): TID:907 ea:08HTC_Wireless
12-03 11:28:55.671 D/WFD_F   (  736): TID:907 	Enter get
12-03 11:28:55.671 D/WFD_F   (  736): TID:907 	Leave get (takes 0 millis)
12-03 11:28:55.671 D/WFD_F   (  736): TID:907 	scanResult is existed, level = -83, ssid = HTC_Wireless, flags = [WPA2-EAP-CCMP][ESS], frequency = 5300
12-03 11:28:55.681 D/WFD_F   (  736): TID:907 	lineBeg = 767, lineEnd = 815
12-03 11:28:55.681 D/WFD_F   (  736): TID:907 	lineCount = 14
12-03 11:28:55.681 D/WFD_F   (  736): TID:907 ea:09	5300	-83	[WPA2-PSK-CCMP][ESS]	
12-03 11:28:55.681 D/WFD_F   (  736): TID:907 	Try Lock mScanResultCacheLock(0x4d42f93c)
12-03 11:28:55.681 D/WFD_F   (  736): TID:907 ea:09
12-03 11:28:55.681 D/WFD_F   (  736): TID:907 	Enter get
12-03 11:28:55.681 D/WFD_F   (  736): TID:907 	Enter create
12-03 11:28:55.681 D/WFD_F   (  736): TID:907 	Leave create (takes 0 millis)
12-03 11:28:55.681 D/WFD_F   (  736): TID:907 	createdValue == NULL
12-03 11:28:55.681 D/WFD_F   (  736): TID:907 	Leave get (takes 0 millis)
12-03 11:28:55.681 D/WFD_F   (  736): TID:907 	lineBeg = 816, lineEnd = 864
12-03 11:28:55.681 D/WFD_F   (  736): TID:907 	lineCount = 15
12-03 11:28:55.681 D/WFD_F   (  736): TID:907 ea:0a	5300	-83	[WPA2-PSK-CCMP][ESS]	
12-03 11:28:55.681 D/WFD_F   (  736): TID:907 	Try Lock mScanResultCacheLock(0x4d42f93c)
12-03 11:28:55.681 D/WFD_F   (  736): TID:907 ea:0a
12-03 11:28:55.681 D/WFD_F   (  736): TID:907 	Enter get
12-03 11:28:55.681 D/WFD_F   (  736): TID:907 	Enter create
12-03 11:28:55.681 D/WFD_F   (  736): TID:907 	Leave create (takes 0 millis)
12-03 11:28:55.681 D/WFD_F   (  736): TID:907 	createdValue == NULL
12-03 11:28:55.681 D/WFD_F   (  736): TID:907 	Leave get (takes 0 millis)
12-03 11:28:55.681 D/WFD_F   (  736): TID:907 	lineBeg = 865, lineEnd = 925
12-03 11:28:55.681 D/WFD_F   (  736): TID:907 	lineCount = 16
12-03 11:28:55.681 D/WFD_F   (  736): TID:907 eb:98	5300	-85	[WPA2-EAP-CCMP][ESS]	HTC_Wireless
12-03 11:28:55.681 D/WFD_F   (  736): TID:907 	Try Lock mScanResultCacheLock(0x4d42f93c)
12-03 11:28:55.681 D/WFD_F   (  736): TID:907 eb:98HTC_Wireless
12-03 11:28:55.681 D/WFD_F   (  736): TID:907 	Enter get
12-03 11:28:55.681 D/WFD_F   (  736): TID:907 	Leave get (takes 0 millis)
12-03 11:28:55.681 D/WFD_F   (  736): TID:907 	scanResult is existed, level = -85, ssid = HTC_Wireless, flags = [WPA2-EAP-CCMP][ESS], frequency = 5300
12-03 11:28:55.681 D/WFD_F   (  736): TID:907 	lineBeg = 926, lineEnd = 986
12-03 11:28:55.681 D/WFD_F   (  736): TID:907 	lineCount = 17
12-03 11:28:55.681 D/WFD_F   (  736): TID:907 e8	5300	-85	[WPA2-EAP-CCMP][ESS]	HTC_Wireless
12-03 11:28:55.681 D/WFD_F   (  736): TID:907 	Try Lock mScanResultCacheLock(0x4d42f93c)
12-03 11:28:55.681 D/WFD_F   (  736): TID:907 e8HTC_Wireless
12-03 11:28:55.681 D/WFD_F   (  736): TID:907 	Enter get
12-03 11:28:55.681 D/WFD_F   (  736): TID:907 	Leave get (takes 0 millis)
12-03 11:28:55.681 D/WFD_F   (  736): TID:907 	scanResult is existed, level = -85, ssid = HTC_Wireless, flags = [WPA2-EAP-CCMP][ESS], frequency = 5300
12-03 11:28:55.681 D/WFD_F   (  736): TID:907 	lineBeg = 987, lineEnd = 1047
12-03 11:28:55.681 D/WFD_F   (  736): TID:907 	lineCount = 18
12-03 11:28:55.681 D/WFD_F   (  736): TID:907 d2:e8	5500	-84	[WPA2-EAP-CCMP][ESS]	HTC_Wireless
12-03 11:28:55.681 D/WFD_F   (  736): TID:907 	Try Lock mScanResultCacheLock(0x4d42f93c)
12-03 11:28:55.681 D/WFD_F   (  736): TID:907 d2:e8HTC_Wireless
12-03 11:28:55.681 D/WFD_F   (  736): TID:907 	Enter get
12-03 11:28:55.681 D/WFD_F   (  736): TID:907 	Leave get (takes 0 millis)
12-03 11:28:55.681 D/WFD_F   (  736): TID:907 	scanResult is existed, level = -84, ssid = HTC_Wireless, flags = [WPA2-EAP-CCMP][ESS], frequency = 5500
12-03 11:28:55.681 D/WFD_F   (  736): TID:907 	lineBeg = 1048, lineEnd = 1108
12-03 11:28:55.681 D/WFD_F   (  736): TID:907 	lineCount = 19
12-03 11:28:55.681 D/WFD_F   (  736): TID:907 68	5500	-82	[WPA2-EAP-CCMP][ESS]	HTC_Wireless
12-03 11:28:55.681 D/WFD_F   (  736): TID:907 	Try Lock mScanResultCacheLock(0x4d42f93c)
12-03 11:28:55.681 D/WFD_F   (  736): TID:907 68HTC_Wireless
12-03 11:28:55.681 D/WFD_F   (  736): TID:907 	Enter get
12-03 11:28:55.681 D/WFD_F   (  736): TID:907 	Leave get (takes 0 millis)
12-03 11:28:55.681 D/WFD_F   (  736): TID:907 	scanResult is existed, level = -82, ssid = HTC_Wireless, flags = [WPA2-EAP-CCMP][ESS], frequency = 5500
12-03 11:28:55.681 D/WFD_F   (  736): TID:907 	lineBeg = 1109, lineEnd = 1157
12-03 11:28:55.681 D/WFD_F   (  736): TID:907 	lineCount = 20
12-03 11:28:55.681 D/WFD_F   (  736): TID:907 eb:9a	5300	-85	[WPA2-PSK-CCMP][ESS]	
12-03 11:28:55.681 D/WFD_F   (  736): TID:907 	Try Lock mScanResultCacheLock(0x4d42f93c)
12-03 11:28:55.681 D/WFD_F   (  736): TID:907 eb:9a
12-03 11:28:55.681 D/WFD_F   (  736): TID:907 	Enter get
12-03 11:28:55.681 D/WFD_F   (  736): TID:907 	Enter create
12-03 11:28:55.681 D/WFD_F   (  736): TID:907 	Leave create (takes 0 millis)
12-03 11:28:55.681 D/WFD_F   (  736): TID:907 	createdValue == NULL
12-03 11:28:55.681 D/WFD_F   (  736): TID:907 	Leave get (takes 1 millis)
12-03 11:28:55.681 D/WFD_F   (  736): TID:907 	lineBeg = 1158, lineEnd = 1206
12-03 11:28:55.681 D/WFD_F   (  736): TID:907 	lineCount = 21
12-03 11:28:55.681 D/WFD_F   (  736): TID:907 ea	5300	-86	[WPA2-PSK-CCMP][ESS]	
12-03 11:28:55.681 D/WFD_F   (  736): TID:907 	Try Lock mScanResultCacheLock(0x4d42f93c)
12-03 11:28:55.681 D/WFD_F   (  736): TID:907 ea
12-03 11:28:55.681 D/WFD_F   (  736): TID:907 	Enter get
12-03 11:28:55.681 D/WFD_F   (  736): TID:907 	Enter create
12-03 11:28:55.681 D/WFD_F   (  736): TID:907 	Leave create (takes 0 millis)
12-03 11:28:55.681 D/WFD_F   (  736): TID:907 	createdValue == NULL
12-03 11:28:55.681 D/WFD_F   (  736): TID:907 	Leave get (takes 0 millis)
12-03 11:28:55.681 D/WFD_F   (  736): TID:907 	lineBeg = 1207, lineEnd = 1255
12-03 11:28:55.681 D/WFD_F   (  736): TID:907 	lineCount = 22
12-03 11:28:55.681 D/WFD_F   (  736): TID:907 d2:e9	5500	-87	[WPA2-PSK-CCMP][ESS]	
12-03 11:28:55.681 D/WFD_F   (  736): TID:907 	Try Lock mScanResultCacheLock(0x4d42f93c)
12-03 11:28:55.701 D/WFD_F   (  736): TID:907 d2:e9
12-03 11:28:55.701 D/WFD_F   (  736): TID:907 	Enter get
12-03 11:28:55.701 D/WFD_F   (  736): TID:907 	Enter create
12-03 11:28:55.701 D/WFD_F   (  736): TID:907 	Leave create (takes 0 millis)
12-03 11:28:55.701 D/WFD_F   (  736): TID:907 	createdValue == NULL
12-03 11:28:55.701 D/WFD_F   (  736): TID:907 	Leave get (takes 0 millis)
12-03 11:28:55.701 D/WFD_F   (  736): TID:907 	lineBeg = 1256, lineEnd = 1302
12-03 11:28:55.701 D/WFD_F   (  736): TID:907 	lineCount = 23
