12-03 01:07:16.884 D/DeviceStorageMonitor(  736): OoO SMS Memory available. SMS_AVAILABLE_THRESHOLD == 524288
12-03 01:07:16.884 I/DeviceStorageMonitor(  736): Posting Message again
12-03 01:07:21.329 W/ThrottleService( 1205): unable to find stats for iface rmnet0
12-03 01:18:02.180 W/ThrottleService( 1205): unable to find stats for iface rmnet0
12-03 01:26:04.410 D/DeviceStorageMonitor(  736): OoO SMS Memory available. SMS_AVAILABLE_THRESHOLD == 524288
12-03 01:26:04.420 I/DeviceStorageMonitor(  736): Posting Message again
12-03 01:28:26.310 W/ThrottleService( 1205): unable to find stats for iface rmnet0
12-03 01:39:21.330 W/ThrottleService( 1205): unable to find stats for iface rmnet0
12-03 01:52:13.410 W/ThrottleService( 1205): unable to find stats for iface rmnet0
12-03 01:54:06.600 D/DeviceStorageMonitor(  736): OoO SMS Memory available. SMS_AVAILABLE_THRESHOLD == 524288
12-03 01:54:06.600 I/DeviceStorageMonitor(  736): Posting Message again
12-03 01:58:39.994 D/lights  (  736): set_color_led color=13158400, mode=255, off_min=0, off_sec=0
12-03 01:58:39.994 D/lights  (  736): [LedInfo] without indicator attribute, red:c80000, green:c800, blue:0
12-03 01:58:39.994 D/lights  (  736): set_color_led color=65280, mode=2, off_min=500, off_sec=2000
12-03 01:58:39.994 D/lights  (  736): [LedInfo] without indicator attribute, red:0, green:ff00, blue:0
12-03 01:58:39.994 D/lights  (  736): [LedInfo] write attr ok name=/sys/class/leds/amber/brightness string=0,len=1
12-03 01:58:39.994 D/lights  (  736): [LedInfo] write attr ok name=/sys/class/leds/amber/blink string=0,len=1
12-03 01:58:39.994 D/lights  (  736): [LedInfo] write attr ok name=/sys/class/leds/amber/off_timer string=0 0,len=3
12-03 01:58:39.994 D/lights  (  736): [LedInfo] write attr ok name=/sys/class/leds/green/brightness string=1,len=1
12-03 01:58:39.994 D/lights  (  736): [LedInfo] write attr ok name=/sys/class/leds/green/blink string=1,len=1
12-03 01:58:39.994 D/lights  (  736): [LedInfo] write attr ok name=/sys/class/leds/green/off_timer string=0 0,len=3
12-03 02:07:13.360 W/ThrottleService( 1205): unable to find stats for iface rmnet0
12-03 02:13:34.448 D/DeviceStorageMonitor(  736): OoO SMS Memory available. SMS_AVAILABLE_THRESHOLD == 524288
12-03 02:13:34.448 I/DeviceStorageMonitor(  736): Posting Message again
12-03 02:13:40.665 D/lights  (  736): set_color_led color=13158400, mode=255, off_min=0, off_sec=0
12-03 02:13:40.665 D/lights  (  736): [LedInfo] without indicator attribute, red:c80000, green:c800, blue:0
12-03 02:13:40.665 D/lights  (  736): set_color_led color=65280, mode=2, off_min=500, off_sec=2000
12-03 02:13:40.665 D/lights  (  736): [LedInfo] without indicator attribute, red:0, green:ff00, blue:0
12-03 02:13:40.665 D/lights  (  736): [LedInfo] write attr ok name=/sys/class/leds/amber/brightness string=0,len=1
12-03 02:13:40.665 D/lights  (  736): [LedInfo] write attr ok name=/sys/class/leds/amber/blink string=0,len=1
12-03 02:13:40.665 D/lights  (  736): [LedInfo] write attr ok name=/sys/class/leds/amber/off_timer string=0 0,len=3
12-03 02:13:40.665 D/lights  (  736): [LedInfo] write attr ok name=/sys/class/leds/green/brightness string=1,len=1
12-03 02:13:40.665 D/lights  (  736): [LedInfo] write attr ok name=/sys/class/leds/green/blink string=1,len=1
12-03 02:13:40.665 D/lights  (  736): [LedInfo] write attr ok name=/sys/class/leds/green/off_timer string=0 0,len=3
12-03 02:17:13.610 W/ThrottleService( 1205): unable to find stats for iface rmnet0
12-03 02:27:20.420 W/ThrottleService( 1205): unable to find stats for iface rmnet0
12-03 02:28:29.983 D/DeviceStorageMonitor(  736): OoO SMS Memory available. SMS_AVAILABLE_THRESHOLD == 524288
12-03 02:28:29.983 I/DeviceStorageMonitor(  736): Posting Message again
12-03 02:28:37.691 D/lights  (  736): set_color_led color=13158400, mode=255, off_min=0, off_sec=0
12-03 02:28:37.691 D/lights  (  736): [LedInfo] without indicator attribute, red:c80000, green:c800, blue:0
12-03 02:28:37.691 D/lights  (  736): set_color_led color=65280, mode=2, off_min=500, off_sec=2000
12-03 02:28:37.691 D/lights  (  736): [LedInfo] without indicator attribute, red:0, green:ff00, blue:0
12-03 02:28:37.691 D/lights  (  736): [LedInfo] write attr ok name=/sys/class/leds/amber/brightness string=0,len=1
12-03 02:28:37.691 D/lights  (  736): [LedInfo] write attr ok name=/sys/class/leds/amber/blink string=0,len=1
12-03 02:28:37.691 D/lights  (  736): [LedInfo] write attr ok name=/sys/class/leds/amber/off_timer string=0 0,len=3
12-03 02:28:37.691 D/lights  (  736): [LedInfo] write attr ok name=/sys/class/leds/green/brightness string=1,len=1
12-03 02:28:37.691 D/lights  (  736): [LedInfo] write attr ok name=/sys/class/leds/green/blink string=1,len=1
12-03 02:28:37.691 D/lights  (  736): [LedInfo] write attr ok name=/sys/class/leds/green/off_timer string=0 0,len=3
12-03 02:39:22.300 W/ThrottleService( 1205): unable to find stats for iface rmnet0
12-03 02:43:39.523 D/lights  (  736): set_color_led color=13158400, mode=255, off_min=0, off_sec=0
12-03 02:43:39.523 D/lights  (  736): [LedInfo] without indicator attribute, red:c80000, green:c800, blue:0
12-03 02:43:39.523 D/lights  (  736): set_color_led color=65280, mode=2, off_min=500, off_sec=2000
12-03 02:43:39.523 D/lights  (  736): [LedInfo] without indicator attribute, red:0, green:ff00, blue:0
12-03 02:43:39.523 D/lights  (  736): [LedInfo] write attr ok name=/sys/class/leds/amber/brightness string=0,len=1
12-03 02:43:39.523 D/lights  (  736): [LedInfo] write attr ok name=/sys/class/leds/amber/blink string=0,len=1
12-03 02:43:39.523 D/lights  (  736): [LedInfo] write attr ok name=/sys/class/leds/amber/off_timer string=0 0,len=3
12-03 02:43:39.523 D/lights  (  736): [LedInfo] write attr ok name=/sys/class/leds/green/brightness string=1,len=1
12-03 02:43:39.523 D/lights  (  736): [LedInfo] write attr ok name=/sys/class/leds/green/blink string=1,len=1
12-03 02:43:39.523 D/lights  (  736): [LedInfo] write attr ok name=/sys/class/leds/green/off_timer string=0 0,len=3
12-03 02:50:11.340 W/ThrottleService( 1205): unable to find stats for iface rmnet0
12-03 02:58:31.234 D/DeviceStorageMonitor(  736): OoO SMS Memory available. SMS_AVAILABLE_THRESHOLD == 524288
12-03 02:58:31.234 I/DeviceStorageMonitor(  736): Posting Message again
12-03 02:58:37.902 D/lights  (  736): set_color_led color=13158400, mode=255, off_min=0, off_sec=0
12-03 02:58:37.902 D/lights  (  736): [LedInfo] without indicator attribute, red:c80000, green:c800, blue:0
12-03 02:58:37.902 D/lights  (  736): set_color_led color=65280, mode=2, off_min=500, off_sec=2000
12-03 02:58:37.902 D/lights  (  736): [LedInfo] without indicator attribute, red:0, green:ff00, blue:0
12-03 02:58:37.902 D/lights  (  736): [LedInfo] write attr ok name=/sys/class/leds/amber/brightness string=0,len=1
12-03 02:58:37.902 D/lights  (  736): [LedInfo] write attr ok name=/sys/class/leds/amber/blink string=0,len=1
12-03 02:58:37.902 D/lights  (  736): [LedInfo] write attr ok name=/sys/class/leds/amber/off_timer string=0 0,len=3
12-03 02:58:37.902 D/lights  (  736): [LedInfo] write attr ok name=/sys/class/leds/green/brightness string=1,len=1
12-03 02:58:37.902 D/lights  (  736): [LedInfo] write attr ok name=/sys/class/leds/green/blink string=1,len=1
12-03 02:58:37.902 D/lights  (  736): [LedInfo] write attr ok name=/sys/class/leds/green/off_timer string=0 0,len=3
12-03 03:00:49.320 W/ThrottleService( 1205): unable to find stats for iface rmnet0
12-03 03:12:20.320 W/ThrottleService( 1205): unable to find stats for iface rmnet0
12-03 03:13:30.924 D/lights  (  736): set_color_led color=13158400, mode=255, off_min=0, off_sec=0
12-03 03:13:30.924 D/lights  (  736): [LedInfo] without indicator attribute, red:c80000, green:c800, blue:0
12-03 03:13:30.924 D/lights  (  736): set_color_led color=65280, mode=2, off_min=500, off_sec=2000
12-03 03:13:30.924 D/lights  (  736): [LedInfo] without indicator attribute, red:0, green:ff00, blue:0
12-03 03:13:30.924 D/lights  (  736): [LedInfo] write attr ok name=/sys/class/leds/amber/brightness string=0,len=1
12-03 03:13:30.924 D/lights  (  736): [LedInfo] write attr ok name=/sys/class/leds/amber/blink string=0,len=1
12-03 03:13:30.924 D/lights  (  736): [LedInfo] write attr ok name=/sys/class/leds/amber/off_timer string=0 0,len=3
12-03 03:13:30.924 D/lights  (  736): [LedInfo] write attr ok name=/sys/class/leds/green/brightness string=1,len=1
12-03 03:13:30.924 D/lights  (  736): [LedInfo] write attr ok name=/sys/class/leds/green/blink string=1,len=1
12-03 03:13:30.924 D/lights  (  736): [LedInfo] write attr ok name=/sys/class/leds/green/off_timer string=0 0,len=3
12-03 03:14:02.395 D/DeviceStorageMonitor(  736): OoO SMS Memory available. SMS_AVAILABLE_THRESHOLD == 524288
12-03 03:14:02.395 I/DeviceStorageMonitor(  736): Posting Message again
12-03 03:27:21.270 W/ThrottleService( 1205): unable to find stats for iface rmnet0
12-03 03:28:37.701 D/lights  (  736): set_color_led color=13158400, mode=255, off_min=0, off_sec=0
12-03 03:28:37.701 D/lights  (  736): [LedInfo] without indicator attribute, red:c80000, green:c800, blue:0
12-03 03:28:37.701 D/lights  (  736): set_color_led color=65280, mode=2, off_min=500, off_sec=2000
12-03 03:28:37.701 D/lights  (  736): [LedInfo] without indicator attribute, red:0, green:ff00, blue:0
12-03 03:28:37.701 D/lights  (  736): [LedInfo] write attr ok name=/sys/class/leds/amber/brightness string=0,len=1
12-03 03:28:37.701 D/lights  (  736): [LedInfo] write attr ok name=/sys/class/leds/amber/blink string=0,len=1
12-03 03:28:37.701 D/lights  (  736): [LedInfo] write attr ok name=/sys/class/leds/amber/off_timer string=0 0,len=3
12-03 03:28:37.701 D/lights  (  736): [LedInfo] write attr ok name=/sys/class/leds/green/brightness string=1,len=1
12-03 03:28:37.701 D/lights  (  736): [LedInfo] write attr ok name=/sys/class/leds/green/blink string=1,len=1
12-03 03:28:37.701 D/lights  (  736): [LedInfo] write attr ok name=/sys/class/leds/green/off_timer string=0 0,len=3
12-03 03:39:22.000 D/DeviceStorageMonitor(  736): OoO SMS Memory available. SMS_AVAILABLE_THRESHOLD == 524288
12-03 03:39:22.000 I/DeviceStorageMonitor(  736): Posting Message again
12-03 03:39:22.390 W/ThrottleService( 1205): unable to find stats for iface rmnet0
12-03 03:43:31.164 D/lights  (  736): set_color_led color=13158400, mode=255, off_min=0, off_sec=0
12-03 03:43:31.164 D/lights  (  736): [LedInfo] without indicator attribute, red:c80000, green:c800, blue:0
12-03 03:43:31.164 D/lights  (  736): set_color_led color=65280, mode=2, off_min=500, off_sec=2000
12-03 03:43:31.164 D/lights  (  736): [LedInfo] without indicator attribute, red:0, green:ff00, blue:0
12-03 03:43:31.164 D/lights  (  736): [LedInfo] write attr ok name=/sys/class/leds/amber/brightness string=0,len=1
12-03 03:43:31.164 D/lights  (  736): [LedInfo] write attr ok name=/sys/class/leds/amber/blink string=0,len=1
12-03 03:43:31.164 D/lights  (  736): [LedInfo] write attr ok name=/sys/class/leds/amber/off_timer string=0 0,len=3
12-03 03:43:31.164 D/lights  (  736): [LedInfo] write attr ok name=/sys/class/leds/green/brightness string=1,len=1
12-03 03:43:31.164 D/lights  (  736): [LedInfo] write attr ok name=/sys/class/leds/green/blink string=1,len=1
12-03 03:43:31.164 D/lights  (  736): [LedInfo] write attr ok name=/sys/class/leds/green/off_timer string=0 0,len=3
12-03 03:45:12.055 D/lights  (  736): set_color_led color=13158400, mode=255, off_min=0, off_sec=0
12-03 03:45:12.055 D/lights  (  736): [LedInfo] without indicator attribute, red:c80000, green:c800, blue:0
12-03 03:45:12.055 D/lights  (  736): set_color_led color=65280, mode=2, off_min=500, off_sec=2000
12-03 03:45:12.055 D/lights  (  736): [LedInfo] without indicator attribute, red:0, green:ff00, blue:0
12-03 03:45:12.055 D/lights  (  736): [LedInfo] write attr ok name=/sys/class/leds/amber/brightness string=0,len=1
12-03 03:45:12.055 D/lights  (  736): [LedInfo] write attr ok name=/sys/class/leds/amber/blink string=0,len=1
12-03 03:45:12.055 D/lights  (  736): [LedInfo] write attr ok name=/sys/class/leds/amber/off_timer string=0 0,len=3
12-03 03:45:12.055 D/lights  (  736): [LedInfo] write attr ok name=/sys/class/leds/green/brightness string=1,len=1
12-03 03:45:12.055 D/lights  (  736): [LedInfo] write attr ok name=/sys/class/leds/green/blink string=1,len=1
12-03 03:45:12.055 D/lights  (  736): [LedInfo] write attr ok name=/sys/class/leds/green/off_timer string=0 0,len=3
12-03 03:57:12.250 W/ThrottleService( 1205): unable to find stats for iface rmnet0
12-03 03:58:37.121 D/DeviceStorageMonitor(  736): OoO SMS Memory available. SMS_AVAILABLE_THRESHOLD == 524288
12-03 03:58:37.121 I/DeviceStorageMonitor(  736): Posting Message again
12-03 03:58:39.754 D/lights  (  736): set_color_led color=13158400, mode=255, off_min=0, off_sec=0
12-03 03:58:39.754 D/lights  (  736): [LedInfo] without indicator attribute, red:c80000, green:c800, blue:0
12-03 03:58:39.754 D/lights  (  736): set_color_led color=65280, mode=2, off_min=500, off_sec=2000
12-03 03:58:39.754 D/lights  (  736): [LedInfo] without indicator attribute, red:0, green:ff00, blue:0
12-03 03:58:39.754 D/lights  (  736): [LedInfo] write attr ok name=/sys/class/leds/amber/brightness string=0,len=1
12-03 03:58:39.754 D/lights  (  736): [LedInfo] write attr ok name=/sys/class/leds/amber/blink string=0,len=1
12-03 03:58:39.754 D/lights  (  736): [LedInfo] write attr ok name=/sys/class/leds/amber/off_timer string=0 0,len=3
12-03 03:58:39.754 D/lights  (  736): [LedInfo] write attr ok name=/sys/class/leds/green/brightness string=1,len=1
12-03 03:58:39.754 D/lights  (  736): [LedInfo] write attr ok name=/sys/class/leds/green/blink string=1,len=1
12-03 03:58:39.754 D/lights  (  736): [LedInfo] write attr ok name=/sys/class/leds/green/off_timer string=0 0,len=3
12-03 04:07:13.430 W/ThrottleService( 1205): unable to find stats for iface rmnet0
12-03 04:13:36.589 D/lights  (  736): set_color_led color=13158400, mode=255, off_min=0, off_sec=0
12-03 04:13:36.589 D/lights  (  736): [LedInfo] without indicator attribute, red:c80000, green:c800, blue:0
12-03 04:13:36.589 D/lights  (  736): set_color_led color=65280, mode=2, off_min=500, off_sec=2000
12-03 04:13:36.589 D/lights  (  736): [LedInfo] without indicator attribute, red:0, green:ff00, blue:0
12-03 04:13:36.589 D/lights  (  736): [LedInfo] write attr ok name=/sys/class/leds/amber/brightness string=0,len=1
12-03 04:13:36.589 D/lights  (  736): [LedInfo] write attr ok name=/sys/class/leds/amber/blink string=0,len=1
12-03 04:13:36.589 D/lights  (  736): [LedInfo] write attr ok name=/sys/class/leds/amber/off_timer string=0 0,len=3
12-03 04:13:36.589 D/lights  (  736): [LedInfo] write attr ok name=/sys/class/leds/green/brightness string=1,len=1
12-03 04:13:36.589 D/lights  (  736): [LedInfo] write attr ok name=/sys/class/leds/green/blink string=1,len=1
12-03 04:13:36.589 D/lights  (  736): [LedInfo] write attr ok name=/sys/class/leds/green/off_timer string=0 0,len=3
12-03 04:13:59.921 D/DeviceStorageMonitor(  736): OoO SMS Memory available. SMS_AVAILABLE_THRESHOLD == 524288
12-03 04:13:59.921 I/DeviceStorageMonitor(  736): Posting Message again
12-03 04:18:04.430 W/ThrottleService( 1205): unable to find stats for iface rmnet0
12-03 04:28:26.310 W/ThrottleService( 1205): unable to find stats for iface rmnet0
12-03 04:28:35.079 D/lights  (  736): set_color_led color=13158400, mode=255, off_min=0, off_sec=0
12-03 04:28:35.079 D/lights  (  736): [LedInfo] without indicator attribute, red:c80000, green:c800, blue:0
12-03 04:28:35.079 D/lights  (  736): set_color_led color=65280, mode=2, off_min=500, off_sec=2000
12-03 04:28:35.079 D/lights  (  736): [LedInfo] without indicator attribute, red:0, green:ff00, blue:0
12-03 04:28:35.079 D/lights  (  736): [LedInfo] write attr ok name=/sys/class/leds/amber/brightness string=0,len=1
12-03 04:28:35.079 D/lights  (  736): [LedInfo] write attr ok name=/sys/class/leds/amber/blink string=0,len=1
12-03 04:28:35.079 D/lights  (  736): [LedInfo] write attr ok name=/sys/class/leds/amber/off_timer string=0 0,len=3
12-03 04:28:35.079 D/lights  (  736): [LedInfo] write attr ok name=/sys/class/leds/green/brightness string=1,len=1
12-03 04:28:35.079 D/lights  (  736): [LedInfo] write attr ok name=/sys/class/leds/green/blink string=1,len=1
12-03 04:28:35.079 D/lights  (  736): [LedInfo] write attr ok name=/sys/class/leds/green/off_timer string=0 0,len=3
12-03 04:32:35.133 D/DeviceStorageMonitor(  736): OoO SMS Memory available. SMS_AVAILABLE_THRESHOLD == 524288
12-03 04:32:35.133 I/DeviceStorageMonitor(  736): Posting Message again
12-03 04:39:24.240 W/ThrottleService( 1205): unable to find stats for iface rmnet0
12-03 04:44:00.195 D/lights  (  736): set_color_led color=13158400, mode=255, off_min=0, off_sec=0
12-03 04:44:00.195 D/lights  (  736): [LedInfo] without indicator attribute, red:c80000, green:c800, blue:0
12-03 04:44:00.195 D/lights  (  736): set_color_led color=65280, mode=2, off_min=500, off_sec=2000
12-03 04:44:00.195 D/lights  (  736): [LedInfo] without indicator attribute, red:0, green:ff00, blue:0
12-03 04:44:00.195 D/lights  (  736): [LedInfo] write attr ok name=/sys/class/leds/amber/brightness string=0,len=1
12-03 04:44:00.195 D/lights  (  736): [LedInfo] write attr ok name=/sys/class/leds/amber/blink string=0,len=1
12-03 04:44:00.195 D/lights  (  736): [LedInfo] write attr ok name=/sys/class/leds/amber/off_timer string=0 0,len=3
12-03 04:44:00.195 D/lights  (  736): [LedInfo] write attr ok name=/sys/class/leds/green/brightness string=1,len=1
12-03 04:44:00.195 D/lights  (  736): [LedInfo] write attr ok name=/sys/class/leds/green/blink string=1,len=1
12-03 04:44:00.195 D/lights  (  736): [LedInfo] write attr ok name=/sys/class/leds/green/off_timer string=0 0,len=3
12-03 04:44:03.359 D/lights  (  736): set_color_led color=13158400, mode=255, off_min=0, off_sec=0
12-03 04:44:03.359 D/lights  (  736): [LedInfo] without indicator attribute, red:c80000, green:c800, blue:0
12-03 04:44:03.359 D/lights  (  736): set_color_led color=65280, mode=2, off_min=500, off_sec=2000
12-03 04:44:03.359 D/lights  (  736): [LedInfo] without indicator attribute, red:0, green:ff00, blue:0
12-03 04:44:03.359 D/lights  (  736): [LedInfo] write attr ok name=/sys/class/leds/amber/brightness string=0,len=1
12-03 04:44:03.359 D/lights  (  736): [LedInfo] write attr ok name=/sys/class/leds/amber/blink string=0,len=1
12-03 04:44:03.359 D/lights  (  736): [LedInfo] write attr ok name=/sys/class/leds/amber/off_timer string=0 0,len=3
12-03 04:44:03.359 D/lights  (  736): [LedInfo] write attr ok name=/sys/class/leds/green/brightness string=1,len=1
12-03 04:44:03.359 D/lights  (  736): [LedInfo] write attr ok name=/sys/class/leds/green/blink string=1,len=1
12-03 04:44:03.359 D/lights  (  736): [LedInfo] write attr ok name=/sys/class/leds/green/off_timer string=0 0,len=3
12-03 04:44:05.020 D/DeviceStorageMonitor(  736): OoO SMS Memory available. SMS_AVAILABLE_THRESHOLD == 524288
12-03 04:44:05.020 I/DeviceStorageMonitor(  736): Posting Message again
12-03 04:57:21.270 W/ThrottleService( 1205): unable to find stats for iface rmnet0
12-03 04:58:30.374 D/lights  (  736): set_color_led color=13158400, mode=255, off_min=0, off_sec=0
12-03 04:58:30.374 D/lights  (  736): [LedInfo] without indicator attribute, red:c80000, green:c800, blue:0
12-03 04:58:30.374 D/lights  (  736): set_color_led color=65280, mode=2, off_min=500, off_sec=2000
12-03 04:58:30.374 D/lights  (  736): [LedInfo] without indicator attribute, red:0, green:ff00, blue:0
12-03 04:58:30.374 D/lights  (  736): [LedInfo] write attr ok name=/sys/class/leds/amber/brightness string=0,len=1
12-03 04:58:30.374 D/lights  (  736): [LedInfo] write attr ok name=/sys/class/leds/amber/blink string=0,len=1
12-03 04:58:30.374 D/lights  (  736): [LedInfo] write attr ok name=/sys/class/leds/amber/off_timer string=0 0,len=3
12-03 04:58:30.374 D/lights  (  736): [LedInfo] write attr ok name=/sys/class/leds/green/brightness string=1,len=1
12-03 04:58:30.374 D/lights  (  736): [LedInfo] write attr ok name=/sys/class/leds/green/blink string=1,len=1
12-03 04:58:30.374 D/lights  (  736): [LedInfo] write attr ok name=/sys/class/leds/green/off_timer string=0 0,len=3
12-03 05:07:21.268 W/ThrottleService( 1205): unable to find stats for iface rmnet0
12-03 05:10:22.200 D/DeviceStorageMonitor(  736): OoO SMS Memory available. SMS_AVAILABLE_THRESHOLD == 524288
12-03 05:10:22.200 I/DeviceStorageMonitor(  736): Posting Message again
12-03 05:13:30.293 D/lights  (  736): set_color_led color=13158400, mode=255, off_min=0, off_sec=0
12-03 05:13:30.293 D/lights  (  736): [LedInfo] without indicator attribute, red:c80000, green:c800, blue:0
12-03 05:13:30.293 D/lights  (  736): set_color_led color=65280, mode=2, off_min=500, off_sec=2000
12-03 05:13:30.293 D/lights  (  736): [LedInfo] without indicator attribute, red:0, green:ff00, blue:0
12-03 05:13:30.293 D/lights  (  736): [LedInfo] write attr ok name=/sys/class/leds/amber/brightness string=0,len=1
12-03 05:13:30.293 D/lights  (  736): [LedInfo] write attr ok name=/sys/class/leds/amber/blink string=0,len=1
12-03 05:13:30.293 D/lights  (  736): [LedInfo] write attr ok name=/sys/class/leds/amber/off_timer string=0 0,len=3
12-03 05:13:30.293 D/lights  (  736): [LedInfo] write attr ok name=/sys/class/leds/green/brightness string=1,len=1
12-03 05:13:30.293 D/lights  (  736): [LedInfo] write attr ok name=/sys/class/leds/green/blink string=1,len=1
12-03 05:13:30.293 D/lights  (  736): [LedInfo] write attr ok name=/sys/class/leds/green/off_timer string=0 0,len=3
12-03 05:27:21.280 W/ThrottleService( 1205): unable to find stats for iface rmnet0
12-03 05:28:30.043 D/lights  (  736): set_color_led color=13158400, mode=255, off_min=0, off_sec=0
12-03 05:28:30.043 D/lights  (  736): [LedInfo] without indicator attribute, red:c80000, green:c800, blue:0
12-03 05:28:30.043 D/lights  (  736): set_color_led color=65280, mode=2, off_min=500, off_sec=2000
12-03 05:28:30.043 D/lights  (  736): [LedInfo] without indicator attribute, red:0, green:ff00, blue:0
12-03 05:28:30.043 D/lights  (  736): [LedInfo] write attr ok name=/sys/class/leds/amber/brightness string=0,len=1
12-03 05:28:30.043 D/lights  (  736): [LedInfo] write attr ok name=/sys/class/leds/amber/blink string=0,len=1
12-03 05:28:30.043 D/lights  (  736): [LedInfo] write attr ok name=/sys/class/leds/amber/off_timer string=0 0,len=3
12-03 05:28:30.043 D/lights  (  736): [LedInfo] write attr ok name=/sys/class/leds/green/brightness string=1,len=1
12-03 05:28:30.043 D/lights  (  736): [LedInfo] write attr ok name=/sys/class/leds/green/blink string=1,len=1
12-03 05:28:30.043 D/lights  (  736): [LedInfo] write attr ok name=/sys/class/leds/green/off_timer string=0 0,len=3
12-03 05:38:23.310 W/ThrottleService( 1205): unable to find stats for iface rmnet0
12-03 05:38:28.170 D/DeviceStorageMonitor(  736): OoO SMS Memory available. SMS_AVAILABLE_THRESHOLD == 524288
12-03 05:38:28.170 I/DeviceStorageMonitor(  736): Posting Message again
12-03 05:43:29.823 D/lights  (  736): set_color_led color=13158400, mode=255, off_min=0, off_sec=0
12-03 05:43:29.823 D/lights  (  736): [LedInfo] without indicator attribute, red:c80000, green:c800, blue:0
12-03 05:43:29.823 D/lights  (  736): set_color_led color=65280, mode=2, off_min=500, off_sec=2000
12-03 05:43:29.823 D/lights  (  736): [LedInfo] without indicator attribute, red:0, green:ff00, blue:0
12-03 05:43:29.823 D/lights  (  736): [LedInfo] write attr ok name=/sys/class/leds/amber/brightness string=0,len=1
12-03 05:43:29.823 D/lights  (  736): [LedInfo] write attr ok name=/sys/class/leds/amber/blink string=0,len=1
12-03 05:43:29.823 D/lights  (  736): [LedInfo] write attr ok name=/sys/class/leds/amber/off_timer string=0 0,len=3
12-03 05:43:29.823 D/lights  (  736): [LedInfo] write attr ok name=/sys/class/leds/green/brightness string=1,len=1
12-03 05:43:29.823 D/lights  (  736): [LedInfo] write attr ok name=/sys/class/leds/green/blink string=1,len=1
12-03 05:43:29.823 D/lights  (  736): [LedInfo] write attr ok name=/sys/class/leds/green/off_timer string=0 0,len=3
12-03 05:57:21.290 W/ThrottleService( 1205): unable to find stats for iface rmnet0
12-03 05:58:29.863 D/lights  (  736): set_color_led color=13158400, mode=255, off_min=0, off_sec=0
12-03 05:58:29.863 D/lights  (  736): [LedInfo] without indicator attribute, red:c80000, green:c800, blue:0
12-03 05:58:29.863 D/lights  (  736): set_color_led color=65280, mode=2, off_min=500, off_sec=2000
12-03 05:58:29.863 D/lights  (  736): [LedInfo] without indicator attribute, red:0, green:ff00, blue:0
12-03 05:58:29.863 D/lights  (  736): [LedInfo] write attr ok name=/sys/class/leds/amber/brightness string=0,len=1
12-03 05:58:29.863 D/lights  (  736): [LedInfo] write attr ok name=/sys/class/leds/amber/blink string=0,len=1
12-03 05:58:29.863 D/lights  (  736): [LedInfo] write attr ok name=/sys/class/leds/amber/off_timer string=0 0,len=3
12-03 05:58:29.863 D/lights  (  736): [LedInfo] write attr ok name=/sys/class/leds/green/brightness string=1,len=1
12-03 05:58:29.863 D/lights  (  736): [LedInfo] write attr ok name=/sys/class/leds/green/blink string=1,len=1
12-03 05:58:29.863 D/lights  (  736): [LedInfo] write attr ok name=/sys/class/leds/green/off_timer string=0 0,len=3
12-03 06:07:21.308 W/ThrottleService( 1205): unable to find stats for iface rmnet0
12-03 06:07:21.908 D/DeviceStorageMonitor(  736): OoO SMS Memory available. SMS_AVAILABLE_THRESHOLD == 524288
12-03 06:07:21.908 I/DeviceStorageMonitor(  736): Posting Message again
12-03 06:12:10.560 D/lights  (  736): set_light_buttons_func: on=16777215 brightness=255
12-03 06:12:22.632 D/lights  (  736): set_light_buttons_func: on=0 brightness=0
12-03 06:12:26.677 W/FrameworkListener(  248): Handler 'rtsol' error (Invalid argument)
12-03 06:12:34.385 D/lights  (  736): set_light_buttons_func: on=0 brightness=0
12-03 06:12:38.579 D/lights  (  736): set_color_led color=13107200, mode=1, off_min=0, off_sec=0
12-03 06:12:38.579 D/lights  (  736): [LedInfo] without indicator attribute, red:c80000, green:0, blue:0
12-03 06:12:38.579 D/lights  (  736): [LedInfo] write attr ok name=/sys/class/leds/amber/brightness string=1,len=1
12-03 06:12:38.579 D/lights  (  736): [LedInfo] write attr ok name=/sys/class/leds/amber/blink string=0,len=1
12-03 06:12:38.579 D/lights  (  736): [LedInfo] write attr ok name=/sys/class/leds/amber/off_timer string=0 0,len=3
12-03 06:12:38.579 D/lights  (  736): [LedInfo] write attr ok name=/sys/class/leds/green/brightness string=0,len=1
12-03 06:12:38.579 D/lights  (  736): [LedInfo] write attr ok name=/sys/class/leds/green/blink string=0,len=1
12-03 06:12:38.579 D/lights  (  736): [LedInfo] write attr ok name=/sys/class/leds/green/off_timer string=0 0,len=3
12-03 06:12:44.506 D/VoldCmdListener(  232): enPCtoolISO enable
12-03 06:12:44.506 W/Vold    (  232): PCTOOL ISO mount at /sys/class/android_usb/f_mass_storage/lun0/file 
12-03 06:12:54.316 W/        (16666): netstack: LIB_MGR - Error loading lib libsocketpoolextend.so
12-03 06:12:54.316 I/SockPoolExtend(16666): Using default ClientSocketPoolExtend
12-03 06:12:54.316 D/        (16666): dl error message Cannot load library: load_library[1098]: Library 'libtcpfinaggr.so' not found
12-03 06:12:54.316 D/Socket_Pool(16666): Failed to create TCP Fin Aggregation interface.
12-03 06:12:54.316 D/Socket_Pool(16666): netstack: CloseUnusedSockets is ON
12-03 06:12:54.316 D/Socket_Pool(16666): netstack: system net.statistics value: 0
12-03 06:12:54.316 D/Socket_Pool(16666): Failed to create TCP Fin Aggregation interface.
12-03 06:12:54.316 D/Socket_Pool(16666): netstack: CloseUnusedSockets is ON
12-03 06:12:54.316 D/Socket_Pool(16666): netstack: system net.statistics value: 0
12-03 06:12:54.316 D/        (16666): common/external/chromium/net/http/http_getzip_factory.cc: Failed to construct GETzip manager, didn't find the library!
12-03 06:12:54.326 D/HostStatisticManager(16666): netstack: DNS Host Prioritization is: ON, Version: 5.0.1
12-03 06:12:54.326 I/        (16666): netstack: LIB_MGR - Lib loaded: libdnshostprio.so
12-03 06:12:54.326 I/        (16666): netstack: STAT_HUB - Succeeded to load plugin: libdnshostprio.so
12-03 06:12:54.326 W/        (16666): netstack: LIB_MGR - Error loading lib spl_proc_plugin.so
12-03 06:12:54.326 W/        (16666): netstack: STAT_HUB - Failed to load plugin: spl_proc_plugin.so
12-03 06:12:54.516 I/        (16666): netstack: LIB_MGR - Lib loaded: pp_proc_plugin.so
12-03 06:12:54.516 I/        (16666): netstack: STAT_HUB - Succeeded to load plugin: pp_proc_plugin.so
12-03 06:12:54.516 W/        (16666): netstack:  STAT_HUB - App ReportAgent:receiverprocess isn't supported
12-03 06:12:54.516 D/        (16666): netstack: Early Connections is: ON, Version: 5.0.1, Param: 3
12-03 06:12:57.379 D/DeviceStorageMonitor(  736): OoO SMS Memory available. SMS_AVAILABLE_THRESHOLD == 524288
12-03 06:12:57.379 I/DeviceStorageMonitor(  736): Posting Message again
12-03 06:13:55.441 D/VoldCmdListener(  232): asec list
12-03 06:13:57.383 D/DeviceStorageMonitor(  736): OoO SMS Memory available. SMS_AVAILABLE_THRESHOLD == 524288
12-03 06:13:57.834 I/DeviceStorageMonitor(  736): Posting Message again
12-03 06:14:13.340 W/FrameworkListener(  248): Handler 'rtsol' error (Invalid argument)
12-03 06:14:57.838 D/DeviceStorageMonitor(  736): OoO SMS Memory available. SMS_AVAILABLE_THRESHOLD == 524288
12-03 06:14:57.838 I/DeviceStorageMonitor(  736): Posting Message again
12-03 06:15:57.862 D/DeviceStorageMonitor(  736): OoO SMS Memory available. SMS_AVAILABLE_THRESHOLD == 524288
12-03 06:15:57.862 I/DeviceStorageMonitor(  736): Posting Message again
12-03 06:16:57.856 D/DeviceStorageMonitor(  736): OoO SMS Memory available. SMS_AVAILABLE_THRESHOLD == 524288
12-03 06:16:57.856 I/DeviceStorageMonitor(  736): Posting Message again
12-03 06:17:21.371 W/ThrottleService( 1205): unable to find stats for iface rmnet0
12-03 06:17:57.870 D/DeviceStorageMonitor(  736): OoO SMS Memory available. SMS_AVAILABLE_THRESHOLD == 524288
12-03 06:17:57.870 I/DeviceStorageMonitor(  736): Posting Message again
12-03 06:18:57.894 D/DeviceStorageMonitor(  736): OoO SMS Memory available. SMS_AVAILABLE_THRESHOLD == 524288
12-03 06:18:57.894 I/DeviceStorageMonitor(  736): Posting Message again
12-03 06:19:57.898 D/DeviceStorageMonitor(  736): OoO SMS Memory available. SMS_AVAILABLE_THRESHOLD == 524288
12-03 06:19:57.898 I/DeviceStorageMonitor(  736): Posting Message again
12-03 06:20:57.912 D/DeviceStorageMonitor(  736): OoO SMS Memory available. SMS_AVAILABLE_THRESHOLD == 524288
12-03 06:20:57.912 I/DeviceStorageMonitor(  736): Posting Message again
12-03 06:21:57.916 D/DeviceStorageMonitor(  736): OoO SMS Memory available. SMS_AVAILABLE_THRESHOLD == 524288
12-03 06:21:57.916 I/DeviceStorageMonitor(  736): Posting Message again
12-03 06:22:57.930 D/DeviceStorageMonitor(  736): OoO SMS Memory available. SMS_AVAILABLE_THRESHOLD == 524288
12-03 06:22:57.930 I/DeviceStorageMonitor(  736): Posting Message again
12-03 06:23:57.944 D/DeviceStorageMonitor(  736): OoO SMS Memory available. SMS_AVAILABLE_THRESHOLD == 524288
12-03 06:23:57.944 I/DeviceStorageMonitor(  736): Posting Message again
12-03 06:24:57.948 D/DeviceStorageMonitor(  736): OoO SMS Memory available. SMS_AVAILABLE_THRESHOLD == 524288
12-03 06:24:57.948 I/DeviceStorageMonitor(  736): Posting Message again
12-03 06:25:57.952 D/DeviceStorageMonitor(  736): OoO SMS Memory available. SMS_AVAILABLE_THRESHOLD == 524288
12-03 06:25:57.952 I/DeviceStorageMonitor(  736): Posting Message again
12-03 06:26:57.956 D/DeviceStorageMonitor(  736): OoO SMS Memory available. SMS_AVAILABLE_THRESHOLD == 524288
12-03 06:26:57.956 I/DeviceStorageMonitor(  736): Posting Message again
12-03 06:27:21.391 W/ThrottleService( 1205): unable to find stats for iface rmnet0
12-03 06:27:57.970 D/DeviceStorageMonitor(  736): OoO SMS Memory available. SMS_AVAILABLE_THRESHOLD == 524288
12-03 06:27:57.970 I/DeviceStorageMonitor(  736): Posting Message again
12-03 06:28:57.974 D/DeviceStorageMonitor(  736): OoO SMS Memory available. SMS_AVAILABLE_THRESHOLD == 524288
12-03 06:28:57.974 I/DeviceStorageMonitor(  736): Posting Message again
12-03 06:29:57.978 D/DeviceStorageMonitor(  736): OoO SMS Memory available. SMS_AVAILABLE_THRESHOLD == 524288
12-03 06:29:57.978 I/DeviceStorageMonitor(  736): Posting Message again
12-03 06:30:05.276 W/        (21147): netstack: LIB_MGR - Error loading lib libsocketpoolextend.so
12-03 06:30:05.276 I/SockPoolExtend(21147): Using default ClientSocketPoolExtend
12-03 06:30:05.276 D/        (21147): dl error message Cannot load library: load_library[1098]: Library 'libtcpfinaggr.so' not found
12-03 06:30:05.276 D/Socket_Pool(21147): Failed to create TCP Fin Aggregation interface.
12-03 06:30:05.276 D/Socket_Pool(21147): netstack: CloseUnusedSockets is ON
12-03 06:30:05.276 D/Socket_Pool(21147): netstack: system net.statistics value: 0
12-03 06:30:05.276 D/Socket_Pool(21147): Failed to create TCP Fin Aggregation interface.
12-03 06:30:05.276 D/Socket_Pool(21147): netstack: CloseUnusedSockets is ON
12-03 06:30:05.276 D/Socket_Pool(21147): netstack: system net.statistics value: 0
12-03 06:30:05.276 D/        (21147): common/external/chromium/net/http/http_getzip_factory.cc: Failed to construct GETzip manager, didn't find the library!
12-03 06:30:05.306 D/HostStatisticManager(21147): netstack: DNS Host Prioritization is: ON, Version: 5.0.1
12-03 06:30:05.306 I/        (21147): netstack: LIB_MGR - Lib loaded: libdnshostprio.so
12-03 06:30:05.306 I/        (21147): netstack: STAT_HUB - Succeeded to load plugin: libdnshostprio.so
12-03 06:30:05.306 W/        (21147): netstack: LIB_MGR - Error loading lib spl_proc_plugin.so
12-03 06:30:05.306 W/        (21147): netstack: STAT_HUB - Failed to load plugin: spl_proc_plugin.so
12-03 06:30:05.727 I/        (21147): netstack: LIB_MGR - Lib loaded: pp_proc_plugin.so
12-03 06:30:05.727 I/        (21147): netstack: STAT_HUB - Succeeded to load plugin: pp_proc_plugin.so
12-03 06:30:05.727 W/        (21147): netstack:  STAT_HUB - App newsplugin isn't supported
12-03 06:30:05.727 D/        (21147): netstack: Early Connections is: ON, Version: 5.0.1, Param: 3
12-03 06:30:57.993 D/DeviceStorageMonitor(  736): OoO SMS Memory available. SMS_AVAILABLE_THRESHOLD == 524288
12-03 06:30:57.993 I/DeviceStorageMonitor(  736): Posting Message again
12-03 06:31:58.017 D/DeviceStorageMonitor(  736): OoO SMS Memory available. SMS_AVAILABLE_THRESHOLD == 524288
12-03 06:31:58.017 I/DeviceStorageMonitor(  736): Posting Message again
12-03 06:32:58.031 D/DeviceStorageMonitor(  736): OoO SMS Memory available. SMS_AVAILABLE_THRESHOLD == 524288
12-03 06:32:58.031 I/DeviceStorageMonitor(  736): Posting Message again
12-03 06:33:58.055 D/DeviceStorageMonitor(  736): OoO SMS Memory available. SMS_AVAILABLE_THRESHOLD == 524288
12-03 06:33:58.055 I/DeviceStorageMonitor(  736): Posting Message again
12-03 06:34:58.059 D/DeviceStorageMonitor(  736): OoO SMS Memory available. SMS_AVAILABLE_THRESHOLD == 524288
12-03 06:34:58.059 I/DeviceStorageMonitor(  736): Posting Message again
12-03 06:35:58.073 D/DeviceStorageMonitor(  736): OoO SMS Memory available. SMS_AVAILABLE_THRESHOLD == 524288
12-03 06:35:58.073 I/DeviceStorageMonitor(  736): Posting Message again
12-03 06:36:58.077 D/DeviceStorageMonitor(  736): OoO SMS Memory available. SMS_AVAILABLE_THRESHOLD == 524288
12-03 06:36:58.077 I/DeviceStorageMonitor(  736): Posting Message again
12-03 06:37:21.382 W/ThrottleService( 1205): unable to find stats for iface rmnet0
12-03 06:37:58.091 D/DeviceStorageMonitor(  736): OoO SMS Memory available. SMS_AVAILABLE_THRESHOLD == 524288
12-03 06:37:58.091 I/DeviceStorageMonitor(  736): Posting Message again
12-03 06:38:58.115 D/DeviceStorageMonitor(  736): OoO SMS Memory available. SMS_AVAILABLE_THRESHOLD == 524288
12-03 06:38:58.115 I/DeviceStorageMonitor(  736): Posting Message again
12-03 06:39:58.119 D/DeviceStorageMonitor(  736): OoO SMS Memory available. SMS_AVAILABLE_THRESHOLD == 524288
12-03 06:39:58.119 I/DeviceStorageMonitor(  736): Posting Message again
12-03 06:40:58.133 D/DeviceStorageMonitor(  736): OoO SMS Memory available. SMS_AVAILABLE_THRESHOLD == 524288
12-03 06:40:58.133 I/DeviceStorageMonitor(  736): Posting Message again
12-03 06:41:58.147 D/DeviceStorageMonitor(  736): OoO SMS Memory available. SMS_AVAILABLE_THRESHOLD == 524288
12-03 06:41:58.147 I/DeviceStorageMonitor(  736): Posting Message again
12-03 06:42:58.151 D/DeviceStorageMonitor(  736): OoO SMS Memory available. SMS_AVAILABLE_THRESHOLD == 524288
12-03 06:42:58.151 I/DeviceStorageMonitor(  736): Posting Message again
12-03 06:43:58.155 D/DeviceStorageMonitor(  736): OoO SMS Memory available. SMS_AVAILABLE_THRESHOLD == 524288
12-03 06:43:58.155 I/DeviceStorageMonitor(  736): Posting Message again
12-03 06:44:58.159 D/DeviceStorageMonitor(  736): OoO SMS Memory available. SMS_AVAILABLE_THRESHOLD == 524288
12-03 06:44:58.159 I/DeviceStorageMonitor(  736): Posting Message again
12-03 06:45:58.039 D/DeviceStorageMonitor(  736): OoO SMS Memory available. SMS_AVAILABLE_THRESHOLD == 524288
12-03 06:45:58.039 I/DeviceStorageMonitor(  736): Posting Message again
12-03 06:46:58.043 D/DeviceStorageMonitor(  736): OoO SMS Memory available. SMS_AVAILABLE_THRESHOLD == 524288
12-03 06:46:58.043 I/DeviceStorageMonitor(  736): Posting Message again
12-03 06:47:21.248 W/ThrottleService( 1205): unable to find stats for iface rmnet0
12-03 06:47:58.047 D/DeviceStorageMonitor(  736): OoO SMS Memory available. SMS_AVAILABLE_THRESHOLD == 524288
12-03 06:47:58.047 I/DeviceStorageMonitor(  736): Posting Message again
12-03 06:48:58.071 D/DeviceStorageMonitor(  736): OoO SMS Memory available. SMS_AVAILABLE_THRESHOLD == 524288
12-03 06:48:58.071 I/DeviceStorageMonitor(  736): Posting Message again
12-03 06:49:58.075 D/DeviceStorageMonitor(  736): OoO SMS Memory available. SMS_AVAILABLE_THRESHOLD == 524288
12-03 06:49:58.075 I/DeviceStorageMonitor(  736): Posting Message again
12-03 06:50:58.079 D/DeviceStorageMonitor(  736): OoO SMS Memory available. SMS_AVAILABLE_THRESHOLD == 524288
12-03 06:50:58.079 I/DeviceStorageMonitor(  736): Posting Message again
12-03 06:51:58.093 D/DeviceStorageMonitor(  736): OoO SMS Memory available. SMS_AVAILABLE_THRESHOLD == 524288
12-03 06:51:58.093 I/DeviceStorageMonitor(  736): Posting Message again
12-03 06:52:58.117 D/DeviceStorageMonitor(  736): OoO SMS Memory available. SMS_AVAILABLE_THRESHOLD == 524288
12-03 06:52:58.117 I/DeviceStorageMonitor(  736): Posting Message again
12-03 06:53:58.131 D/DeviceStorageMonitor(  736): OoO SMS Memory available. SMS_AVAILABLE_THRESHOLD == 524288
12-03 06:53:58.131 I/DeviceStorageMonitor(  736): Posting Message again
12-03 06:54:58.155 D/DeviceStorageMonitor(  736): OoO SMS Memory available. SMS_AVAILABLE_THRESHOLD == 524288
12-03 06:54:58.155 I/DeviceStorageMonitor(  736): Posting Message again
12-03 06:55:58.159 D/DeviceStorageMonitor(  736): OoO SMS Memory available. SMS_AVAILABLE_THRESHOLD == 524288
12-03 06:55:58.159 I/DeviceStorageMonitor(  736): Posting Message again
12-03 06:56:58.183 D/DeviceStorageMonitor(  736): OoO SMS Memory available. SMS_AVAILABLE_THRESHOLD == 524288
12-03 06:56:58.183 I/DeviceStorageMonitor(  736): Posting Message again
12-03 06:57:21.258 W/ThrottleService( 1205): unable to find stats for iface rmnet0
12-03 06:57:58.197 D/DeviceStorageMonitor(  736): OoO SMS Memory available. SMS_AVAILABLE_THRESHOLD == 524288
12-03 06:57:58.197 I/DeviceStorageMonitor(  736): Posting Message again
12-03 06:58:58.201 D/DeviceStorageMonitor(  736): OoO SMS Memory available. SMS_AVAILABLE_THRESHOLD == 524288
12-03 06:58:58.201 I/DeviceStorageMonitor(  736): Posting Message again
12-03 06:59:58.215 D/DeviceStorageMonitor(  736): OoO SMS Memory available. SMS_AVAILABLE_THRESHOLD == 524288
12-03 06:59:58.215 I/DeviceStorageMonitor(  736): Posting Message again
12-03 07:00:58.229 D/DeviceStorageMonitor(  736): OoO SMS Memory available. SMS_AVAILABLE_THRESHOLD == 524288
12-03 07:00:58.229 I/DeviceStorageMonitor(  736): Posting Message again
12-03 07:01:58.243 D/DeviceStorageMonitor(  736): OoO SMS Memory available. SMS_AVAILABLE_THRESHOLD == 524288
12-03 07:01:58.243 I/DeviceStorageMonitor(  736): Posting Message again
12-03 07:02:58.257 D/DeviceStorageMonitor(  736): OoO SMS Memory available. SMS_AVAILABLE_THRESHOLD == 524288
12-03 07:02:58.257 I/DeviceStorageMonitor(  736): Posting Message again
12-03 07:03:58.271 D/DeviceStorageMonitor(  736): OoO SMS Memory available. SMS_AVAILABLE_THRESHOLD == 524288
12-03 07:03:58.271 I/DeviceStorageMonitor(  736): Posting Message again
12-03 07:04:58.285 D/DeviceStorageMonitor(  736): OoO SMS Memory available. SMS_AVAILABLE_THRESHOLD == 524288
12-03 07:04:58.285 I/DeviceStorageMonitor(  736): Posting Message again
12-03 07:05:58.300 D/DeviceStorageMonitor(  736): OoO SMS Memory available. SMS_AVAILABLE_THRESHOLD == 524288
12-03 07:05:58.300 I/DeviceStorageMonitor(  736): Posting Message again
12-03 07:06:58.324 D/DeviceStorageMonitor(  736): OoO SMS Memory available. SMS_AVAILABLE_THRESHOLD == 524288
12-03 07:06:58.324 I/DeviceStorageMonitor(  736): Posting Message again
12-03 07:07:21.268 W/ThrottleService( 1205): unable to find stats for iface rmnet0
12-03 07:07:58.338 D/DeviceStorageMonitor(  736): OoO SMS Memory available. SMS_AVAILABLE_THRESHOLD == 524288
12-03 07:07:58.338 I/DeviceStorageMonitor(  736): Posting Message again
12-03 07:08:58.342 D/DeviceStorageMonitor(  736): OoO SMS Memory available. SMS_AVAILABLE_THRESHOLD == 524288
12-03 07:08:58.342 I/DeviceStorageMonitor(  736): Posting Message again
12-03 07:09:58.366 D/DeviceStorageMonitor(  736): OoO SMS Memory available. SMS_AVAILABLE_THRESHOLD == 524288
12-03 07:09:58.366 I/DeviceStorageMonitor(  736): Posting Message again
12-03 07:10:58.370 D/DeviceStorageMonitor(  736): OoO SMS Memory available. SMS_AVAILABLE_THRESHOLD == 524288
12-03 07:10:58.370 I/DeviceStorageMonitor(  736): Posting Message again
12-03 07:11:49.694 W/FrameworkListener(  248): Handler 'rtsol' error (Invalid argument)
12-03 07:11:58.384 D/DeviceStorageMonitor(  736): OoO SMS Memory available. SMS_AVAILABLE_THRESHOLD == 524288
12-03 07:11:58.384 I/DeviceStorageMonitor(  736): Posting Message again
12-03 07:12:58.269 D/DeviceStorageMonitor(  736): OoO SMS Memory available. SMS_AVAILABLE_THRESHOLD == 524288
12-03 07:12:58.269 I/DeviceStorageMonitor(  736): Posting Message again
12-03 07:13:58.273 D/DeviceStorageMonitor(  736): OoO SMS Memory available. SMS_AVAILABLE_THRESHOLD == 524288
12-03 07:13:58.273 I/DeviceStorageMonitor(  736): Posting Message again
12-03 07:14:58.277 D/DeviceStorageMonitor(  736): OoO SMS Memory available. SMS_AVAILABLE_THRESHOLD == 524288
12-03 07:14:58.277 I/DeviceStorageMonitor(  736): Posting Message again
12-03 07:15:58.281 D/DeviceStorageMonitor(  736): OoO SMS Memory available. SMS_AVAILABLE_THRESHOLD == 524288
12-03 07:15:58.281 I/DeviceStorageMonitor(  736): Posting Message again
12-03 07:16:58.295 D/DeviceStorageMonitor(  736): OoO SMS Memory available. SMS_AVAILABLE_THRESHOLD == 524288
12-03 07:16:58.295 I/DeviceStorageMonitor(  736): Posting Message again
12-03 07:17:21.170 W/ThrottleService( 1205): unable to find stats for iface rmnet0
12-03 07:17:58.299 D/DeviceStorageMonitor(  736): OoO SMS Memory available. SMS_AVAILABLE_THRESHOLD == 524288
12-03 07:17:58.299 I/DeviceStorageMonitor(  736): Posting Message again
12-03 07:18:58.313 D/DeviceStorageMonitor(  736): OoO SMS Memory available. SMS_AVAILABLE_THRESHOLD == 524288
12-03 07:18:58.313 I/DeviceStorageMonitor(  736): Posting Message again
12-03 07:19:58.317 D/DeviceStorageMonitor(  736): OoO SMS Memory available. SMS_AVAILABLE_THRESHOLD == 524288
12-03 07:19:58.317 I/DeviceStorageMonitor(  736): Posting Message again
12-03 07:20:58.332 D/DeviceStorageMonitor(  736): OoO SMS Memory available. SMS_AVAILABLE_THRESHOLD == 524288
12-03 07:20:58.332 I/DeviceStorageMonitor(  736): Posting Message again
12-03 07:21:58.326 D/DeviceStorageMonitor(  736): OoO SMS Memory available. SMS_AVAILABLE_THRESHOLD == 524288
12-03 07:21:58.326 I/DeviceStorageMonitor(  736): Posting Message again
12-03 07:22:58.340 D/DeviceStorageMonitor(  736): OoO SMS Memory available. SMS_AVAILABLE_THRESHOLD == 524288
12-03 07:22:58.340 I/DeviceStorageMonitor(  736): Posting Message again
12-03 07:23:58.354 D/DeviceStorageMonitor(  736): OoO SMS Memory available. SMS_AVAILABLE_THRESHOLD == 524288
12-03 07:23:58.354 I/DeviceStorageMonitor(  736): Posting Message again
12-03 07:24:58.358 D/DeviceStorageMonitor(  736): OoO SMS Memory available. SMS_AVAILABLE_THRESHOLD == 524288
12-03 07:24:58.358 I/DeviceStorageMonitor(  736): Posting Message again
12-03 07:25:58.362 D/DeviceStorageMonitor(  736): OoO SMS Memory available. SMS_AVAILABLE_THRESHOLD == 524288
12-03 07:25:58.372 I/DeviceStorageMonitor(  736): Posting Message again
12-03 07:26:58.366 D/DeviceStorageMonitor(  736): OoO SMS Memory available. SMS_AVAILABLE_THRESHOLD == 524288
12-03 07:26:58.366 I/DeviceStorageMonitor(  736): Posting Message again
12-03 07:27:21.180 W/ThrottleService( 1205): unable to find stats for iface rmnet0
12-03 07:27:58.380 D/DeviceStorageMonitor(  736): OoO SMS Memory available. SMS_AVAILABLE_THRESHOLD == 524288
12-03 07:27:58.380 I/DeviceStorageMonitor(  736): Posting Message again
12-03 07:28:58.384 D/DeviceStorageMonitor(  736): OoO SMS Memory available. SMS_AVAILABLE_THRESHOLD == 524288
12-03 07:28:58.384 I/DeviceStorageMonitor(  736): Posting Message again
12-03 07:29:58.398 D/DeviceStorageMonitor(  736): OoO SMS Memory available. SMS_AVAILABLE_THRESHOLD == 524288
12-03 07:29:58.398 I/DeviceStorageMonitor(  736): Posting Message again
12-03 07:30:47.981 W/        (25632): netstack: LIB_MGR - Error loading lib libsocketpoolextend.so
12-03 07:30:47.981 I/SockPoolExtend(25632): Using default ClientSocketPoolExtend
12-03 07:30:47.981 D/        (25632): dl error message Cannot load library: load_library[1098]: Library 'libtcpfinaggr.so' not found
12-03 07:30:47.981 D/Socket_Pool(25632): Failed to create TCP Fin Aggregation interface.
12-03 07:30:47.981 D/Socket_Pool(25632): netstack: CloseUnusedSockets is ON
12-03 07:30:47.981 D/Socket_Pool(25632): netstack: system net.statistics value: 0
12-03 07:30:47.981 D/Socket_Pool(25632): Failed to create TCP Fin Aggregation interface.
12-03 07:30:47.981 D/Socket_Pool(25632): netstack: CloseUnusedSockets is ON
12-03 07:30:47.981 D/Socket_Pool(25632): netstack: system net.statistics value: 0
12-03 07:30:47.991 D/        (25632): common/external/chromium/net/http/http_getzip_factory.cc: Failed to construct GETzip manager, didn't find the library!
12-03 07:30:47.991 D/HostStatisticManager(25632): netstack: DNS Host Prioritization is: ON, Version: 5.0.1
12-03 07:30:47.991 I/        (25632): netstack: LIB_MGR - Lib loaded: libdnshostprio.so
12-03 07:30:47.991 I/        (25632): netstack: STAT_HUB - Succeeded to load plugin: libdnshostprio.so
12-03 07:30:47.991 W/        (25632): netstack: LIB_MGR - Error loading lib spl_proc_plugin.so
12-03 07:30:47.991 W/        (25632): netstack: STAT_HUB - Failed to load plugin: spl_proc_plugin.so
12-03 07:30:48.381 I/        (25632): netstack: LIB_MGR - Lib loaded: pp_proc_plugin.so
12-03 07:30:48.381 I/        (25632): netstack: STAT_HUB - Succeeded to load plugin: pp_proc_plugin.so
12-03 07:30:48.381 W/        (25632): netstack:  STAT_HUB - App CheckinProvider isn't supported
12-03 07:30:48.391 D/        (25632): netstack: Early Connections is: ON, Version: 5.0.1, Param: 3
12-03 07:30:58.402 D/DeviceStorageMonitor(  736): OoO SMS Memory available. SMS_AVAILABLE_THRESHOLD == 524288
12-03 07:30:58.402 I/DeviceStorageMonitor(  736): Posting Message again
12-03 07:31:58.406 D/DeviceStorageMonitor(  736): OoO SMS Memory available. SMS_AVAILABLE_THRESHOLD == 524288
12-03 07:31:58.406 I/DeviceStorageMonitor(  736): Posting Message again
12-03 07:32:58.410 D/DeviceStorageMonitor(  736): OoO SMS Memory available. SMS_AVAILABLE_THRESHOLD == 524288
12-03 07:32:58.410 I/DeviceStorageMonitor(  736): Posting Message again
12-03 07:33:58.424 D/DeviceStorageMonitor(  736): OoO SMS Memory available. SMS_AVAILABLE_THRESHOLD == 524288
12-03 07:33:58.424 I/DeviceStorageMonitor(  736): Posting Message again
12-03 07:34:58.418 D/DeviceStorageMonitor(  736): OoO SMS Memory available. SMS_AVAILABLE_THRESHOLD == 524288
12-03 07:34:58.418 I/DeviceStorageMonitor(  736): Posting Message again
12-03 07:35:58.432 D/DeviceStorageMonitor(  736): OoO SMS Memory available. SMS_AVAILABLE_THRESHOLD == 524288
12-03 07:35:58.432 I/DeviceStorageMonitor(  736): Posting Message again
12-03 07:36:58.446 D/DeviceStorageMonitor(  736): OoO SMS Memory available. SMS_AVAILABLE_THRESHOLD == 524288
12-03 07:36:58.446 I/DeviceStorageMonitor(  736): Posting Message again
12-03 07:37:21.190 W/ThrottleService( 1205): unable to find stats for iface rmnet0
12-03 07:37:58.450 D/DeviceStorageMonitor(  736): OoO SMS Memory available. SMS_AVAILABLE_THRESHOLD == 524288
12-03 07:37:58.450 I/DeviceStorageMonitor(  736): Posting Message again
12-03 07:38:58.464 D/DeviceStorageMonitor(  736): OoO SMS Memory available. SMS_AVAILABLE_THRESHOLD == 524288
12-03 07:38:58.464 I/DeviceStorageMonitor(  736): Posting Message again
12-03 07:39:58.468 D/DeviceStorageMonitor(  736): OoO SMS Memory available. SMS_AVAILABLE_THRESHOLD == 524288
12-03 07:39:58.468 I/DeviceStorageMonitor(  736): Posting Message again
12-03 07:40:58.472 D/DeviceStorageMonitor(  736): OoO SMS Memory available. SMS_AVAILABLE_THRESHOLD == 524288
12-03 07:40:58.472 I/DeviceStorageMonitor(  736): Posting Message again
12-03 07:41:58.496 D/DeviceStorageMonitor(  736): OoO SMS Memory available. SMS_AVAILABLE_THRESHOLD == 524288
12-03 07:41:58.506 I/DeviceStorageMonitor(  736): Posting Message again
12-03 07:42:58.350 D/DeviceStorageMonitor(  736): OoO SMS Memory available. SMS_AVAILABLE_THRESHOLD == 524288
