12-02 16:32:01.645 D/lights  (  736): [LedInfo] write attr ok name=/sys/class/leds/amber/off_timer string=0 0,len=3
12-02 16:32:01.645 D/lights  (  736): [LedInfo] write attr ok name=/sys/class/leds/green/brightness string=1,len=1
12-02 16:32:01.645 D/lights  (  736): [LedInfo] write attr ok name=/sys/class/leds/green/blink string=1,len=1
12-02 16:32:01.645 D/lights  (  736): [LedInfo] write attr ok name=/sys/class/leds/green/off_timer string=0 0,len=3
12-02 16:32:24.089 D/lights  (  736): set_color_led color=13158400, mode=0, off_min=0, off_sec=0
12-02 16:32:24.089 D/lights  (  736): [LedInfo] without indicator attribute, red:c80000, green:c800, blue:0
12-02 16:32:24.089 D/lights  (  736): [LedInfo] write attr ok name=/sys/class/leds/amber/brightness string=0,len=1
12-02 16:32:24.089 D/lights  (  736): [LedInfo] write attr ok name=/sys/class/leds/amber/blink string=0,len=1
12-02 16:32:24.089 D/lights  (  736): [LedInfo] write attr ok name=/sys/class/leds/amber/off_timer string=0 0,len=3
12-02 16:32:24.089 D/lights  (  736): [LedInfo] write attr ok name=/sys/class/leds/green/brightness string=0,len=1
12-02 16:32:24.089 D/lights  (  736): [LedInfo] write attr ok name=/sys/class/leds/green/blink string=0,len=1
12-02 16:32:24.089 D/lights  (  736): [LedInfo] write attr ok name=/sys/class/leds/green/off_timer string=0 0,len=3
12-02 16:32:26.191 D/lights  (  736): set_light_buttons_func: on=0 brightness=0
12-02 16:32:32.218 D/DeviceStorageMonitor(  736): OoO SMS Memory available. SMS_AVAILABLE_THRESHOLD == 524288
12-02 16:32:32.218 I/DeviceStorageMonitor(  736): Posting Message again
12-02 16:35:35.600 D/lights  (  736): set_light_buttons_func: on=16777215 brightness=255
12-02 16:35:35.740 W/ThrottleService( 1205): unable to find stats for iface rmnet0
12-02 16:35:37.582 D/lights  (  736): set_color_led color=13158400, mode=255, off_min=0, off_sec=0
12-02 16:35:37.582 D/lights  (  736): [LedInfo] without indicator attribute, red:c80000, green:c800, blue:0
12-02 16:35:37.582 D/lights  (  736): set_color_led color=65280, mode=2, off_min=500, off_sec=2000
12-02 16:35:37.582 D/lights  (  736): [LedInfo] without indicator attribute, red:0, green:ff00, blue:0
12-02 16:35:37.582 D/lights  (  736): [LedInfo] write attr ok name=/sys/class/leds/amber/brightness string=0,len=1
12-02 16:35:37.582 D/lights  (  736): [LedInfo] write attr ok name=/sys/class/leds/amber/blink string=0,len=1
12-02 16:35:37.582 D/lights  (  736): [LedInfo] write attr ok name=/sys/class/leds/amber/off_timer string=0 0,len=3
12-02 16:35:37.582 D/lights  (  736): [LedInfo] write attr ok name=/sys/class/leds/green/brightness string=1,len=1
12-02 16:35:37.582 D/lights  (  736): [LedInfo] write attr ok name=/sys/class/leds/green/blink string=1,len=1
12-02 16:35:37.582 D/lights  (  736): [LedInfo] write attr ok name=/sys/class/leds/green/off_timer string=0 0,len=3
12-02 16:35:37.692 D/lights  (  736): set_color_led color=13158400, mode=255, off_min=0, off_sec=0
12-02 16:35:37.692 D/lights  (  736): [LedInfo] without indicator attribute, red:c80000, green:c800, blue:0
12-02 16:35:37.692 D/lights  (  736): set_color_led color=65280, mode=2, off_min=500, off_sec=2000
12-02 16:35:37.692 D/lights  (  736): [LedInfo] without indicator attribute, red:0, green:ff00, blue:0
12-02 16:35:37.692 D/lights  (  736): [LedInfo] write attr ok name=/sys/class/leds/amber/brightness string=0,len=1
12-02 16:35:37.692 D/lights  (  736): [LedInfo] write attr ok name=/sys/class/leds/amber/blink string=0,len=1
12-02 16:35:37.692 D/lights  (  736): [LedInfo] write attr ok name=/sys/class/leds/amber/off_timer string=0 0,len=3
12-02 16:35:37.692 D/lights  (  736): [LedInfo] write attr ok name=/sys/class/leds/green/brightness string=1,len=1
12-02 16:35:37.692 D/lights  (  736): [LedInfo] write attr ok name=/sys/class/leds/green/blink string=1,len=1
12-02 16:35:37.692 D/lights  (  736): [LedInfo] write attr ok name=/sys/class/leds/green/off_timer string=0 0,len=3
12-02 16:35:37.692 D/lights  (  736): set_color_led color=13158400, mode=255, off_min=0, off_sec=0
12-02 16:35:37.692 D/lights  (  736): [LedInfo] without indicator attribute, red:c80000, green:c800, blue:0
12-02 16:35:37.692 D/lights  (  736): set_color_led color=65280, mode=2, off_min=500, off_sec=2000
12-02 16:35:37.692 D/lights  (  736): [LedInfo] without indicator attribute, red:0, green:ff00, blue:0
12-02 16:35:37.692 D/lights  (  736): [LedInfo] write attr ok name=/sys/class/leds/amber/brightness string=0,len=1
12-02 16:35:37.692 D/lights  (  736): [LedInfo] write attr ok name=/sys/class/leds/amber/blink string=0,len=1
12-02 16:35:37.692 D/lights  (  736): [LedInfo] write attr ok name=/sys/class/leds/amber/off_timer string=0 0,len=3
12-02 16:35:37.692 D/lights  (  736): [LedInfo] write attr ok name=/sys/class/leds/green/brightness string=1,len=1
12-02 16:35:37.692 D/lights  (  736): [LedInfo] write attr ok name=/sys/class/leds/green/blink string=1,len=1
12-02 16:35:37.692 D/lights  (  736): [LedInfo] write attr ok name=/sys/class/leds/green/off_timer string=0 0,len=3
12-02 16:35:43.508 D/lights  (  736): set_color_led color=13158400, mode=0, off_min=0, off_sec=0
12-02 16:35:43.508 D/lights  (  736): [LedInfo] without indicator attribute, red:c80000, green:c800, blue:0
12-02 16:35:43.508 D/lights  (  736): [LedInfo] write attr ok name=/sys/class/leds/amber/brightness string=0,len=1
12-02 16:35:43.508 D/lights  (  736): [LedInfo] write attr ok name=/sys/class/leds/amber/blink string=0,len=1
12-02 16:35:43.508 D/lights  (  736): [LedInfo] write attr ok name=/sys/class/leds/amber/off_timer string=0 0,len=3
12-02 16:35:43.508 D/lights  (  736): [LedInfo] write attr ok name=/sys/class/leds/green/brightness string=0,len=1
12-02 16:35:43.508 D/lights  (  736): [LedInfo] write attr ok name=/sys/class/leds/green/blink string=0,len=1
12-02 16:35:43.508 D/lights  (  736): [LedInfo] write attr ok name=/sys/class/leds/green/off_timer string=0 0,len=3
12-02 16:36:05.071 D/DeviceStorageMonitor(  736): OoO SMS Memory available. SMS_AVAILABLE_THRESHOLD == 524288
12-02 16:36:05.071 I/DeviceStorageMonitor(  736): Posting Message again
12-02 16:36:27.505 D/lights  (  736): set_light_buttons_func: on=0 brightness=0
12-02 16:41:51.690 D/lights  (  736): set_light_buttons_func: on=16777215 brightness=255
12-02 16:41:59.278 D/DeviceStorageMonitor(  736): OoO SMS Memory available. SMS_AVAILABLE_THRESHOLD == 524288
12-02 16:41:59.278 I/DeviceStorageMonitor(  736): Posting Message again
12-02 16:42:00.849 D/lights  (  736): set_light_buttons_func: on=0 brightness=0
12-02 16:42:06.225 D/lights  (  736): set_light_buttons_func: on=16777215 brightness=255
12-02 16:42:06.335 D/lights  (  736): set_light_buttons_func: on=0 brightness=0
12-02 16:42:06.335 D/lights  (  736): set_light_buttons_func: on=16777215 brightness=255
12-02 16:42:06.375 D/lights  (  736): set_light_buttons_func: on=0 brightness=0
12-02 16:42:08.067 D/lights  (  736): set_light_buttons_func: on=16777215 brightness=255
12-02 16:42:13.583 D/lights  (  736): set_light_buttons_func: on=0 brightness=0
12-02 16:42:17.307 D/lights  (  736): set_light_buttons_func: on=16777215 brightness=255
12-02 16:42:20.671 D/lights  (  736): set_light_buttons_func: on=0 brightness=0
12-02 16:42:21.722 D/lights  (  736): set_light_buttons_func: on=16777215 brightness=255
12-02 16:42:24.735 D/lights  (  736): set_light_buttons_func: on=0 brightness=0
12-02 16:42:25.456 D/lights  (  736): set_light_buttons_func: on=16777215 brightness=255
12-02 16:42:41.243 I/ViewRootImpl(  416): attrs.mwResizeMode = 1
12-02 16:42:41.973 I/ViewRootImpl(  416): attrs.mwResizeMode = 1
12-02 16:42:42.003 I/ViewRootImpl(  416): attrs.mwResizeMode = 0
12-02 16:42:43.155 I/ViewRootImpl(  416): finish input keyecode = 4
12-02 16:42:43.235 I/ViewRootImpl(  416): finish input keyecode = 4
12-02 16:42:44.346 I/ViewRootImpl(  416): attrs.mwResizeMode = 1
12-02 16:42:44.406 I/ViewRootImpl(  416): finish input keyecode = 4
12-02 16:42:44.406 I/ViewRootImpl(  416): finish input keyecode = 4
12-02 16:42:44.406 I/ViewRootImpl(  416): finish input keyecode = 4
12-02 16:42:44.416 I/ViewRootImpl(  416): finish input keyecode = 4
12-02 16:42:44.936 I/ViewRootImpl(  416): finish input keyecode = 4
12-02 16:42:44.997 I/ViewRootImpl(  416): finish input keyecode = 4
12-02 16:42:45.507 I/ViewRootImpl(  416): finish input keyecode = 4
12-02 16:42:45.607 I/ViewRootImpl(  416): finish input keyecode = 4
12-02 16:42:45.707 I/ViewRootImpl(  416): finish input keyecode = 4
12-02 16:42:45.737 I/ViewRootImpl(  416): finish input keyecode = 4
12-02 16:42:45.877 I/ViewRootImpl(  416): finish input keyecode = 4
12-02 16:42:45.887 I/ViewRootImpl(  416): finish input keyecode = 4
12-02 16:42:45.897 I/ViewRootImpl(  416): finish input keyecode = 4
12-02 16:42:45.907 I/ViewRootImpl(  416): finish input keyecode = 4
12-02 16:42:46.058 I/ViewRootImpl(  416): finish input keyecode = 4
12-02 16:42:46.078 I/ViewRootImpl(  416): finish input keyecode = 4
12-02 16:42:46.228 I/ViewRootImpl(  416): finish input keyecode = 4
12-02 16:42:46.248 I/ViewRootImpl(  416): finish input keyecode = 4
12-02 16:42:59.292 D/DeviceStorageMonitor(  736): OoO SMS Memory available. SMS_AVAILABLE_THRESHOLD == 524288
12-02 16:42:59.292 I/DeviceStorageMonitor(  736): Posting Message again
12-02 16:43:09.473 D/lights  (  736): set_light_buttons_func: on=0 brightness=0
12-02 16:43:13.657 D/lights  (  736): set_light_buttons_func: on=16777215 brightness=255
12-02 16:43:29.834 D/lights  (  736): set_light_buttons_func: on=0 brightness=0
12-02 16:44:16.672 D/DeviceStorageMonitor(  736): OoO SMS Memory available. SMS_AVAILABLE_THRESHOLD == 524288
12-02 16:44:16.672 I/DeviceStorageMonitor(  736): Posting Message again
12-02 16:45:35.805 W/ThrottleService( 1205): unable to find stats for iface rmnet0
12-02 16:47:10.190 D/DeviceStorageMonitor(  736): OoO SMS Memory available. SMS_AVAILABLE_THRESHOLD == 524288
12-02 16:47:10.190 I/DeviceStorageMonitor(  736): Posting Message again
12-02 16:48:48.100 W/SocketClient(  248): write error (Broken pipe)
12-02 16:50:54.271 D/lights  (  736): set_color_led color=13158400, mode=255, off_min=0, off_sec=0
12-02 16:50:54.271 D/lights  (  736): [LedInfo] without indicator attribute, red:c80000, green:c800, blue:0
12-02 16:50:54.271 D/lights  (  736): set_color_led color=65280, mode=2, off_min=100, off_sec=50
12-02 16:50:54.271 D/lights  (  736): [LedInfo] without indicator attribute, red:0, green:ff00, blue:0
12-02 16:50:54.271 D/lights  (  736): [LedInfo] write attr ok name=/sys/class/leds/amber/brightness string=0,len=1
12-02 16:50:54.271 D/lights  (  736): [LedInfo] write attr ok name=/sys/class/leds/amber/blink string=0,len=1
12-02 16:50:54.271 D/lights  (  736): [LedInfo] write attr ok name=/sys/class/leds/amber/off_timer string=0 0,len=3
12-02 16:50:54.271 D/lights  (  736): [LedInfo] write attr ok name=/sys/class/leds/green/brightness string=1,len=1
12-02 16:50:54.271 D/lights  (  736): [LedInfo] write attr ok name=/sys/class/leds/green/blink string=1,len=1
12-02 16:50:54.271 D/lights  (  736): [LedInfo] write attr ok name=/sys/class/leds/green/off_timer string=100 50,len=6
12-02 16:50:55.162 D/lights  (  736): set_light_buttons_func: on=16777215 brightness=255
12-02 16:50:55.172 D/lights  (  736): set_color_led color=13158400, mode=0, off_min=0, off_sec=0
12-02 16:50:55.172 D/lights  (  736): [LedInfo] without indicator attribute, red:c80000, green:c800, blue:0
12-02 16:50:55.172 D/lights  (  736): [LedInfo] write attr ok name=/sys/class/leds/amber/brightness string=0,len=1
12-02 16:50:55.172 D/lights  (  736): [LedInfo] write attr ok name=/sys/class/leds/amber/blink string=0,len=1
12-02 16:50:55.172 D/lights  (  736): [LedInfo] write attr ok name=/sys/class/leds/amber/off_timer string=0 0,len=3
12-02 16:50:55.172 D/lights  (  736): [LedInfo] write attr ok name=/sys/class/leds/green/brightness string=0,len=1
12-02 16:50:55.172 D/lights  (  736): [LedInfo] write attr ok name=/sys/class/leds/green/blink string=0,len=1
12-02 16:50:55.172 D/lights  (  736): [LedInfo] write attr ok name=/sys/class/leds/green/off_timer string=0 0,len=3
12-02 16:51:01.069 D/DeviceStorageMonitor(  736): OoO SMS Memory available. SMS_AVAILABLE_THRESHOLD == 524288
12-02 16:51:01.069 I/DeviceStorageMonitor(  736): Posting Message again
12-02 16:51:14.243 D/lights  (  736): set_light_buttons_func: on=0 brightness=0
12-02 16:53:39.440 D/lights  (  736): set_light_buttons_func: on=16777215 brightness=255
12-02 16:53:57.158 D/DeviceStorageMonitor(  736): OoO SMS Memory available. SMS_AVAILABLE_THRESHOLD == 524288
12-02 16:53:57.158 I/DeviceStorageMonitor(  736): Posting Message again
12-02 16:54:57.152 D/DeviceStorageMonitor(  736): OoO SMS Memory available. SMS_AVAILABLE_THRESHOLD == 524288
12-02 16:54:57.152 I/DeviceStorageMonitor(  736): Posting Message again
12-02 16:55:35.804 W/ThrottleService( 1205): unable to find stats for iface rmnet0
12-02 16:55:49.869 D/VoldCmdListener(  232): cryptfs cryptocomplete
12-02 16:55:49.869 E/Cryptfs (  232): not running with encryption, aborting
12-02 16:55:57.156 D/DeviceStorageMonitor(  736): OoO SMS Memory available. SMS_AVAILABLE_THRESHOLD == 524288
12-02 16:55:57.156 I/DeviceStorageMonitor(  736): Posting Message again
12-02 16:56:44.917 D/lights  (  736): set_light_buttons_func: on=0 brightness=0
12-02 16:57:06.344 D/DeviceStorageMonitor(  736): OoO SMS Memory available. SMS_AVAILABLE_THRESHOLD == 524288
12-02 16:57:06.354 I/DeviceStorageMonitor(  736): Posting Message again
12-02 16:57:22.927 D/lights  (  736): set_light_buttons_func: on=16777215 brightness=255
12-02 16:57:33.418 D/lights  (  736): set_light_buttons_func: on=0 brightness=0
12-02 16:58:23.540 D/lights  (  736): set_light_buttons_func: on=16777215 brightness=255
12-02 16:58:37.414 D/lights  (  736): set_color_led color=13158400, mode=255, off_min=0, off_sec=0
12-02 16:58:37.414 D/lights  (  736): [LedInfo] without indicator attribute, red:c80000, green:c800, blue:0
12-02 16:58:37.414 D/lights  (  736): set_color_led color=65280, mode=2, off_min=500, off_sec=2000
12-02 16:58:37.414 D/lights  (  736): [LedInfo] without indicator attribute, red:0, green:ff00, blue:0
12-02 16:58:37.414 D/lights  (  736): [LedInfo] write attr ok name=/sys/class/leds/amber/brightness string=0,len=1
12-02 16:58:37.414 D/lights  (  736): [LedInfo] write attr ok name=/sys/class/leds/amber/blink string=0,len=1
12-02 16:58:37.414 D/lights  (  736): [LedInfo] write attr ok name=/sys/class/leds/amber/off_timer string=0 0,len=3
12-02 16:58:37.414 D/lights  (  736): [LedInfo] write attr ok name=/sys/class/leds/green/brightness string=1,len=1
12-02 16:58:37.414 D/lights  (  736): [LedInfo] write attr ok name=/sys/class/leds/green/blink string=1,len=1
12-02 16:58:37.414 D/lights  (  736): [LedInfo] write attr ok name=/sys/class/leds/green/off_timer string=0 0,len=3
12-02 16:58:39.627 D/DeviceStorageMonitor(  736): OoO SMS Memory available. SMS_AVAILABLE_THRESHOLD == 524288
12-02 16:58:39.627 I/DeviceStorageMonitor(  736): Posting Message again
12-02 16:59:23.764 D/lights  (  736): set_color_led color=13158400, mode=0, off_min=0, off_sec=0
12-02 16:59:23.764 D/lights  (  736): [LedInfo] without indicator attribute, red:c80000, green:c800, blue:0
12-02 16:59:23.764 D/lights  (  736): [LedInfo] write attr ok name=/sys/class/leds/amber/brightness string=0,len=1
12-02 16:59:23.764 D/lights  (  736): [LedInfo] write attr ok name=/sys/class/leds/amber/blink string=0,len=1
12-02 16:59:23.764 D/lights  (  736): [LedInfo] write attr ok name=/sys/class/leds/amber/off_timer string=0 0,len=3
12-02 16:59:23.764 D/lights  (  736): [LedInfo] write attr ok name=/sys/class/leds/green/brightness string=0,len=1
12-02 16:59:23.764 D/lights  (  736): [LedInfo] write attr ok name=/sys/class/leds/green/blink string=0,len=1
12-02 16:59:23.764 D/lights  (  736): [LedInfo] write attr ok name=/sys/class/leds/green/off_timer string=0 0,len=3
12-02 16:59:25.606 I/ViewRootImpl( 8807): attrs.mwResizeMode = 1
12-02 16:59:28.118 I/ViewRootImpl( 8807): finish input none-keyecode
12-02 16:59:28.178 I/ViewRootImpl( 8807): finish input none-keyecode
12-02 16:59:28.178 I/ViewRootImpl( 8807): finish input none-keyecode
12-02 16:59:28.349 I/ViewRootImpl( 8807): attrs.mwResizeMode = 1
12-02 16:59:31.862 I/ViewRootImpl( 8807): finish input keyecode = 4
12-02 16:59:31.912 I/ViewRootImpl( 8807): finish input keyecode = 4
12-02 16:59:32.083 I/ViewRootImpl( 8807): finish input keyecode = 4
12-02 16:59:32.443 I/ViewRootImpl( 8807): finish input keyecode = 4
12-02 16:59:39.621 D/DeviceStorageMonitor(  736): OoO SMS Memory available. SMS_AVAILABLE_THRESHOLD == 524288
12-02 16:59:39.621 I/DeviceStorageMonitor(  736): Posting Message again
12-02 16:59:41.533 D/inputms (  736): Input devices changed listener for pid 5921 died. 1707650408
12-02 17:00:39.635 D/DeviceStorageMonitor(  736): OoO SMS Memory available. SMS_AVAILABLE_THRESHOLD == 524288
12-02 17:00:39.635 I/DeviceStorageMonitor(  736): Posting Message again
12-02 17:01:14.101 D/lights  (  736): set_light_buttons_func: on=0 brightness=0
12-02 17:01:15.002 D/lights  (  736): set_light_buttons_func: on=16777215 brightness=255
12-02 17:01:30.359 D/lights  (  736): set_light_buttons_func: on=0 brightness=0
12-02 17:01:31.370 D/lights  (  736): set_light_buttons_func: on=16777215 brightness=255
12-02 17:01:39.629 D/DeviceStorageMonitor(  736): OoO SMS Memory available. SMS_AVAILABLE_THRESHOLD == 524288
12-02 17:01:39.629 I/DeviceStorageMonitor(  736): Posting Message again
12-02 17:01:39.679 I/ViewRootImpl( 9927): attrs.mwResizeMode = 1
12-02 17:01:40.400 I/ViewRootImpl( 9927): attrs.mwResizeMode = 0
12-02 17:01:40.450 I/ViewRootImpl( 9927): attrs.mwResizeMode = 1
12-02 17:01:41.401 D/inputms (  736): Input devices changed listener for pid 8807 died. 1673194856
12-02 17:01:42.622 D/inputms (  736): Input devices changed listener for pid 20517 died. 1658858856
12-02 17:01:43.643 I/ViewRootImpl( 9927): finish input none-keyecode
12-02 17:01:43.703 I/ViewRootImpl( 9927): finish input none-keyecode
12-02 17:01:43.703 I/ViewRootImpl( 9927): finish input none-keyecode
12-02 17:01:43.783 I/ViewRootImpl( 9927): attrs.mwResizeMode = 1
12-02 17:01:45.375 I/ViewRootImpl( 9927): finish input none-keyecode
12-02 17:01:45.455 I/ViewRootImpl( 9927): finish input none-keyecode
12-02 17:01:45.465 I/ViewRootImpl( 9927): finish input none-keyecode
12-02 17:01:45.475 I/ViewRootImpl( 9927): finish input none-keyecode
12-02 17:01:45.475 I/ViewRootImpl( 9927): finish input none-keyecode
12-02 17:01:45.535 I/ViewRootImpl( 9927): attrs.mwResizeMode = 1
12-02 17:01:47.427 I/ViewRootImpl( 9927): finish input none-keyecode
12-02 17:01:47.517 I/ViewRootImpl( 9927): finish input none-keyecode
12-02 17:01:47.537 I/ViewRootImpl( 9927): finish input none-keyecode
12-02 17:01:47.537 I/ViewRootImpl( 9927): finish input none-keyecode
12-02 17:01:49.049 I/ViewRootImpl( 9927): finish input none-keyecode
12-02 17:01:49.109 I/ViewRootImpl( 9927): finish input none-keyecode
12-02 17:01:49.119 I/ViewRootImpl( 9927): finish input none-keyecode
12-02 17:01:49.139 I/ViewRootImpl( 9927): finish input none-keyecode
12-02 17:02:39.633 D/DeviceStorageMonitor(  736): OoO SMS Memory available. SMS_AVAILABLE_THRESHOLD == 524288
12-02 17:02:39.633 I/DeviceStorageMonitor(  736): Posting Message again
12-02 17:03:00.976 I/ViewRootImpl( 9927): finish input keyecode = 67
12-02 17:03:00.976 I/ViewRootImpl( 9927): finish input keyecode = 67
12-02 17:03:01.166 I/ViewRootImpl( 9927): finish input keyecode = 67
12-02 17:03:01.166 I/ViewRootImpl( 9927): finish input keyecode = 67
12-02 17:03:01.346 I/ViewRootImpl( 9927): finish input keyecode = 67
12-02 17:03:01.346 I/ViewRootImpl( 9927): finish input keyecode = 67
12-02 17:03:01.516 I/ViewRootImpl( 9927): finish input keyecode = 67
12-02 17:03:01.516 I/ViewRootImpl( 9927): finish input keyecode = 67
12-02 17:03:01.856 I/ViewRootImpl( 9927): finish input keyecode = 67
12-02 17:03:01.856 I/ViewRootImpl( 9927): finish input keyecode = 67
12-02 17:03:39.096 I/ViewRootImpl( 9927): finish input none-keyecode
12-02 17:03:39.156 I/ViewRootImpl( 9927): finish input none-keyecode
12-02 17:03:39.156 I/ViewRootImpl( 9927): finish input none-keyecode
12-02 17:03:39.647 D/DeviceStorageMonitor(  736): OoO SMS Memory available. SMS_AVAILABLE_THRESHOLD == 524288
12-02 17:03:39.647 I/DeviceStorageMonitor(  736): Posting Message again
12-02 17:03:40.097 I/ViewRootImpl( 9927): finish input none-keyecode
12-02 17:03:40.147 I/ViewRootImpl( 9927): finish input none-keyecode
12-02 17:03:40.157 I/ViewRootImpl( 9927): finish input none-keyecode
12-02 17:03:41.469 I/ViewRootImpl( 9927): finish input none-keyecode
12-02 17:03:41.559 I/ViewRootImpl( 9927): finish input none-keyecode
12-02 17:03:41.569 I/ViewRootImpl( 9927): finish input none-keyecode
12-02 17:03:41.569 I/ViewRootImpl( 9927): finish input none-keyecode
12-02 17:03:42.940 I/ViewRootImpl( 9927): finish input none-keyecode
12-02 17:03:42.960 I/ViewRootImpl( 9927): finish input none-keyecode
12-02 17:03:43.020 I/ViewRootImpl( 9927): finish input none-keyecode
12-02 17:03:43.030 I/ViewRootImpl( 9927): finish input none-keyecode
12-02 17:03:43.050 I/ViewRootImpl( 9927): finish input none-keyecode
12-02 17:03:43.070 I/ViewRootImpl( 9927): finish input none-keyecode
12-02 17:03:43.080 I/ViewRootImpl( 9927): finish input none-keyecode
12-02 17:03:43.100 I/ViewRootImpl( 9927): finish input none-keyecode
12-02 17:03:43.120 I/ViewRootImpl( 9927): finish input none-keyecode
12-02 17:03:43.120 I/ViewRootImpl( 9927): finish input none-keyecode
12-02 17:04:14.424 I/ViewRootImpl( 9927): finish input keyecode = 67
12-02 17:04:14.424 I/ViewRootImpl( 9927): finish input keyecode = 67
12-02 17:04:14.734 I/ViewRootImpl( 9927): finish input keyecode = 67
12-02 17:04:14.734 I/ViewRootImpl( 9927): finish input keyecode = 67
12-02 17:04:15.615 I/ViewRootImpl( 9927): finish input keyecode = 67
12-02 17:04:15.625 I/ViewRootImpl( 9927): finish input keyecode = 67
12-02 17:04:15.785 I/ViewRootImpl( 9927): finish input keyecode = 67
12-02 17:04:15.785 I/ViewRootImpl( 9927): finish input keyecode = 67
12-02 17:04:15.946 I/ViewRootImpl( 9927): finish input keyecode = 67
12-02 17:04:15.946 I/ViewRootImpl( 9927): finish input keyecode = 67
12-02 17:04:30.321 I/ViewRootImpl( 9927): finish input none-keyecode
12-02 17:04:30.391 I/ViewRootImpl( 9927): finish input none-keyecode
12-02 17:04:30.411 I/ViewRootImpl( 9927): finish input none-keyecode
12-02 17:04:30.421 I/ViewRootImpl( 9927): finish input none-keyecode
12-02 17:04:30.421 I/ViewRootImpl( 9927): finish input none-keyecode
12-02 17:04:30.471 I/ViewRootImpl( 9927): attrs.mwResizeMode = 0
12-02 17:04:31.622 I/ViewRootImpl( 9927): finish input none-keyecode
12-02 17:04:31.622 I/ViewRootImpl( 9927): finish input none-keyecode
12-02 17:04:31.622 I/ViewRootImpl( 9927): finish input none-keyecode
12-02 17:04:31.632 I/ViewRootImpl( 9927): finish input none-keyecode
12-02 17:04:31.672 I/ViewRootImpl( 9927): finish input none-keyecode
12-02 17:04:31.702 I/ViewRootImpl( 9927): attrs.mwResizeMode = 0
12-02 17:04:35.847 I/ViewRootImpl( 9927): finish input none-keyecode
12-02 17:04:35.887 I/ViewRootImpl( 9927): finish input none-keyecode
12-02 17:04:35.907 I/ViewRootImpl( 9927): finish input none-keyecode
12-02 17:04:35.927 I/ViewRootImpl( 9927): finish input none-keyecode
12-02 17:04:35.947 I/ViewRootImpl( 9927): finish input none-keyecode
12-02 17:04:35.957 I/ViewRootImpl( 9927): finish input none-keyecode
12-02 17:04:35.977 I/ViewRootImpl( 9927): finish input none-keyecode
12-02 17:04:35.997 I/ViewRootImpl( 9927): finish input none-keyecode
12-02 17:04:36.007 I/ViewRootImpl( 9927): finish input none-keyecode
12-02 17:04:36.027 I/ViewRootImpl( 9927): finish input none-keyecode
12-02 17:04:36.037 I/ViewRootImpl( 9927): finish input none-keyecode
12-02 17:04:36.057 I/ViewRootImpl( 9927): finish input none-keyecode
12-02 17:04:36.077 I/ViewRootImpl( 9927): finish input none-keyecode
12-02 17:04:36.087 I/ViewRootImpl( 9927): finish input none-keyecode
12-02 17:04:36.107 I/ViewRootImpl( 9927): finish input none-keyecode
12-02 17:04:36.117 I/ViewRootImpl( 9927): finish input none-keyecode
12-02 17:04:36.117 I/ViewRootImpl( 9927): finish input none-keyecode
12-02 17:04:37.128 I/ViewRootImpl( 9927): finish input none-keyecode
12-02 17:04:37.208 I/ViewRootImpl( 9927): finish input none-keyecode
12-02 17:04:37.218 I/ViewRootImpl( 9927): finish input none-keyecode
12-02 17:04:37.228 I/ViewRootImpl( 9927): finish input none-keyecode
12-02 17:04:38.680 I/ViewRootImpl( 9927): finish input none-keyecode
12-02 17:04:38.730 I/ViewRootImpl( 9927): finish input none-keyecode
12-02 17:04:38.750 I/ViewRootImpl( 9927): attrs.mwResizeMode = 0
12-02 17:04:39.641 D/DeviceStorageMonitor(  736): OoO SMS Memory available. SMS_AVAILABLE_THRESHOLD == 524288
12-02 17:04:39.641 I/DeviceStorageMonitor(  736): Posting Message again
12-02 17:04:39.741 I/ViewRootImpl( 9927): finish input none-keyecode
12-02 17:04:39.801 I/ViewRootImpl( 9927): finish input none-keyecode
12-02 17:04:39.801 I/ViewRootImpl( 9927): finish input none-keyecode
12-02 17:04:39.831 I/ViewRootImpl( 9927): attrs.mwResizeMode = 0
12-02 17:04:41.002 I/ViewRootImpl( 9927): finish input none-keyecode
12-02 17:04:41.072 I/ViewRootImpl( 9927): finish input none-keyecode
12-02 17:04:42.003 I/ViewRootImpl( 9927): finish input none-keyecode
12-02 17:04:42.013 I/ViewRootImpl( 9927): finish input none-keyecode
12-02 17:04:44.306 D/lights  (  736): set_light_buttons_func: on=0 brightness=0
12-02 17:05:19.293 D/lights  (  736): set_light_buttons_func: on=16777215 brightness=255
12-02 17:05:33.108 W/        (12173): netstack: LIB_MGR - Error loading lib libsocketpoolextend.so
12-02 17:05:33.108 I/SockPoolExtend(12173): Using default ClientSocketPoolExtend
12-02 17:05:33.108 D/        (12173): dl error message Cannot load library: load_library[1098]: Library 'libtcpfinaggr.so' not found
12-02 17:05:33.108 D/Socket_Pool(12173): Failed to create TCP Fin Aggregation interface.
12-02 17:05:33.108 D/Socket_Pool(12173): netstack: CloseUnusedSockets is ON
12-02 17:05:33.108 D/Socket_Pool(12173): netstack: system net.statistics value: 0
12-02 17:05:33.108 D/Socket_Pool(12173): Failed to create TCP Fin Aggregation interface.
12-02 17:05:33.108 D/Socket_Pool(12173): netstack: CloseUnusedSockets is ON
12-02 17:05:33.108 D/Socket_Pool(12173): netstack: system net.statistics value: 0
12-02 17:05:33.118 D/        (12173): common/external/chromium/net/http/http_getzip_factory.cc: Failed to construct GETzip manager, didn't find the library!
12-02 17:05:33.138 D/HostStatisticManager(12173): netstack: DNS Host Prioritization is: ON, Version: 5.0.1
12-02 17:05:33.138 I/        (12173): netstack: LIB_MGR - Lib loaded: libdnshostprio.so
12-02 17:05:33.138 I/        (12173): netstack: STAT_HUB - Succeeded to load plugin: libdnshostprio.so
12-02 17:05:33.138 W/        (12173): netstack: LIB_MGR - Error loading lib spl_proc_plugin.so
12-02 17:05:33.138 W/        (12173): netstack: STAT_HUB - Failed to load plugin: spl_proc_plugin.so
12-02 17:05:33.388 I/        (12173): netstack: LIB_MGR - Lib loaded: pp_proc_plugin.so
12-02 17:05:33.388 I/        (12173): netstack: STAT_HUB - Succeeded to load plugin: pp_proc_plugin.so
12-02 17:05:33.388 W/        (12173): netstack:  STAT_HUB - App newsplugin isn't supported
12-02 17:05:33.398 D/        (12173): netstack: Early Connections is: ON, Version: 5.0.1, Param: 3
12-02 17:05:36.842 W/ThrottleService( 1205): unable to find stats for iface rmnet0
12-02 17:05:39.645 D/DeviceStorageMonitor(  736): OoO SMS Memory available. SMS_AVAILABLE_THRESHOLD == 524288
12-02 17:05:39.645 I/DeviceStorageMonitor(  736): Posting Message again
12-02 17:06:04.722 D/lights  (  736): set_light_buttons_func: on=0 brightness=0
12-02 17:06:11.839 D/VoldCmdListener(  232): asec list
12-02 17:06:33.622 D/lights  (  736): set_light_buttons_func: on=16777215 brightness=255
12-02 17:06:39.639 D/DeviceStorageMonitor(  736): OoO SMS Memory available. SMS_AVAILABLE_THRESHOLD == 524288
12-02 17:06:39.639 I/DeviceStorageMonitor(  736): Posting Message again
12-02 17:06:48.739 D/lights  (  736): set_light_buttons_func: on=0 brightness=0
12-02 17:06:51.021 D/lights  (  736): set_light_buttons_func: on=16777215 brightness=255
12-02 17:07:09.260 D/lights  (  736): set_light_buttons_func: on=0 brightness=0
12-02 17:07:11.733 W/        (13168): netstack: LIB_MGR - Error loading lib libsocketpoolextend.so
12-02 17:07:11.733 I/SockPoolExtend(13168): Using default ClientSocketPoolExtend
12-02 17:07:11.733 D/        (13168): dl error message Cannot load library: load_library[1098]: Library 'libtcpfinaggr.so' not found
12-02 17:07:11.733 D/Socket_Pool(13168): Failed to create TCP Fin Aggregation interface.
12-02 17:07:11.733 D/Socket_Pool(13168): netstack: CloseUnusedSockets is ON
12-02 17:07:11.733 D/Socket_Pool(13168): netstack: system net.statistics value: 0
12-02 17:07:11.733 D/Socket_Pool(13168): Failed to create TCP Fin Aggregation interface.
12-02 17:07:11.733 D/Socket_Pool(13168): netstack: CloseUnusedSockets is ON
12-02 17:07:11.733 D/Socket_Pool(13168): netstack: system net.statistics value: 0
12-02 17:07:11.743 D/        (13168): common/external/chromium/net/http/http_getzip_factory.cc: Failed to construct GETzip manager, didn't find the library!
12-02 17:07:11.763 D/HostStatisticManager(13168): netstack: DNS Host Prioritization is: ON, Version: 5.0.1
12-02 17:07:11.763 I/        (13168): netstack: LIB_MGR - Lib loaded: libdnshostprio.so
12-02 17:07:11.763 I/        (13168): netstack: STAT_HUB - Succeeded to load plugin: libdnshostprio.so
12-02 17:07:11.763 W/        (13168): netstack: LIB_MGR - Error loading lib spl_proc_plugin.so
12-02 17:07:11.763 W/        (13168): netstack: STAT_HUB - Failed to load plugin: spl_proc_plugin.so
12-02 17:07:12.003 I/        (13168): netstack: LIB_MGR - Lib loaded: pp_proc_plugin.so
12-02 17:07:12.003 I/        (13168): netstack: STAT_HUB - Succeeded to load plugin: pp_proc_plugin.so
12-02 17:07:12.003 W/        (13168): netstack:  STAT_HUB - App ReportAgent:receiverprocess isn't supported
12-02 17:07:12.003 D/        (13168): netstack: Early Connections is: ON, Version: 5.0.1, Param: 3
12-02 17:07:39.653 D/DeviceStorageMonitor(  736): OoO SMS Memory available. SMS_AVAILABLE_THRESHOLD == 524288
12-02 17:07:39.653 I/DeviceStorageMonitor(  736): Posting Message again
12-02 17:07:52.570 D/lights  (  736): set_light_buttons_func: on=0 brightness=0
12-02 17:08:07.245 D/lights  (  736): set_light_buttons_func: on=0 brightness=0
12-02 17:08:15.063 D/lights  (  736): set_light_buttons_func: on=0 brightness=0
12-02 17:08:20.359 D/lights  (  736): set_light_buttons_func: on=0 brightness=0
12-02 17:08:53.592 D/lights  (  736): set_light_buttons_func: on=0 brightness=0
12-02 17:09:00.599 D/DeviceStorageMonitor(  736): OoO SMS Memory available. SMS_AVAILABLE_THRESHOLD == 524288
12-02 17:09:00.599 I/DeviceStorageMonitor(  736): Posting Message again
12-02 17:09:17.697 D/lights  (  736): set_light_buttons_func: on=16777215 brightness=255
12-02 17:09:31.042 D/lights  (  736): set_light_buttons_func: on=0 brightness=0
12-02 17:10:00.603 D/DeviceStorageMonitor(  736): OoO SMS Memory available. SMS_AVAILABLE_THRESHOLD == 524288
12-02 17:10:00.603 I/DeviceStorageMonitor(  736): Posting Message again
12-02 17:11:06.440 D/lights  (  736): set_light_buttons_func: on=16777215 brightness=255
12-02 17:11:46.102 D/lights  (  736): set_light_buttons_func: on=0 brightness=0
12-02 17:12:37.270 D/DeviceStorageMonitor(  736): OoO SMS Memory available. SMS_AVAILABLE_THRESHOLD == 524288
12-02 17:12:37.270 I/DeviceStorageMonitor(  736): Posting Message again
12-02 17:14:38.670 D/lights  (  736): set_light_buttons_func: on=16777215 brightness=255
12-02 17:14:43.395 D/lights  (  736): set_light_buttons_func: on=0 brightness=0
12-02 17:14:43.875 D/lights  (  736): set_light_buttons_func: on=16777215 brightness=255
12-02 17:14:50.372 D/lights  (  736): set_light_buttons_func: on=0 brightness=0
12-02 17:14:50.873 D/lights  (  736): set_light_buttons_func: on=16777215 brightness=255
12-02 17:14:55.708 D/lights  (  736): set_light_buttons_func: on=0 brightness=0
12-02 17:14:55.968 D/DeviceStorageMonitor(  736): OoO SMS Memory available. SMS_AVAILABLE_THRESHOLD == 524288
12-02 17:14:55.968 I/DeviceStorageMonitor(  736): Posting Message again
12-02 17:14:56.188 D/lights  (  736): set_light_buttons_func: on=16777215 brightness=255
12-02 17:14:56.218 D/lights  (  736): set_light_buttons_func: on=0 brightness=0
12-02 17:14:56.729 D/lights  (  736): set_light_buttons_func: on=16777215 brightness=255
12-02 17:15:19.163 D/lights  (  736): set_light_buttons_func: on=0 brightness=0
12-02 17:15:21.565 D/lights  (  736): set_light_buttons_func: on=16777215 brightness=255
12-02 17:15:23.247 D/lights  (  736): set_light_buttons_func: on=0 brightness=0
12-02 17:15:36.901 D/lights  (  736): set_light_buttons_func: on=16777215 brightness=255
12-02 17:15:37.261 W/ThrottleService( 1205): unable to find stats for iface rmnet0
12-02 17:15:56.292 D/DeviceStorageMonitor(  736): OoO SMS Memory available. SMS_AVAILABLE_THRESHOLD == 524288
12-02 17:15:56.292 I/DeviceStorageMonitor(  736): Posting Message again
12-02 17:15:56.972 D/lights  (  736): set_light_buttons_func: on=0 brightness=0
12-02 17:16:39.500 D/lights  (  736): set_light_buttons_func: on=16777215 brightness=255
12-02 17:16:54.555 D/lights  (  736): set_light_buttons_func: on=0 brightness=0
12-02 17:16:56.588 D/lights  (  736): set_light_buttons_func: on=0 brightness=0
12-02 17:22:14.110 D/DeviceStorageMonitor(  736): OoO SMS Memory available. SMS_AVAILABLE_THRESHOLD == 524288
12-02 17:22:14.120 I/DeviceStorageMonitor(  736): Posting Message again
12-02 17:22:17.484 D/lights  (  736): set_light_buttons_func: on=16777215 brightness=255
12-02 17:23:13.403 I/ViewRootImpl(16512): attrs.mwResizeMode = 0
12-02 17:23:14.054 I/ViewRootImpl(16512): attrs.mwResizeMode = 1
12-02 17:23:14.114 D/DeviceStorageMonitor(  736): OoO SMS Memory available. SMS_AVAILABLE_THRESHOLD == 524288
12-02 17:23:14.114 I/DeviceStorageMonitor(  736): Posting Message again
12-02 17:23:14.855 D/Vold    (  232): Receive camera burst event
12-02 17:23:14.915 D/Vold    (  232): Receive camera burst event
12-02 17:23:16.427 D/inputms (  736): Input devices changed listener for pid 9927 died. 1405381992
12-02 17:23:16.527 D/HostStatisticManager(16512): netstack: DNS Host Prioritization is: ON, Version: 5.0.1
12-02 17:23:16.527 I/        (16512): netstack: LIB_MGR - Lib loaded: libdnshostprio.so
12-02 17:23:16.527 I/        (16512): netstack: STAT_HUB - Succeeded to load plugin: libdnshostprio.so
12-02 17:23:16.527 W/        (16512): netstack: LIB_MGR - Error loading lib spl_proc_plugin.so
12-02 17:23:16.527 W/        (16512): netstack: STAT_HUB - Failed to load plugin: spl_proc_plugin.so
12-02 17:23:16.527 I/        (16512): netstack: LIB_MGR - Lib loaded: pp_proc_plugin.so
12-02 17:23:16.527 I/        (16512): netstack: STAT_HUB - Succeeded to load plugin: pp_proc_plugin.so
12-02 17:23:16.537 W/        (16512): netstack:  STAT_HUB - App kr.sira.compass isn't supported
12-02 17:23:16.537 W/        (16512): netstack: LIB_MGR - Error loading lib libsocketpoolextend.so
12-02 17:23:16.537 I/SockPoolExtend(16512): Using default ClientSocketPoolExtend
12-02 17:23:16.547 D/        (16512): dl error message Cannot load library: load_library[1098]: Library 'libtcpfinaggr.so' not found
12-02 17:23:16.547 D/Socket_Pool(16512): Failed to create TCP Fin Aggregation interface.
12-02 17:23:16.547 D/Socket_Pool(16512): netstack: CloseUnusedSockets is ON
12-02 17:23:16.547 D/Socket_Pool(16512): netstack: system net.statistics value: 0
12-02 17:23:16.547 D/Socket_Pool(16512): Failed to create TCP Fin Aggregation interface.
12-02 17:23:16.547 D/Socket_Pool(16512): netstack: CloseUnusedSockets is ON
12-02 17:23:16.547 D/Socket_Pool(16512): netstack: system net.statistics value: 0
12-02 17:23:16.547 D/        (16512): common/external/chromium/net/http/http_getzip_factory.cc: Failed to construct GETzip manager, didn't find the library!
12-02 17:23:16.587 D/        (16512): netstack: Early Connections is: ON, Version: 5.0.1, Param: 3
12-02 17:23:26.407 I/ViewRootImpl(16512): finish input keyecode = 4
12-02 17:23:26.447 I/ViewRootImpl(16512): finish input keyecode = 4
12-02 17:24:03.637 D/lights  (  736): set_light_buttons_func: on=0 brightness=0
12-02 17:24:14.118 D/DeviceStorageMonitor(  736): OoO SMS Memory available. SMS_AVAILABLE_THRESHOLD == 524288
12-02 17:24:14.118 I/DeviceStorageMonitor(  736): Posting Message again
12-02 17:24:19.194 D/lights  (  736): set_light_buttons_func: on=0 brightness=0
12-02 17:27:21.260 W/ThrottleService( 1205): unable to find stats for iface rmnet0
12-02 17:29:00.616 D/DeviceStorageMonitor(  736): OoO SMS Memory available. SMS_AVAILABLE_THRESHOLD == 524288
12-02 17:29:00.616 I/DeviceStorageMonitor(  736): Posting Message again
12-02 17:32:48.236 D/lights  (  736): set_light_buttons_func: on=16777215 brightness=255
12-02 17:32:56.645 D/DeviceStorageMonitor(  736): OoO SMS Memory available. SMS_AVAILABLE_THRESHOLD == 524288
12-02 17:32:56.645 I/DeviceStorageMonitor(  736): Posting Message again
12-02 17:33:49.962 I/ViewRootImpl(18343): attrs.mwResizeMode = 1
12-02 17:33:51.624 I/ViewRootImpl(18343): finish input none-keyecode
12-02 17:33:51.664 I/ViewRootImpl(18343): finish input none-keyecode
12-02 17:33:51.814 I/ViewRootImpl(18343): attrs.mwResizeMode = 1
12-02 17:33:55.858 I/ViewRootImpl(18343): finish input none-keyecode
12-02 17:33:55.908 I/ViewRootImpl(18343): finish input none-keyecode
12-02 17:33:56.089 I/ViewRootImpl(18343): finish input none-keyecode
12-02 17:33:56.129 I/ViewRootImpl(18343): finish input none-keyecode
12-02 17:33:56.129 I/ViewRootImpl(18343): finish input none-keyecode
12-02 17:33:56.639 D/DeviceStorageMonitor(  736): OoO SMS Memory available. SMS_AVAILABLE_THRESHOLD == 524288
12-02 17:33:56.639 I/DeviceStorageMonitor(  736): Posting Message again
12-02 17:34:01.054 I/ViewRootImpl(18343): finish input none-keyecode
12-02 17:34:01.124 I/ViewRootImpl(18343): finish input none-keyecode
12-02 17:34:01.134 I/ViewRootImpl(18343): finish input none-keyecode
12-02 17:34:01.154 I/ViewRootImpl(18343): finish input none-keyecode
12-02 17:34:01.164 I/ViewRootImpl(18343): finish input none-keyecode
12-02 17:34:01.164 I/ViewRootImpl(18343): finish input none-keyecode
12-02 17:34:01.354 I/ViewRootImpl(18343): attrs.mwResizeMode = 1
12-02 17:34:04.277 D/HostStatisticManager(18343): netstack: DNS Host Prioritization is: ON, Version: 5.0.1
12-02 17:34:04.277 I/        (18343): netstack: LIB_MGR - Lib loaded: libdnshostprio.so
12-02 17:34:04.277 I/        (18343): netstack: STAT_HUB - Succeeded to load plugin: libdnshostprio.so
12-02 17:34:04.277 W/        (18343): netstack: LIB_MGR - Error loading lib spl_proc_plugin.so
12-02 17:34:04.277 W/        (18343): netstack: STAT_HUB - Failed to load plugin: spl_proc_plugin.so
12-02 17:34:04.277 I/        (18343): netstack: LIB_MGR - Lib loaded: pp_proc_plugin.so
12-02 17:34:04.277 I/        (18343): netstack: STAT_HUB - Succeeded to load plugin: pp_proc_plugin.so
12-02 17:34:04.277 W/        (18343): netstack:  STAT_HUB - App com.mitake.easy isn't supported
12-02 17:34:04.277 W/        (18343): netstack: LIB_MGR - Error loading lib libsocketpoolextend.so
12-02 17:34:04.277 I/SockPoolExtend(18343): Using default ClientSocketPoolExtend
12-02 17:34:04.277 D/        (18343): dl error message Cannot load library: load_library[1098]: Library 'libtcpfinaggr.so' not found
12-02 17:34:04.277 D/Socket_Pool(18343): Failed to create TCP Fin Aggregation interface.
12-02 17:34:04.277 D/Socket_Pool(18343): netstack: CloseUnusedSockets is ON
12-02 17:34:04.277 D/Socket_Pool(18343): netstack: system net.statistics value: 0
12-02 17:34:04.277 D/Socket_Pool(18343): Failed to create TCP Fin Aggregation interface.
12-02 17:34:04.277 D/Socket_Pool(18343): netstack: CloseUnusedSockets is ON
12-02 17:34:04.277 D/Socket_Pool(18343): netstack: system net.statistics value: 0
12-02 17:34:04.287 D/        (18343): common/external/chromium/net/http/http_getzip_factory.cc: Failed to construct GETzip manager, didn't find the library!
12-02 17:34:47.534 I/ViewRootImpl(18343): finish input keyecode = 4
12-02 17:34:47.594 I/ViewRootImpl(18343): finish input keyecode = 4
12-02 17:34:47.654 I/ViewRootImpl(18343): finish input keyecode = 4
12-02 17:34:47.734 I/ViewRootImpl(18343): finish input keyecode = 4
12-02 17:34:49.526 I/ViewRootImpl(18343): finish input none-keyecode
12-02 17:34:49.576 I/ViewRootImpl(18343): finish input none-keyecode
12-02 17:34:49.846 I/ViewRootImpl(18343): finish input none-keyecode
12-02 17:34:49.846 I/ViewRootImpl(18343): finish input none-keyecode
12-02 17:34:49.846 I/ViewRootImpl(18343): finish input none-keyecode
12-02 17:34:54.151 I/ViewRootImpl(18343): finish input none-keyecode
12-02 17:34:54.221 I/ViewRootImpl(18343): finish input none-keyecode
12-02 17:34:54.241 I/ViewRootImpl(18343): finish input none-keyecode
12-02 17:34:54.261 I/ViewRootImpl(18343): finish input none-keyecode
12-02 17:34:54.271 I/ViewRootImpl(18343): finish input none-keyecode
12-02 17:34:54.271 I/ViewRootImpl(18343): finish input none-keyecode
12-02 17:34:54.421 I/ViewRootImpl(18343): attrs.mwResizeMode = 1
12-02 17:34:56.653 D/DeviceStorageMonitor(  736): OoO SMS Memory available. SMS_AVAILABLE_THRESHOLD == 524288
12-02 17:34:56.653 I/DeviceStorageMonitor(  736): Posting Message again
12-02 17:35:17.015 I/ViewRootImpl(18343): finish input keyecode = 4
12-02 17:35:17.025 I/ViewRootImpl(18343): finish input keyecode = 4
12-02 17:35:17.105 I/ViewRootImpl(18343): finish input keyecode = 4
12-02 17:35:17.185 I/ViewRootImpl(18343): finish input keyecode = 4
12-02 17:35:17.185 I/ViewRootImpl(18343): finish input keyecode = 4
12-02 17:35:17.225 I/ViewRootImpl(18343): finish input keyecode = 4
12-02 17:35:19.878 I/ViewRootImpl(18343): finish input none-keyecode
12-02 17:35:19.938 I/ViewRootImpl(18343): finish input none-keyecode
12-02 17:35:20.128 I/ViewRootImpl(18343): finish input none-keyecode
12-02 17:35:20.128 I/ViewRootImpl(18343): finish input none-keyecode
12-02 17:35:21.139 I/ViewRootImpl(18343): finish input keyecode = 4
12-02 17:35:21.239 I/ViewRootImpl(18343): finish input keyecode = 4
12-02 17:35:21.290 I/ViewRootImpl(18343): attrs.mwResizeMode = 1
12-02 17:35:22.441 I/ViewRootImpl(18343): finish input keyecode = 4
12-02 17:35:22.561 I/ViewRootImpl(18343): finish input keyecode = 4
12-02 17:35:56.667 D/DeviceStorageMonitor(  736): OoO SMS Memory available. SMS_AVAILABLE_THRESHOLD == 524288
12-02 17:35:56.667 I/DeviceStorageMonitor(  736): Posting Message again
12-02 17:36:23.446 I/ViewRootImpl(19363): attrs.mwResizeMode = 1
12-02 17:36:25.268 I/ViewRootImpl(19363): attrs.mwResizeMode = 0
12-02 17:36:25.268 I/ViewRootImpl(19363): finish input keyecode = 4
12-02 17:36:28.661 I/ViewRootImpl(19363): finish input none-keyecode
12-02 17:36:28.752 I/ViewRootImpl(19363): finish input none-keyecode
12-02 17:36:28.772 I/ViewRootImpl(19363): finish input none-keyecode
12-02 17:36:28.772 I/ViewRootImpl(19363): finish input none-keyecode
12-02 17:36:28.992 D/inputms (  736): Input devices changed listener for pid 16512 died. 1568701800
12-02 17:36:56.671 D/DeviceStorageMonitor(  736): OoO SMS Memory available. SMS_AVAILABLE_THRESHOLD == 524288
12-02 17:36:56.671 I/DeviceStorageMonitor(  736): Posting Message again
12-02 17:37:02.337 I/ViewRootImpl(19456): attrs.mwResizeMode = 1
12-02 17:37:10.296 I/ViewRootImpl(19456): finish input keyecode = 4
12-02 17:37:10.366 I/ViewRootImpl(19456): finish input keyecode = 4
12-02 17:37:21.268 W/ThrottleService( 1205): unable to find stats for iface rmnet0
12-02 17:37:56.685 D/DeviceStorageMonitor(  736): OoO SMS Memory available. SMS_AVAILABLE_THRESHOLD == 524288
12-02 17:37:56.685 I/DeviceStorageMonitor(  736): Posting Message again
12-02 17:38:56.699 D/DeviceStorageMonitor(  736): OoO SMS Memory available. SMS_AVAILABLE_THRESHOLD == 524288
12-02 17:38:56.699 I/DeviceStorageMonitor(  736): Posting Message again
12-02 17:39:56.713 D/DeviceStorageMonitor(  736): OoO SMS Memory available. SMS_AVAILABLE_THRESHOLD == 524288
12-02 17:39:56.713 I/DeviceStorageMonitor(  736): Posting Message again
12-02 17:40:02.980 D/lights  (  736): set_light_buttons_func: on=0 brightness=0
12-02 17:40:08.726 D/lights  (  736): set_light_buttons_func: on=16777215 brightness=255
12-02 17:40:08.856 D/lights  (  736): set_light_buttons_func: on=0 brightness=0
12-02 17:40:27.086 D/lights  (  736): set_light_buttons_func: on=16777215 brightness=255
12-02 17:40:39.699 D/inputms (  736): Input devices changed listener for pid 19456 died. 1570737512
12-02 17:40:56.707 D/DeviceStorageMonitor(  736): OoO SMS Memory available. SMS_AVAILABLE_THRESHOLD == 524288
12-02 17:40:56.707 I/DeviceStorageMonitor(  736): Posting Message again
12-02 17:41:12.755 D/lights  (  736): set_light_buttons_func: on=0 brightness=0
12-02 17:41:36.470 D/lights  (  736): set_light_buttons_func: on=16777215 brightness=255
12-02 17:41:39.453 D/lights  (  736): set_light_buttons_func: on=0 brightness=0
12-02 17:41:39.933 D/lights  (  736): set_light_buttons_func: on=16777215 brightness=255
12-02 17:42:04.539 D/lights  (  736): set_light_buttons_func: on=0 brightness=0
12-02 17:43:27.140 D/DeviceStorageMonitor(  736): OoO SMS Memory available. SMS_AVAILABLE_THRESHOLD == 524288
12-02 17:43:27.150 I/DeviceStorageMonitor(  736): Posting Message again
12-02 17:43:30.674 D/lights  (  736): set_color_led color=13158400, mode=255, off_min=0, off_sec=0
12-02 17:43:30.674 D/lights  (  736): [LedInfo] without indicator attribute, red:c80000, green:c800, blue:0
12-02 17:43:30.674 D/lights  (  736): set_color_led color=65280, mode=2, off_min=500, off_sec=2000
12-02 17:43:30.674 D/lights  (  736): [LedInfo] without indicator attribute, red:0, green:ff00, blue:0
12-02 17:43:30.674 D/lights  (  736): [LedInfo] write attr ok name=/sys/class/leds/amber/brightness string=0,len=1
12-02 17:43:30.674 D/lights  (  736): [LedInfo] write attr ok name=/sys/class/leds/amber/blink string=0,len=1
12-02 17:43:30.674 D/lights  (  736): [LedInfo] write attr ok name=/sys/class/leds/amber/off_timer string=0 0,len=3
12-02 17:43:30.674 D/lights  (  736): [LedInfo] write attr ok name=/sys/class/leds/green/brightness string=1,len=1
12-02 17:43:30.674 D/lights  (  736): [LedInfo] write attr ok name=/sys/class/leds/green/blink string=1,len=1
12-02 17:43:30.674 D/lights  (  736): [LedInfo] write attr ok name=/sys/class/leds/green/off_timer string=0 0,len=3
12-02 17:43:34.978 D/lights  (  736): set_color_led color=13158400, mode=0, off_min=0, off_sec=0
12-02 17:43:34.978 D/lights  (  736): [LedInfo] without indicator attribute, red:c80000, green:c800, blue:0
12-02 17:43:34.978 D/lights  (  736): [LedInfo] write attr ok name=/sys/class/leds/amber/brightness string=0,len=1
12-02 17:43:34.978 D/lights  (  736): [LedInfo] write attr ok name=/sys/class/leds/amber/blink string=0,len=1
12-02 17:43:34.978 D/lights  (  736): [LedInfo] write attr ok name=/sys/class/leds/amber/off_timer string=0 0,len=3
12-02 17:43:34.978 D/lights  (  736): [LedInfo] write attr ok name=/sys/class/leds/green/brightness string=0,len=1
12-02 17:43:34.978 D/lights  (  736): [LedInfo] write attr ok name=/sys/class/leds/green/blink string=0,len=1
12-02 17:43:34.978 D/lights  (  736): [LedInfo] write attr ok name=/sys/class/leds/green/off_timer string=0 0,len=3
12-02 17:48:26.300 W/ThrottleService( 1205): unable to find stats for iface rmnet0
12-02 17:52:44.580 D/lights  (  736): set_light_buttons_func: on=16777215 brightness=255
12-02 17:52:49.024 D/DeviceStorageMonitor(  736): OoO SMS Memory available. SMS_AVAILABLE_THRESHOLD == 524288
12-02 17:52:49.024 I/DeviceStorageMonitor(  736): Posting Message again
12-02 17:53:15.653 D/lights  (  736): set_light_buttons_func: on=0 brightness=0
12-02 17:53:20.638 D/inputms (  736): Input devices changed listener for pid 18343 died. 1673194856
12-02 17:53:49.018 D/DeviceStorageMonitor(  736): OoO SMS Memory available. SMS_AVAILABLE_THRESHOLD == 524288
12-02 17:53:49.018 I/DeviceStorageMonitor(  736): Posting Message again
12-02 17:53:50.650 D/lights  (  736): set_light_buttons_func: on=16777215 brightness=255
12-02 17:54:04.505 D/lights  (  736): set_color_led color=13158400, mode=255, off_min=0, off_sec=0
12-02 17:54:04.505 D/lights  (  736): [LedInfo] without indicator attribute, red:c80000, green:c800, blue:0
12-02 17:54:04.505 D/lights  (  736): set_color_led color=65280, mode=2, off_min=500, off_sec=2000
12-02 17:54:04.505 D/lights  (  736): [LedInfo] without indicator attribute, red:0, green:ff00, blue:0
12-02 17:54:04.505 D/lights  (  736): [LedInfo] write attr ok name=/sys/class/leds/amber/brightness string=0,len=1
12-02 17:54:04.505 D/lights  (  736): [LedInfo] write attr ok name=/sys/class/leds/amber/blink string=0,len=1
12-02 17:54:04.505 D/lights  (  736): [LedInfo] write attr ok name=/sys/class/leds/amber/off_timer string=0 0,len=3
12-02 17:54:04.505 D/lights  (  736): [LedInfo] write attr ok name=/sys/class/leds/green/brightness string=1,len=1
12-02 17:54:04.505 D/lights  (  736): [LedInfo] write attr ok name=/sys/class/leds/green/blink string=1,len=1
12-02 17:54:04.505 D/lights  (  736): [LedInfo] write attr ok name=/sys/class/leds/green/off_timer string=0 0,len=3
12-02 17:54:04.565 D/lights  (  736): set_color_led color=13158400, mode=0, off_min=0, off_sec=0
12-02 17:54:04.565 D/lights  (  736): [LedInfo] without indicator attribute, red:c80000, green:c800, blue:0
12-02 17:54:04.565 D/lights  (  736): [LedInfo] write attr ok name=/sys/class/leds/amber/brightness string=0,len=1
12-02 17:54:04.565 D/lights  (  736): [LedInfo] write attr ok name=/sys/class/leds/amber/blink string=0,len=1
12-02 17:54:04.565 D/lights  (  736): [LedInfo] write attr ok name=/sys/class/leds/amber/off_timer string=0 0,len=3
